[2023-06-23T13:14:55.601+0000][67][info][gc,init] CardTable entry size: 512
[2023-06-23T13:14:55.602+0000][67][info][gc     ] Using G1
[2023-06-23T13:14:55.740+0000][67][info][gc,init] Version: 20.0.1+9-29 (release)
[2023-06-23T13:14:55.741+0000][67][info][gc,init] CPUs: 5 total, 5 available
[2023-06-23T13:14:55.741+0000][67][info][gc,init] Memory: 2048M
[2023-06-23T13:14:55.741+0000][67][info][gc,init] Large Page Support: Disabled
[2023-06-23T13:14:55.742+0000][67][info][gc,init] NUMA Support: Disabled
[2023-06-23T13:14:55.742+0000][67][info][gc,init] Compressed Oops: Enabled (32-bit)
[2023-06-23T13:14:55.743+0000][67][info][gc,init] Heap Region Size: 4M
[2023-06-23T13:14:55.743+0000][67][info][gc,init] Heap Min Capacity: 512M
[2023-06-23T13:14:55.743+0000][67][info][gc,init] Heap Initial Capacity: 512M
[2023-06-23T13:14:55.744+0000][67][info][gc,init] Heap Max Capacity: 1096M
[2023-06-23T13:14:55.744+0000][67][info][gc,init] Pre-touch: Enabled
[2023-06-23T13:14:55.744+0000][67][info][gc,init] Parallel Workers: 5
[2023-06-23T13:14:55.745+0000][67][info][gc,init] Concurrent Workers: 1
[2023-06-23T13:14:55.745+0000][67][info][gc,init] Concurrent Refinement Workers: 5
[2023-06-23T13:14:55.745+0000][67][info][gc,init] Periodic GC: Disabled
[2023-06-23T13:14:55.746+0000][67][info][gc,metaspace] CDS archive(s) mapped at: [0x0000000800000000-0x0000000800c80000-0x0000000800c80000), size 13107200, SharedBaseAddress: 0x0000000800000000, ArchiveRelocationMode: 0.
[2023-06-23T13:14:55.746+0000][67][info][gc,metaspace] Compressed class space mapped at: 0x0000000801000000-0x0000000841000000, reserved size: 1073741824
[2023-06-23T13:14:55.747+0000][67][info][gc,metaspace] Narrow klass base: 0x0000000800000000, Narrow klass shift: 0, Narrow klass range: 0x100000000
[2023-06-23T13:14:55.823+0000][67][info][safepoint   ] Safepoint "ICBufferFull", Time since last: 70689375 ns, Reaching safepoint: 2375 ns, Cleanup: 95792 ns, At safepoint: 7833 ns, Total: 106000 ns
[2023-06-23T13:14:55.894+0000][67][info][gc,start    ] GC(0) Pause Young (Normal) (G1 Evacuation Pause)
[2023-06-23T13:14:55.895+0000][67][info][gc,task     ] GC(0) Using 5 workers of 5 for evacuation
[2023-06-23T13:14:55.895+0000][67][debug][gc,age      ] GC(0) Desired survivor size 2097152 bytes, new threshold 15 (max threshold 15)
[2023-06-23T13:14:55.900+0000][67][info ][gc,phases   ] GC(0)   Pre Evacuate Collection Set: 0.2ms
[2023-06-23T13:14:55.900+0000][67][info ][gc,phases   ] GC(0)   Merge Heap Roots: 0.0ms
[2023-06-23T13:14:55.901+0000][67][info ][gc,phases   ] GC(0)   Evacuate Collection Set: 3.6ms
[2023-06-23T13:14:55.901+0000][67][info ][gc,phases   ] GC(0)   Post Evacuate Collection Set: 0.2ms
[2023-06-23T13:14:55.902+0000][67][info ][gc,phases   ] GC(0)   Other: 1.1ms
[2023-06-23T13:14:55.902+0000][67][trace][gc,age      ] GC(0) Age table with threshold 15 (max threshold 15)
[2023-06-23T13:14:55.902+0000][67][trace][gc,age      ] GC(0) - age   1:    3066296 bytes,    3066296 total
[2023-06-23T13:14:55.903+0000][67][info ][gc,heap     ] GC(0) Eden regions: 6->0(9)
[2023-06-23T13:14:55.903+0000][67][info ][gc,heap     ] GC(0) Survivor regions: 0->1(1)
[2023-06-23T13:14:55.903+0000][67][info ][gc,heap     ] GC(0) Old regions: 0->0
[2023-06-23T13:14:55.904+0000][67][info ][gc,heap     ] GC(0) Archive regions: 2->2
[2023-06-23T13:14:55.904+0000][67][info ][gc,heap     ] GC(0) Humongous regions: 0->0
[2023-06-23T13:14:55.905+0000][67][info ][gc,metaspace] GC(0) Metaspace: 1266K(1408K)->1266K(1408K) NonClass: 1164K(1216K)->1164K(1216K) Class: 102K(192K)->102K(192K)
[2023-06-23T13:14:55.905+0000][67][info ][gc          ] GC(0) Pause Young (Normal) (G1 Evacuation Pause) 28M->7M(520M) 10.780ms
[2023-06-23T13:14:55.905+0000][67][info ][gc,cpu      ] GC(0) User=0.00s Sys=0.00s Real=0.02s
[2023-06-23T13:14:55.906+0000][67][info ][safepoint   ] Safepoint "G1CollectForAllocation", Time since last: 71191000 ns, Reaching safepoint: 131417 ns, Cleanup: 136916 ns, At safepoint: 11503209 ns, Total: 11771542 ns
[2023-06-23T13:14:56.021+0000][67][info ][safepoint   ] Safepoint "ICBufferFull", Time since last: 114821666 ns, Reaching safepoint: 2209 ns, Cleanup: 111000 ns, At safepoint: 5958 ns, Total: 119167 ns
[2023-06-23T13:14:56.155+0000][67][info ][safepoint   ] Safepoint "ICBufferFull", Time since last: 134628125 ns, Reaching safepoint: 74458 ns, Cleanup: 97709 ns, At safepoint: 9666 ns, Total: 181833 ns
[2023-06-23T13:14:56.240+0000][67][info ][safepoint   ] Safepoint "ICBufferFull", Time since last: 84903917 ns, Reaching safepoint: 2333 ns, Cleanup: 111709 ns, At safepoint: 6916 ns, Total: 120958 ns
[2023-06-23T13:14:56.261+0000][67][info ][gc,start    ] GC(1) Pause Young (Normal) (G1 Evacuation Pause)
[2023-06-23T13:14:56.261+0000][67][info ][gc,task     ] GC(1) Using 5 workers of 5 for evacuation
[2023-06-23T13:14:56.262+0000][67][debug][gc,age      ] GC(1) Desired survivor size 4194304 bytes, new threshold 15 (max threshold 15)
[2023-06-23T13:14:56.273+0000][67][info ][gc,phases   ] GC(1)   Pre Evacuate Collection Set: 0.1ms
[2023-06-23T13:14:56.274+0000][67][info ][gc,phases   ] GC(1)   Merge Heap Roots: 0.4ms
[2023-06-23T13:14:56.274+0000][67][info ][gc,phases   ] GC(1)   Evacuate Collection Set: 5.8ms
[2023-06-23T13:14:56.277+0000][67][info ][gc,phases   ] GC(1)   Post Evacuate Collection Set: 0.4ms
[2023-06-23T13:14:56.277+0000][67][info ][gc,phases   ] GC(1)   Other: 5.1ms
[2023-06-23T13:14:56.278+0000][67][trace][gc,age      ] GC(1) Age table with threshold 15 (max threshold 15)
[2023-06-23T13:14:56.279+0000][67][trace][gc,age      ] GC(1) - age   1:    2965752 bytes,    2965752 total
[2023-06-23T13:14:56.280+0000][67][trace][gc,age      ] GC(1) - age   2:    3043008 bytes,    6008760 total
[2023-06-23T13:14:56.280+0000][67][info ][gc,heap     ] GC(1) Eden regions: 9->0(20)
[2023-06-23T13:14:56.281+0000][67][info ][gc,heap     ] GC(1) Survivor regions: 1->2(2)
[2023-06-23T13:14:56.281+0000][67][info ][gc,heap     ] GC(1) Old regions: 0->0
[2023-06-23T13:14:56.281+0000][67][info ][gc,heap     ] GC(1) Archive regions: 2->2
[2023-06-23T13:14:56.282+0000][67][info ][gc,heap     ] GC(1) Humongous regions: 0->0
[2023-06-23T13:14:56.282+0000][67][info ][gc,metaspace] GC(1) Metaspace: 9904K(10240K)->9904K(10240K) NonClass: 8707K(8896K)->8707K(8896K) Class: 1196K(1344K)->1196K(1344K)
[2023-06-23T13:14:56.283+0000][67][info ][gc          ] GC(1) Pause Young (Normal) (G1 Evacuation Pause) 43M->9M(520M) 21.976ms
[2023-06-23T13:14:56.283+0000][67][info ][gc,cpu      ] GC(1) User=0.00s Sys=0.00s Real=0.02s
[2023-06-23T13:14:56.283+0000][67][info ][safepoint   ] Safepoint "G1CollectForAllocation", Time since last: 20117542 ns, Reaching safepoint: 2334 ns, Cleanup: 94375 ns, At safepoint: 22822625 ns, Total: 22919334 ns
[2023-06-23T13:14:56.484+0000][67][info ][safepoint   ] Safepoint "ICBufferFull", Time since last: 200213458 ns, Reaching safepoint: 2542 ns, Cleanup: 130750 ns, At safepoint: 8125 ns, Total: 141417 ns
[2023-06-23T13:14:56.538+0000][67][info ][safepoint   ] Safepoint "ICBufferFull", Time since last: 53930500 ns, Reaching safepoint: 2208 ns, Cleanup: 127083 ns, At safepoint: 2959 ns, Total: 132250 ns
[2023-06-23T13:14:56.697+0000][67][info ][safepoint   ] Safepoint "ICBufferFull", Time since last: 158495166 ns, Reaching safepoint: 2667 ns, Cleanup: 125000 ns, At safepoint: 7250 ns, Total: 134917 ns
[2023-06-23T13:14:56.916+0000][67][info ][safepoint   ] Safepoint "ICBufferFull", Time since last: 218978292 ns, Reaching safepoint: 2916 ns, Cleanup: 121542 ns, At safepoint: 2667 ns, Total: 127125 ns
[2023-06-23T13:14:56.962+0000][67][info ][safepoint   ] Safepoint "ICBufferFull", Time since last: 45920792 ns, Reaching safepoint: 3291 ns, Cleanup: 115834 ns, At safepoint: 7083 ns, Total: 126208 ns
[2023-06-23T13:14:56.967+0000][67][info ][gc,start    ] GC(2) Pause Young (Normal) (G1 Evacuation Pause)
[2023-06-23T13:14:56.968+0000][67][info ][gc,task     ] GC(2) Using 5 workers of 5 for evacuation
[2023-06-23T13:14:56.969+0000][67][debug][gc,age      ] GC(2) Desired survivor size 6291456 bytes, new threshold 15 (max threshold 15)
[2023-06-23T13:14:56.975+0000][67][info ][gc,phases   ] GC(2)   Pre Evacuate Collection Set: 0.1ms
[2023-06-23T13:14:56.976+0000][67][info ][gc,phases   ] GC(2)   Merge Heap Roots: 0.1ms
[2023-06-23T13:14:56.976+0000][67][info ][gc,phases   ] GC(2)   Evacuate Collection Set: 5.2ms
[2023-06-23T13:14:56.977+0000][67][info ][gc,phases   ] GC(2)   Post Evacuate Collection Set: 0.6ms
[2023-06-23T13:14:56.977+0000][67][info ][gc,phases   ] GC(2)   Other: 1.0ms
[2023-06-23T13:14:56.977+0000][67][trace][gc,age      ] GC(2) Age table with threshold 15 (max threshold 15)
[2023-06-23T13:14:56.978+0000][67][trace][gc,age      ] GC(2) - age   1:    4761592 bytes,    4761592 total
[2023-06-23T13:14:56.978+0000][67][trace][gc,age      ] GC(2) - age   2:    2893808 bytes,    7655400 total
[2023-06-23T13:14:56.979+0000][67][trace][gc,age      ] GC(2) - age   3:    3040672 bytes,   10696072 total
[2023-06-23T13:14:56.979+0000][67][info ][gc,heap     ] GC(2) Eden regions: 20->0(27)
[2023-06-23T13:14:56.979+0000][67][info ][gc,heap     ] GC(2) Survivor regions: 2->3(3)
[2023-06-23T13:14:56.979+0000][67][info ][gc,heap     ] GC(2) Old regions: 0->0
[2023-06-23T13:14:56.980+0000][67][info ][gc,heap     ] GC(2) Archive regions: 2->2
[2023-06-23T13:14:56.980+0000][67][info ][gc,heap     ] GC(2) Humongous regions: 0->0
[2023-06-23T13:14:56.980+0000][67][info ][gc,metaspace] GC(2) Metaspace: 15907K(16384K)->15907K(16384K) NonClass: 14083K(14336K)->14083K(14336K) Class: 1824K(2048K)->1824K(2048K)
[2023-06-23T13:14:56.981+0000][67][info ][gc          ] GC(2) Pause Young (Normal) (G1 Evacuation Pause) 89M->14M(520M) 13.382ms
[2023-06-23T13:14:56.981+0000][67][info ][gc,cpu      ] GC(2) User=0.02s Sys=0.00s Real=0.01s
[2023-06-23T13:14:56.982+0000][67][info ][safepoint   ] Safepoint "G1CollectForAllocation", Time since last: 5668625 ns, Reaching safepoint: 3500 ns, Cleanup: 50708 ns, At safepoint: 14102500 ns, Total: 14156708 ns
[2023-06-23T13:14:57.067+0000][67][info ][safepoint   ] Safepoint "ICBufferFull", Time since last: 84977500 ns, Reaching safepoint: 2542 ns, Cleanup: 119167 ns, At safepoint: 4083 ns, Total: 125792 ns
[2023-06-23T13:14:57.150+0000][67][info ][safepoint   ] Safepoint "ICBufferFull", Time since last: 83199792 ns, Reaching safepoint: 3041 ns, Cleanup: 124375 ns, At safepoint: 3042 ns, Total: 130458 ns
[2023-06-23T13:14:57.177+0000][67][info ][gc,start    ] GC(3) Pause Young (Normal) (G1 Evacuation Pause)
[2023-06-23T13:14:57.177+0000][67][info ][gc,task     ] GC(3) Using 5 workers of 5 for evacuation
[2023-06-23T13:14:57.178+0000][67][debug][gc,age      ] GC(3) Desired survivor size 8388608 bytes, new threshold 3 (max threshold 15)
[2023-06-23T13:14:57.190+0000][67][info ][gc,phases   ] GC(3)   Pre Evacuate Collection Set: 0.0ms
[2023-06-23T13:14:57.190+0000][67][info ][gc,phases   ] GC(3)   Merge Heap Roots: 0.0ms
[2023-06-23T13:14:57.191+0000][67][info ][gc,phases   ] GC(3)   Evacuate Collection Set: 10.8ms
[2023-06-23T13:14:57.191+0000][67][info ][gc,phases   ] GC(3)   Post Evacuate Collection Set: 0.5ms
[2023-06-23T13:14:57.192+0000][67][info ][gc,phases   ] GC(3)   Other: 0.9ms
[2023-06-23T13:14:57.192+0000][67][trace][gc,age      ] GC(3) Age table with threshold 3 (max threshold 15)
[2023-06-23T13:14:57.192+0000][67][trace][gc,age      ] GC(3) - age   1:    3341544 bytes,    3341544 total
[2023-06-23T13:14:57.193+0000][67][trace][gc,age      ] GC(3) - age   2:    2315944 bytes,    5657488 total
[2023-06-23T13:14:57.193+0000][67][trace][gc,age      ] GC(3) - age   3:    2872312 bytes,    8529800 total
[2023-06-23T13:14:57.193+0000][67][info ][gc,heap     ] GC(3) Eden regions: 27->0(73)
[2023-06-23T13:14:57.194+0000][67][info ][gc,heap     ] GC(3) Survivor regions: 3->3(4)
[2023-06-23T13:14:57.194+0000][67][info ][gc,heap     ] GC(3) Old regions: 0->1
[2023-06-23T13:14:57.195+0000][67][info ][gc,heap     ] GC(3) Archive regions: 2->2
[2023-06-23T13:14:57.195+0000][67][info ][gc,heap     ] GC(3) Humongous regions: 0->0
[2023-06-23T13:14:57.195+0000][67][info ][gc,metaspace] GC(3) Metaspace: 17878K(18368K)->17878K(18368K) NonClass: 15838K(16128K)->15838K(16128K) Class: 2040K(2240K)->2040K(2240K)
[2023-06-23T13:14:57.196+0000][67][info ][gc          ] GC(3) Pause Young (Normal) (G1 Evacuation Pause) 122M->16M(520M) 19.309ms
[2023-06-23T13:14:57.196+0000][67][info ][gc,cpu      ] GC(3) User=0.03s Sys=0.00s Real=0.02s
[2023-06-23T13:14:57.197+0000][67][info ][safepoint   ] Safepoint "G1CollectForAllocation", Time since last: 26500042 ns, Reaching safepoint: 2958 ns, Cleanup: 60708 ns, At safepoint: 20116209 ns, Total: 20179875 ns
[2023-06-23T13:14:57.270+0000][67][info ][gc,start    ] GC(4) Pause Young (Concurrent Start) (Metadata GC Threshold)
[2023-06-23T13:14:57.271+0000][67][info ][gc,task     ] GC(4) Using 5 workers of 5 for evacuation
[2023-06-23T13:14:57.271+0000][67][debug][gc,age      ] GC(4) Desired survivor size 20971520 bytes, new threshold 15 (max threshold 15)
[2023-06-23T13:14:57.275+0000][67][info ][gc,phases   ] GC(4)   Pre Evacuate Collection Set: 0.1ms
[2023-06-23T13:14:57.275+0000][67][info ][gc,phases   ] GC(4)   Merge Heap Roots: 0.0ms
[2023-06-23T13:14:57.276+0000][67][info ][gc,phases   ] GC(4)   Evacuate Collection Set: 2.6ms
[2023-06-23T13:14:57.276+0000][67][info ][gc,phases   ] GC(4)   Post Evacuate Collection Set: 0.4ms
[2023-06-23T13:14:57.277+0000][67][info ][gc,phases   ] GC(4)   Other: 1.0ms
[2023-06-23T13:14:57.277+0000][67][trace][gc,age      ] GC(4) Age table with threshold 15 (max threshold 15)
[2023-06-23T13:14:57.277+0000][67][trace][gc,age      ] GC(4) - age   1:     994776 bytes,     994776 total
[2023-06-23T13:14:57.278+0000][67][trace][gc,age      ] GC(4) - age   2:    1776208 bytes,    2770984 total
[2023-06-23T13:14:57.278+0000][67][trace][gc,age      ] GC(4) - age   3:    2314840 bytes,    5085824 total
[2023-06-23T13:14:57.278+0000][67][trace][gc,age      ] GC(4) - age   4:    2872152 bytes,    7957976 total
[2023-06-23T13:14:57.279+0000][67][info ][gc,heap     ] GC(4) Eden regions: 6->0(73)
[2023-06-23T13:14:57.279+0000][67][info ][gc,heap     ] GC(4) Survivor regions: 3->3(10)
[2023-06-23T13:14:57.279+0000][67][info ][gc,heap     ] GC(4) Old regions: 1->1
[2023-06-23T13:14:57.280+0000][67][info ][gc,heap     ] GC(4) Archive regions: 2->2
[2023-06-23T13:14:57.280+0000][67][info ][gc,heap     ] GC(4) Humongous regions: 0->0
[2023-06-23T13:14:57.280+0000][67][info ][gc,metaspace] GC(4) Metaspace: 21047K(21504K)->21047K(21504K) NonClass: 18685K(18944K)->18685K(18944K) Class: 2362K(2560K)->2362K(2560K)
[2023-06-23T13:14:57.281+0000][67][info ][gc          ] GC(4) Pause Young (Concurrent Start) (Metadata GC Threshold) 38M->15M(520M) 10.925ms
[2023-06-23T13:14:57.284+0000][67][info ][gc,cpu      ] GC(4) User=0.01s Sys=0.00s Real=0.01s
[2023-06-23T13:14:57.284+0000][67][info ][gc          ] GC(5) Concurrent Mark Cycle
[2023-06-23T13:14:57.284+0000][67][info ][gc,marking  ] GC(5) Concurrent Scan Root Regions
[2023-06-23T13:14:57.284+0000][67][info ][safepoint   ] Safepoint "CollectForMetadataAllocation", Time since last: 73134791 ns, Reaching safepoint: 2792 ns, Cleanup: 84875 ns, At safepoint: 14171583 ns, Total: 14259250 ns
[2023-06-23T13:14:57.288+0000][67][info ][gc,marking  ] GC(5) Concurrent Scan Root Regions 3.297ms
[2023-06-23T13:14:57.288+0000][67][info ][gc,marking  ] GC(5) Concurrent Mark
[2023-06-23T13:14:57.288+0000][67][info ][gc,marking  ] GC(5) Concurrent Mark From Roots
[2023-06-23T13:14:57.289+0000][67][info ][gc,task     ] GC(5) Using 1 workers of 1 for marking
[2023-06-23T13:14:57.291+0000][67][info ][gc,marking  ] GC(5) Concurrent Mark From Roots 2.552ms
[2023-06-23T13:14:57.291+0000][67][info ][gc,marking  ] GC(5) Concurrent Preclean
[2023-06-23T13:14:57.292+0000][67][info ][gc,marking  ] GC(5) Concurrent Preclean 0.347ms
[2023-06-23T13:14:57.292+0000][67][info ][gc,start    ] GC(5) Pause Remark
[2023-06-23T13:14:57.295+0000][67][info ][gc          ] GC(5) Pause Remark 18M->18M(512M) 2.750ms
[2023-06-23T13:14:57.296+0000][67][info ][gc,cpu      ] GC(5) User=0.01s Sys=0.00s Real=0.01s
[2023-06-23T13:14:57.296+0000][67][info ][safepoint   ] Safepoint "G1PauseRemark", Time since last: 8163542 ns, Reaching safepoint: 92833 ns, Cleanup: 65334 ns, At safepoint: 3699375 ns, Total: 3857542 ns
[2023-06-23T13:14:57.297+0000][67][info ][gc,marking  ] GC(5) Concurrent Mark 8.844ms
[2023-06-23T13:14:57.297+0000][67][info ][gc,marking  ] GC(5) Concurrent Rebuild Remembered Sets and Scrub Regions
[2023-06-23T13:14:57.299+0000][67][info ][gc,marking  ] GC(5) Concurrent Rebuild Remembered Sets and Scrub Regions 1.288ms
[2023-06-23T13:14:57.299+0000][67][info ][gc,start    ] GC(5) Pause Cleanup
[2023-06-23T13:14:57.299+0000][67][info ][gc          ] GC(5) Pause Cleanup 18M->18M(512M) 0.339ms
[2023-06-23T13:14:57.300+0000][67][info ][gc,cpu      ] GC(5) User=0.00s Sys=0.00s Real=0.00s
[2023-06-23T13:14:57.300+0000][67][info ][safepoint   ] Safepoint "G1PauseCleanup", Time since last: 2908958 ns, Reaching safepoint: 2875 ns, Cleanup: 59542 ns, At safepoint: 925958 ns, Total: 988375 ns
[2023-06-23T13:14:57.300+0000][67][info ][gc,marking  ] GC(5) Concurrent Clear Claimed Marks
[2023-06-23T13:14:57.301+0000][67][info ][gc,marking  ] GC(5) Concurrent Clear Claimed Marks 0.317ms
[2023-06-23T13:14:57.301+0000][67][info ][gc,marking  ] GC(5) Concurrent Cleanup for Next Mark
[2023-06-23T13:14:57.302+0000][67][info ][gc,marking  ] GC(5) Concurrent Cleanup for Next Mark 0.694ms
[2023-06-23T13:14:57.302+0000][67][info ][gc          ] GC(5) Concurrent Mark Cycle 18.328ms
[2023-06-23T13:14:57.406+0000][67][info ][safepoint   ] Safepoint "ICBufferFull", Time since last: 105744375 ns, Reaching safepoint: 93042 ns, Cleanup: 124416 ns, At safepoint: 11834 ns, Total: 229292 ns
[2023-06-23T13:14:57.589+0000][67][info ][safepoint   ] Safepoint "ICBufferFull", Time since last: 182912416 ns, Reaching safepoint: 98834 ns, Cleanup: 136833 ns, At safepoint: 8250 ns, Total: 243917 ns
[2023-06-23T13:14:57.706+0000][67][info ][safepoint   ] Safepoint "ICBufferFull", Time since last: 116355584 ns, Reaching safepoint: 3208 ns, Cleanup: 185042 ns, At safepoint: 11875 ns, Total: 200125 ns
[2023-06-23T13:14:57.841+0000][67][info ][gc,start    ] GC(6) Pause Young (Prepare Mixed) (G1 Evacuation Pause)
[2023-06-23T13:14:57.842+0000][67][info ][gc,task     ] GC(6) Using 5 workers of 5 for evacuation
[2023-06-23T13:14:57.844+0000][67][debug][gc,age      ] GC(6) Desired survivor size 20971520 bytes, new threshold 15 (max threshold 15)
[2023-06-23T13:14:57.852+0000][67][info ][gc,phases   ] GC(6)   Pre Evacuate Collection Set: 0.1ms
[2023-06-23T13:14:57.853+0000][67][info ][gc,phases   ] GC(6)   Merge Heap Roots: 0.2ms
[2023-06-23T13:14:57.853+0000][67][info ][gc,phases   ] GC(6)   Evacuate Collection Set: 6.1ms
[2023-06-23T13:14:57.854+0000][67][info ][gc,phases   ] GC(6)   Post Evacuate Collection Set: 0.8ms
[2023-06-23T13:14:57.854+0000][67][info ][gc,phases   ] GC(6)   Other: 2.4ms
[2023-06-23T13:14:57.855+0000][67][trace][gc,age      ] GC(6) Age table with threshold 15 (max threshold 15)
[2023-06-23T13:14:57.855+0000][67][trace][gc,age      ] GC(6) - age   1:    7910696 bytes,    7910696 total
[2023-06-23T13:14:57.855+0000][67][trace][gc,age      ] GC(6) - age   2:     974320 bytes,    8885016 total
[2023-06-23T13:14:57.856+0000][67][trace][gc,age      ] GC(6) - age   3:    1772360 bytes,   10657376 total
[2023-06-23T13:14:57.856+0000][67][trace][gc,age      ] GC(6) - age   4:    2310904 bytes,   12968280 total
[2023-06-23T13:14:57.857+0000][67][trace][gc,age      ] GC(6) - age   5:    2871608 bytes,   15839888 total
[2023-06-23T13:14:57.858+0000][67][info ][gc,heap     ] GC(6) Eden regions: 73->0(71)
[2023-06-23T13:14:57.858+0000][67][info ][gc,heap     ] GC(6) Survivor regions: 3->5(10)
[2023-06-23T13:14:57.859+0000][67][info ][gc,heap     ] GC(6) Old regions: 1->1
[2023-06-23T13:14:57.859+0000][67][info ][gc,heap     ] GC(6) Archive regions: 2->2
[2023-06-23T13:14:57.860+0000][67][info ][gc,heap     ] GC(6) Humongous regions: 0->0
[2023-06-23T13:14:57.860+0000][67][info ][gc,metaspace] GC(6) Metaspace: 25597K(26240K)->25597K(26240K) NonClass: 22615K(22976K)->22615K(22976K) Class: 2981K(3264K)->2981K(3264K)
[2023-06-23T13:14:57.861+0000][67][info ][gc          ] GC(6) Pause Young (Prepare Mixed) (G1 Evacuation Pause) 307M->24M(512M) 19.495ms
[2023-06-23T13:14:57.862+0000][67][info ][gc,cpu      ] GC(6) User=0.02s Sys=0.00s Real=0.02s
[2023-06-23T13:14:57.862+0000][67][info ][safepoint   ] Safepoint "G1CollectForAllocation", Time since last: 135371250 ns, Reaching safepoint: 3875 ns, Cleanup: 117583 ns, At safepoint: 20821292 ns, Total: 20942750 ns
[2023-06-23T13:14:58.077+0000][67][info ][safepoint   ] Safepoint "ICBufferFull", Time since last: 215337250 ns, Reaching safepoint: 8250 ns, Cleanup: 145416 ns, At safepoint: 4084 ns, Total: 157750 ns
[2023-06-23T13:14:58.192+0000][67][info ][safepoint   ] Safepoint "ICBufferFull", Time since last: 113667583 ns, Reaching safepoint: 135292 ns, Cleanup: 253750 ns, At safepoint: 11750 ns, Total: 400792 ns
[2023-06-23T13:14:58.526+0000][67][info ][gc,start    ] GC(7) Pause Young (Mixed) (G1 Evacuation Pause)
[2023-06-23T13:14:58.527+0000][67][info ][gc,task     ] GC(7) Using 5 workers of 5 for evacuation
[2023-06-23T13:14:58.528+0000][67][debug][gc,age      ] GC(7) Desired survivor size 20971520 bytes, new threshold 15 (max threshold 15)
[2023-06-23T13:14:58.549+0000][67][info ][gc,phases   ] GC(7)   Pre Evacuate Collection Set: 0.2ms
[2023-06-23T13:14:58.551+0000][67][info ][gc,phases   ] GC(7)   Merge Heap Roots: 0.1ms
[2023-06-23T13:14:58.552+0000][67][info ][gc,phases   ] GC(7)   Evacuate Collection Set: 15.7ms
[2023-06-23T13:14:58.553+0000][67][info ][gc,phases   ] GC(7)   Post Evacuate Collection Set: 3.6ms
[2023-06-23T13:14:58.555+0000][67][info ][gc,phases   ] GC(7)   Other: 2.6ms
[2023-06-23T13:14:58.556+0000][67][trace][gc,age      ] GC(7) Age table with threshold 15 (max threshold 15)
[2023-06-23T13:14:58.557+0000][67][trace][gc,age      ] GC(7) - age   1:    4834840 bytes,    4834840 total
[2023-06-23T13:14:58.557+0000][67][trace][gc,age      ] GC(7) - age   2:    7209888 bytes,   12044728 total
[2023-06-23T13:14:58.558+0000][67][trace][gc,age      ] GC(7) - age   3:     974144 bytes,   13018872 total
[2023-06-23T13:14:58.560+0000][67][trace][gc,age      ] GC(7) - age   4:    1770840 bytes,   14789712 total
[2023-06-23T13:14:58.562+0000][67][trace][gc,age      ] GC(7) - age   5:    2308608 bytes,   17098320 total
[2023-06-23T13:14:58.564+0000][67][trace][gc,age      ] GC(7) - age   6:    2871480 bytes,   19969800 total
[2023-06-23T13:14:58.565+0000][67][info ][gc,heap     ] GC(7) Eden regions: 71->0(70)
[2023-06-23T13:14:58.566+0000][67][info ][gc,heap     ] GC(7) Survivor regions: 5->6(10)
[2023-06-23T13:14:58.567+0000][67][info ][gc,heap     ] GC(7) Old regions: 1->1
[2023-06-23T13:14:58.569+0000][67][info ][gc,heap     ] GC(7) Archive regions: 2->2
[2023-06-23T13:14:58.570+0000][67][info ][gc,heap     ] GC(7) Humongous regions: 0->0
[2023-06-23T13:14:58.573+0000][67][info ][gc,metaspace] GC(7) Metaspace: 31597K(32320K)->31597K(32320K) NonClass: 27947K(28352K)->27947K(28352K) Class: 3649K(3968K)->3649K(3968K)
[2023-06-23T13:14:58.574+0000][67][info ][gc          ] GC(7) Pause Young (Mixed) (G1 Evacuation Pause) 308M->28M(512M) 48.125ms
[2023-06-23T13:14:58.575+0000][67][info ][gc,cpu      ] GC(7) User=0.10s Sys=0.01s Real=0.05s
[2023-06-23T13:14:58.576+0000][67][info ][safepoint   ] Safepoint "G1CollectForAllocation", Time since last: 334118292 ns, Reaching safepoint: 3458 ns, Cleanup: 101292 ns, At safepoint: 50542750 ns, Total: 50647500 ns
[2023-06-23T13:14:59.012+0000][67][info ][gc,start    ] GC(8) Pause Young (Normal) (G1 Evacuation Pause)
[2023-06-23T13:14:59.012+0000][67][info ][gc,task     ] GC(8) Using 5 workers of 5 for evacuation
[2023-06-23T13:14:59.013+0000][67][debug][gc,age      ] GC(8) Desired survivor size 20971520 bytes, new threshold 15 (max threshold 15)
[2023-06-23T13:14:59.022+0000][67][info ][gc,phases   ] GC(8)   Pre Evacuate Collection Set: 0.1ms
[2023-06-23T13:14:59.023+0000][67][info ][gc,phases   ] GC(8)   Merge Heap Roots: 0.1ms
[2023-06-23T13:14:59.023+0000][67][info ][gc,phases   ] GC(8)   Evacuate Collection Set: 7.9ms
[2023-06-23T13:14:59.024+0000][67][info ][gc,phases   ] GC(8)   Post Evacuate Collection Set: 0.8ms
[2023-06-23T13:14:59.024+0000][67][info ][gc,phases   ] GC(8)   Other: 0.7ms
[2023-06-23T13:14:59.025+0000][67][trace][gc,age      ] GC(8) Age table with threshold 15 (max threshold 15)
[2023-06-23T13:14:59.025+0000][67][trace][gc,age      ] GC(8) - age   1:    4777216 bytes,    4777216 total
[2023-06-23T13:14:59.026+0000][67][trace][gc,age      ] GC(8) - age   2:    4052136 bytes,    8829352 total
[2023-06-23T13:14:59.026+0000][67][trace][gc,age      ] GC(8) - age   3:    7205048 bytes,   16034400 total
[2023-06-23T13:14:59.026+0000][67][trace][gc,age      ] GC(8) - age   4:     974144 bytes,   17008544 total
[2023-06-23T13:14:59.027+0000][67][trace][gc,age      ] GC(8) - age   5:    1770328 bytes,   18778872 total
[2023-06-23T13:14:59.027+0000][67][trace][gc,age      ] GC(8) - age   6:    2306448 bytes,   21085320 total
[2023-06-23T13:14:59.028+0000][67][trace][gc,age      ] GC(8) - age   7:    2867192 bytes,   23952512 total
[2023-06-23T13:14:59.028+0000][67][info ][gc,heap     ] GC(8) Eden regions: 70->0(70)
[2023-06-23T13:14:59.028+0000][67][info ][gc,heap     ] GC(8) Survivor regions: 6->6(10)
[2023-06-23T13:14:59.029+0000][67][info ][gc,heap     ] GC(8) Old regions: 1->1
[2023-06-23T13:14:59.029+0000][67][info ][gc,heap     ] GC(8) Archive regions: 2->2
[2023-06-23T13:14:59.030+0000][67][info ][gc,heap     ] GC(8) Humongous regions: 0->0
[2023-06-23T13:14:59.030+0000][67][info ][gc,metaspace] GC(8) Metaspace: 33217K(34048K)->33217K(34048K) NonClass: 29348K(29824K)->29348K(29824K) Class: 3869K(4224K)->3869K(4224K)
[2023-06-23T13:14:59.030+0000][67][info ][gc          ] GC(8) Pause Young (Normal) (G1 Evacuation Pause) 308M->30M(512M) 18.722ms
[2023-06-23T13:14:59.031+0000][67][info ][gc,cpu      ] GC(8) User=0.03s Sys=0.00s Real=0.02s
[2023-06-23T13:14:59.031+0000][67][info ][safepoint   ] Safepoint "G1CollectForAllocation", Time since last: 435061833 ns, Reaching safepoint: 4958 ns, Cleanup: 181084 ns, At safepoint: 19469333 ns, Total: 19655375 ns
[2023-06-23T13:14:59.289+0000][67][info ][safepoint   ] Safepoint "ICBufferFull", Time since last: 257917334 ns, Reaching safepoint: 100333 ns, Cleanup: 155792 ns, At safepoint: 14125 ns, Total: 270250 ns
[2023-06-23T13:14:59.306+0000][67][info ][gc,start    ] GC(9) Pause Young (Normal) (G1 Evacuation Pause)
[2023-06-23T13:14:59.306+0000][67][info ][gc,task     ] GC(9) Using 5 workers of 5 for evacuation
[2023-06-23T13:14:59.307+0000][67][debug][gc,age      ] GC(9) Desired survivor size 20971520 bytes, new threshold 6 (max threshold 15)
[2023-06-23T13:14:59.316+0000][67][info ][gc,phases   ] GC(9)   Pre Evacuate Collection Set: 0.1ms
[2023-06-23T13:14:59.317+0000][67][info ][gc,phases   ] GC(9)   Merge Heap Roots: 0.1ms
[2023-06-23T13:14:59.317+0000][67][info ][gc,phases   ] GC(9)   Evacuate Collection Set: 7.9ms
[2023-06-23T13:14:59.317+0000][67][info ][gc,phases   ] GC(9)   Post Evacuate Collection Set: 0.7ms
[2023-06-23T13:14:59.318+0000][67][info ][gc,phases   ] GC(9)   Other: 0.9ms
[2023-06-23T13:14:59.318+0000][67][trace][gc,age      ] GC(9) Age table with threshold 6 (max threshold 15)
[2023-06-23T13:14:59.319+0000][67][trace][gc,age      ] GC(9) - age   1:    3878504 bytes,    3878504 total
[2023-06-23T13:14:59.319+0000][67][trace][gc,age      ] GC(9) - age   2:    4738912 bytes,    8617416 total
[2023-06-23T13:14:59.319+0000][67][trace][gc,age      ] GC(9) - age   3:    4038376 bytes,   12655792 total
[2023-06-23T13:14:59.320+0000][67][trace][gc,age      ] GC(9) - age   4:    7189632 bytes,   19845424 total
[2023-06-23T13:14:59.320+0000][67][trace][gc,age      ] GC(9) - age   5:     972544 bytes,   20817968 total
[2023-06-23T13:14:59.320+0000][67][trace][gc,age      ] GC(9) - age   6:    1739280 bytes,   22557248 total
[2023-06-23T13:14:59.321+0000][67][info ][gc,heap     ] GC(9) Eden regions: 70->0(70)
[2023-06-23T13:14:59.321+0000][67][info ][gc,heap     ] GC(9) Survivor regions: 6->6(10)
[2023-06-23T13:14:59.321+0000][67][info ][gc,heap     ] GC(9) Old regions: 1->3
[2023-06-23T13:14:59.322+0000][67][info ][gc,heap     ] GC(9) Archive regions: 2->2
[2023-06-23T13:14:59.322+0000][67][info ][gc,heap     ] GC(9) Humongous regions: 0->0
[2023-06-23T13:14:59.323+0000][67][info ][gc,metaspace] GC(9) Metaspace: 35400K(36224K)->35400K(36224K) NonClass: 31243K(31744K)->31243K(31744K) Class: 4157K(4480K)->4157K(4480K)
[2023-06-23T13:14:59.323+0000][67][info ][gc          ] GC(9) Pause Young (Normal) (G1 Evacuation Pause) 310M->34M(512M) 17.526ms
[2023-06-23T13:14:59.324+0000][67][info ][gc,cpu      ] GC(9) User=0.03s Sys=0.00s Real=0.01s
[2023-06-23T13:14:59.324+0000][67][info ][safepoint   ] Safepoint "G1CollectForAllocation", Time since last: 16572875 ns, Reaching safepoint: 39208 ns, Cleanup: 49708 ns, At safepoint: 18296584 ns, Total: 18385500 ns
[2023-06-23T13:14:59.338+0000][67][info ][gc,start    ] GC(10) Pause Young (Concurrent Start) (Metadata GC Threshold)
[2023-06-23T13:14:59.338+0000][67][info ][gc,task     ] GC(10) Using 5 workers of 5 for evacuation
[2023-06-23T13:14:59.339+0000][67][debug][gc,age      ] GC(10) Desired survivor size 20971520 bytes, new threshold 6 (max threshold 15)
[2023-06-23T13:14:59.344+0000][67][info ][gc,phases   ] GC(10)   Pre Evacuate Collection Set: 0.2ms
[2023-06-23T13:14:59.344+0000][67][info ][gc,phases   ] GC(10)   Merge Heap Roots: 0.1ms
[2023-06-23T13:14:59.344+0000][67][info ][gc,phases   ] GC(10)   Evacuate Collection Set: 3.6ms
[2023-06-23T13:14:59.345+0000][67][info ][gc,phases   ] GC(10)   Post Evacuate Collection Set: 0.5ms
[2023-06-23T13:14:59.345+0000][67][info ][gc,phases   ] GC(10)   Other: 0.9ms
[2023-06-23T13:14:59.346+0000][67][trace][gc,age      ] GC(10) Age table with threshold 6 (max threshold 15)
[2023-06-23T13:14:59.346+0000][67][trace][gc,age      ] GC(10) - age   1:      71232 bytes,      71232 total
[2023-06-23T13:14:59.346+0000][67][trace][gc,age      ] GC(10) - age   2:    3856688 bytes,    3927920 total
[2023-06-23T13:14:59.347+0000][67][trace][gc,age      ] GC(10) - age   3:    4738240 bytes,    8666160 total
[2023-06-23T13:14:59.347+0000][67][trace][gc,age      ] GC(10) - age   4:    4038376 bytes,   12704536 total
[2023-06-23T13:14:59.347+0000][67][trace][gc,age      ] GC(10) - age   5:    7189632 bytes,   19894168 total
[2023-06-23T13:14:59.348+0000][67][trace][gc,age      ] GC(10) - age   6:     972544 bytes,   20866712 total
[2023-06-23T13:14:59.348+0000][67][info ][gc,heap     ] GC(10) Eden regions: 1->0(70)
[2023-06-23T13:14:59.348+0000][67][info ][gc,heap     ] GC(10) Survivor regions: 6->6(10)
[2023-06-23T13:14:59.349+0000][67][info ][gc,heap     ] GC(10) Old regions: 3->3
[2023-06-23T13:14:59.349+0000][67][info ][gc,heap     ] GC(10) Archive regions: 2->2
[2023-06-23T13:14:59.349+0000][67][info ][gc,heap     ] GC(10) Humongous regions: 0->0
[2023-06-23T13:14:59.350+0000][67][info ][gc,metaspace] GC(10) Metaspace: 35498K(36416K)->35498K(36416K) NonClass: 31332K(31872K)->31332K(31872K) Class: 4165K(4544K)->4165K(4544K)
[2023-06-23T13:14:59.350+0000][67][info ][gc          ] GC(10) Pause Young (Concurrent Start) (Metadata GC Threshold) 36M->35M(512M) 12.103ms
[2023-06-23T13:14:59.350+0000][67][info ][gc,cpu      ] GC(10) User=0.02s Sys=0.01s Real=0.01s
[2023-06-23T13:14:59.350+0000][67][info ][gc          ] GC(11) Concurrent Mark Cycle
[2023-06-23T13:14:59.351+0000][67][info ][gc,marking  ] GC(11) Concurrent Scan Root Regions
[2023-06-23T13:14:59.351+0000][67][info ][safepoint   ] Safepoint "CollectForMetadataAllocation", Time since last: 13531333 ns, Reaching safepoint: 105875 ns, Cleanup: 59792 ns, At safepoint: 13003791 ns, Total: 13169458 ns
[2023-06-23T13:14:59.356+0000][67][info ][gc,marking  ] GC(11) Concurrent Scan Root Regions 4.722ms
[2023-06-23T13:14:59.356+0000][67][info ][gc,marking  ] GC(11) Concurrent Mark
[2023-06-23T13:14:59.357+0000][67][info ][gc,marking  ] GC(11) Concurrent Mark From Roots
[2023-06-23T13:14:59.357+0000][67][info ][gc,task     ] GC(11) Using 1 workers of 1 for marking
[2023-06-23T13:14:59.363+0000][67][info ][gc,marking  ] GC(11) Concurrent Mark From Roots 6.177ms
[2023-06-23T13:14:59.363+0000][67][info ][gc,marking  ] GC(11) Concurrent Preclean
[2023-06-23T13:14:59.364+0000][67][info ][gc,marking  ] GC(11) Concurrent Preclean 0.445ms
[2023-06-23T13:14:59.365+0000][67][info ][gc,start    ] GC(11) Pause Remark
[2023-06-23T13:14:59.370+0000][67][info ][gc          ] GC(11) Pause Remark 41M->41M(512M) 5.157ms
[2023-06-23T13:14:59.370+0000][67][info ][gc,cpu      ] GC(11) User=0.02s Sys=0.00s Real=0.01s
[2023-06-23T13:14:59.371+0000][67][info ][safepoint   ] Safepoint "G1PauseRemark", Time since last: 13586334 ns, Reaching safepoint: 12333 ns, Cleanup: 50583 ns, At safepoint: 6113209 ns, Total: 6176125 ns
[2023-06-23T13:14:59.371+0000][67][info ][gc,marking  ] GC(11) Concurrent Mark 14.723ms
[2023-06-23T13:14:59.371+0000][67][info ][gc,marking  ] GC(11) Concurrent Rebuild Remembered Sets and Scrub Regions
[2023-06-23T13:14:59.374+0000][67][info ][gc,marking  ] GC(11) Concurrent Rebuild Remembered Sets and Scrub Regions 3.061ms
[2023-06-23T13:14:59.375+0000][67][info ][gc,start    ] GC(11) Pause Cleanup
[2023-06-23T13:14:59.376+0000][67][info ][gc          ] GC(11) Pause Cleanup 41M->41M(512M) 0.525ms
[2023-06-23T13:14:59.376+0000][67][info ][gc,cpu      ] GC(11) User=0.00s Sys=0.00s Real=0.00s
[2023-06-23T13:14:59.377+0000][67][info ][safepoint   ] Safepoint "G1PauseCleanup", Time since last: 4321500 ns, Reaching safepoint: 470416 ns, Cleanup: 73292 ns, At safepoint: 1279708 ns, Total: 1823416 ns
[2023-06-23T13:14:59.377+0000][67][info ][gc,marking  ] GC(11) Concurrent Clear Claimed Marks
[2023-06-23T13:14:59.378+0000][67][info ][gc,marking  ] GC(11) Concurrent Clear Claimed Marks 0.388ms
[2023-06-23T13:14:59.378+0000][67][info ][gc,marking  ] GC(11) Concurrent Cleanup for Next Mark
[2023-06-23T13:14:59.380+0000][67][info ][gc,marking  ] GC(11) Concurrent Cleanup for Next Mark 1.407ms
[2023-06-23T13:14:59.380+0000][67][info ][gc          ] GC(11) Concurrent Mark Cycle 29.524ms
[2023-06-23T13:14:59.593+0000][67][info ][safepoint   ] Safepoint "ICBufferFull", Time since last: 215941875 ns, Reaching safepoint: 2792 ns, Cleanup: 132792 ns, At safepoint: 7750 ns, Total: 143334 ns
[2023-06-23T13:14:59.707+0000][67][info ][safepoint   ] Safepoint "ICBufferFull", Time since last: 113737083 ns, Reaching safepoint: 2583 ns, Cleanup: 126625 ns, At safepoint: 2834 ns, Total: 132042 ns
[2023-06-23T13:14:59.756+0000][67][info ][safepoint   ] Safepoint "ICBufferFull", Time since last: 49046500 ns, Reaching safepoint: 2875 ns, Cleanup: 96375 ns, At safepoint: 7667 ns, Total: 106917 ns
[2023-06-23T13:15:00.238+0000][67][info ][safepoint   ] Safepoint "ICBufferFull", Time since last: 481670250 ns, Reaching safepoint: 3958 ns, Cleanup: 147833 ns, At safepoint: 13417 ns, Total: 165208 ns
[2023-06-23T13:15:00.324+0000][67][info ][gc,start    ] GC(12) Pause Young (Normal) (G1 Evacuation Pause)
[2023-06-23T13:15:00.325+0000][67][info ][gc,task     ] GC(12) Using 5 workers of 5 for evacuation
[2023-06-23T13:15:00.325+0000][67][debug][gc,age      ] GC(12) Desired survivor size 20971520 bytes, new threshold 15 (max threshold 15)
[2023-06-23T13:15:00.341+0000][67][info ][gc,phases   ] GC(12)   Pre Evacuate Collection Set: 0.1ms
[2023-06-23T13:15:00.342+0000][67][info ][gc,phases   ] GC(12)   Merge Heap Roots: 0.1ms
[2023-06-23T13:15:00.343+0000][67][info ][gc,phases   ] GC(12)   Evacuate Collection Set: 14.4ms
[2023-06-23T13:15:00.343+0000][67][info ][gc,phases   ] GC(12)   Post Evacuate Collection Set: 1.1ms
[2023-06-23T13:15:00.343+0000][67][info ][gc,phases   ] GC(12)   Other: 1.0ms
[2023-06-23T13:15:00.344+0000][67][trace][gc,age      ] GC(12) Age table with threshold 15 (max threshold 15)
[2023-06-23T13:15:00.344+0000][67][trace][gc,age      ] GC(12) - age   1:   18367736 bytes,   18367736 total
[2023-06-23T13:15:00.345+0000][67][trace][gc,age      ] GC(12) - age   2:      25288 bytes,   18393024 total
[2023-06-23T13:15:00.345+0000][67][trace][gc,age      ] GC(12) - age   3:    3846120 bytes,   22239144 total
[2023-06-23T13:15:00.345+0000][67][trace][gc,age      ] GC(12) - age   4:    4714368 bytes,   26953512 total
[2023-06-23T13:15:00.346+0000][67][trace][gc,age      ] GC(12) - age   5:    4028736 bytes,   30982248 total
[2023-06-23T13:15:00.346+0000][67][trace][gc,age      ] GC(12) - age   6:    7168384 bytes,   38150632 total
[2023-06-23T13:15:00.347+0000][67][trace][gc,age      ] GC(12) - age   7:     970328 bytes,   39120960 total
[2023-06-23T13:15:00.347+0000][67][info ][gc,heap     ] GC(12) Eden regions: 70->0(66)
[2023-06-23T13:15:00.348+0000][67][info ][gc,heap     ] GC(12) Survivor regions: 6->10(10)
[2023-06-23T13:15:00.348+0000][67][info ][gc,heap     ] GC(12) Old regions: 3->3
[2023-06-23T13:15:00.348+0000][67][info ][gc,heap     ] GC(12) Archive regions: 2->2
[2023-06-23T13:15:00.349+0000][67][info ][gc,heap     ] GC(12) Humongous regions: 0->0
[2023-06-23T13:15:00.349+0000][67][info ][gc,metaspace] GC(12) Metaspace: 43917K(45248K)->43917K(45248K) NonClass: 38605K(39360K)->38605K(39360K) Class: 5311K(5888K)->5311K(5888K)
[2023-06-23T13:15:00.349+0000][67][info ][gc          ] GC(12) Pause Young (Normal) (G1 Evacuation Pause) 315M->52M(512M) 25.136ms
[2023-06-23T13:15:00.350+0000][67][info ][gc,cpu      ] GC(12) User=0.06s Sys=0.00s Real=0.03s
[2023-06-23T13:15:00.350+0000][67][info ][safepoint   ] Safepoint "G1CollectForAllocation", Time since last: 86366500 ns, Reaching safepoint: 2667 ns, Cleanup: 29291 ns, At safepoint: 25899959 ns, Total: 25931917 ns
[2023-06-23T13:15:00.486+0000][67][info ][safepoint   ] Safepoint "ICBufferFull", Time since last: 135503958 ns, Reaching safepoint: 3375 ns, Cleanup: 139000 ns, At safepoint: 2708 ns, Total: 145083 ns
[2023-06-23T13:15:00.623+0000][67][info ][safepoint   ] Safepoint "ICBufferFull", Time since last: 137366375 ns, Reaching safepoint: 2500 ns, Cleanup: 114334 ns, At safepoint: 5791 ns, Total: 122625 ns
[2023-06-23T13:15:00.712+0000][67][info ][safepoint   ] Safepoint "ICBufferFull", Time since last: 88469209 ns, Reaching safepoint: 97083 ns, Cleanup: 118167 ns, At safepoint: 13958 ns, Total: 229208 ns
[2023-06-23T13:15:00.969+0000][67][info ][gc,start    ] GC(13) Pause Young (Concurrent Start) (Metadata GC Threshold)
[2023-06-23T13:15:00.972+0000][67][info ][gc,task     ] GC(13) Using 5 workers of 5 for evacuation
[2023-06-23T13:15:00.974+0000][67][debug][gc,age      ] GC(13) Desired survivor size 20971520 bytes, new threshold 3 (max threshold 15)
[2023-06-23T13:15:00.998+0000][67][info ][gc,phases   ] GC(13)   Pre Evacuate Collection Set: 0.2ms
[2023-06-23T13:15:00.999+0000][67][info ][gc,phases   ] GC(13)   Merge Heap Roots: 0.2ms
[2023-06-23T13:15:01.000+0000][67][info ][gc,phases   ] GC(13)   Evacuate Collection Set: 19.0ms
[2023-06-23T13:15:01.002+0000][67][info ][gc,phases   ] GC(13)   Post Evacuate Collection Set: 2.1ms
[2023-06-23T13:15:01.003+0000][67][info ][gc,phases   ] GC(13)   Other: 4.5ms
[2023-06-23T13:15:01.005+0000][67][trace][gc,age      ] GC(13) Age table with threshold 3 (max threshold 15)
[2023-06-23T13:15:01.005+0000][67][trace][gc,age      ] GC(13) - age   1:    7516824 bytes,    7516824 total
[2023-06-23T13:15:01.007+0000][67][trace][gc,age      ] GC(13) - age   2:   17849272 bytes,   25366096 total
[2023-06-23T13:15:01.008+0000][67][trace][gc,age      ] GC(13) - age   3:      25288 bytes,   25391384 total
[2023-06-23T13:15:01.009+0000][67][info ][gc,heap     ] GC(13) Eden regions: 45->0(69)
[2023-06-23T13:15:01.010+0000][67][info ][gc,heap     ] GC(13) Survivor regions: 10->7(10)
[2023-06-23T13:15:01.011+0000][67][info ][gc,heap     ] GC(13) Old regions: 3->8
[2023-06-23T13:15:01.013+0000][67][info ][gc,heap     ] GC(13) Archive regions: 2->2
[2023-06-23T13:15:01.014+0000][67][info ][gc,heap     ] GC(13) Humongous regions: 0->0
[2023-06-23T13:15:01.015+0000][67][info ][gc,metaspace] GC(13) Metaspace: 59439K(60800K)->59439K(60800K) NonClass: 51864K(52672K)->51864K(52672K) Class: 7574K(8128K)->7574K(8128K)
[2023-06-23T13:15:01.016+0000][67][info ][gc          ] GC(13) Pause Young (Concurrent Start) (Metadata GC Threshold) 230M->62M(512M) 47.067ms
[2023-06-23T13:15:01.017+0000][67][info ][gc,cpu      ] GC(13) User=0.10s Sys=0.00s Real=0.05s
[2023-06-23T13:15:01.017+0000][67][info ][gc          ] GC(14) Concurrent Mark Cycle
[2023-06-23T13:15:01.024+0000][67][info ][gc,marking  ] GC(14) Concurrent Scan Root Regions
[2023-06-23T13:15:01.018+0000][67][info ][safepoint   ] Safepoint "CollectForMetadataAllocation", Time since last: 256563708 ns, Reaching safepoint: 9084 ns, Cleanup: 246333 ns, At safepoint: 49473833 ns, Total: 49729250 ns
[2023-06-23T13:15:01.044+0000][67][info ][safepoint   ] Safepoint "CollectForMetadataAllocation", Time since last: 25164709 ns, Reaching safepoint: 2791 ns, Cleanup: 64375 ns, At safepoint: 63584 ns, Total: 130750 ns
[2023-06-23T13:15:01.044+0000][67][info ][gc,marking  ] GC(14) Concurrent Scan Root Regions 20.623ms
[2023-06-23T13:15:01.045+0000][67][info ][gc,marking  ] GC(14) Concurrent Mark
[2023-06-23T13:15:01.045+0000][67][info ][gc,marking  ] GC(14) Concurrent Mark From Roots
[2023-06-23T13:15:01.046+0000][67][info ][gc,task     ] GC(14) Using 1 workers of 1 for marking
[2023-06-23T13:15:01.053+0000][67][info ][gc,marking  ] GC(14) Concurrent Mark From Roots 7.515ms
[2023-06-23T13:15:01.053+0000][67][info ][gc,marking  ] GC(14) Concurrent Preclean
[2023-06-23T13:15:01.054+0000][67][info ][safepoint   ] Safepoint "CollectForMetadataAllocation", Time since last: 9924458 ns, Reaching safepoint: 2583 ns, Cleanup: 25917 ns, At safepoint: 62750 ns, Total: 91250 ns
[2023-06-23T13:15:01.054+0000][67][info ][gc,marking  ] GC(14) Concurrent Preclean 0.591ms
[2023-06-23T13:15:01.055+0000][67][info ][gc,start    ] GC(14) Pause Remark
[2023-06-23T13:15:01.059+0000][67][info ][gc          ] GC(14) Pause Remark 68M->68M(512M) 3.927ms
[2023-06-23T13:15:01.059+0000][67][info ][gc,cpu      ] GC(14) User=0.01s Sys=0.00s Real=0.00s
[2023-06-23T13:15:01.060+0000][67][info ][safepoint   ] Safepoint "G1PauseRemark", Time since last: 1196667 ns, Reaching safepoint: 165750 ns, Cleanup: 24458 ns, At safepoint: 4799750 ns, Total: 4989958 ns
[2023-06-23T13:15:01.060+0000][67][info ][gc,marking  ] GC(14) Concurrent Mark 15.337ms
[2023-06-23T13:15:01.061+0000][67][info ][gc,marking  ] GC(14) Concurrent Rebuild Remembered Sets and Scrub Regions
[2023-06-23T13:15:01.067+0000][67][info ][gc,marking  ] GC(14) Concurrent Rebuild Remembered Sets and Scrub Regions 6.545ms
[2023-06-23T13:15:01.068+0000][67][info ][gc,start    ] GC(14) Pause Cleanup
[2023-06-23T13:15:01.069+0000][67][info ][gc          ] GC(14) Pause Cleanup 70M->70M(512M) 0.482ms
[2023-06-23T13:15:01.069+0000][67][info ][gc,cpu      ] GC(14) User=0.00s Sys=0.00s Real=0.00s
[2023-06-23T13:15:01.069+0000][67][info ][safepoint   ] Safepoint "G1PauseCleanup", Time since last: 8100250 ns, Reaching safepoint: 97208 ns, Cleanup: 33792 ns, At safepoint: 1225583 ns, Total: 1356583 ns
[2023-06-23T13:15:01.070+0000][67][info ][gc,marking  ] GC(14) Concurrent Clear Claimed Marks
[2023-06-23T13:15:01.070+0000][67][info ][gc,marking  ] GC(14) Concurrent Clear Claimed Marks 0.525ms
[2023-06-23T13:15:01.071+0000][67][info ][gc,marking  ] GC(14) Concurrent Cleanup for Next Mark
[2023-06-23T13:15:01.072+0000][67][info ][gc,marking  ] GC(14) Concurrent Cleanup for Next Mark 0.967ms
[2023-06-23T13:15:01.072+0000][67][info ][gc          ] GC(14) Concurrent Mark Cycle 54.608ms
[2023-06-23T13:15:01.300+0000][67][info ][safepoint   ] Safepoint "ICBufferFull", Time since last: 230189584 ns, Reaching safepoint: 4000 ns, Cleanup: 119208 ns, At safepoint: 8709 ns, Total: 131917 ns
[2023-06-23T13:15:01.617+0000][67][info ][gc,start    ] GC(15) Pause Young (Normal) (G1 Evacuation Pause)
[2023-06-23T13:15:01.618+0000][67][info ][gc,task     ] GC(15) Using 5 workers of 5 for evacuation
[2023-06-23T13:15:01.618+0000][67][debug][gc,age      ] GC(15) Desired survivor size 20971520 bytes, new threshold 2 (max threshold 15)
[2023-06-23T13:15:01.637+0000][67][info ][gc,phases   ] GC(15)   Pre Evacuate Collection Set: 0.1ms
[2023-06-23T13:15:01.637+0000][67][info ][gc,phases   ] GC(15)   Merge Heap Roots: 0.1ms
[2023-06-23T13:15:01.638+0000][67][info ][gc,phases   ] GC(15)   Evacuate Collection Set: 16.6ms
[2023-06-23T13:15:01.638+0000][67][info ][gc,phases   ] GC(15)   Post Evacuate Collection Set: 0.8ms
[2023-06-23T13:15:01.639+0000][67][info ][gc,phases   ] GC(15)   Other: 1.0ms
[2023-06-23T13:15:01.639+0000][67][trace][gc,age      ] GC(15) Age table with threshold 2 (max threshold 15)
[2023-06-23T13:15:01.640+0000][67][trace][gc,age      ] GC(15) - age   1:    2439872 bytes,    2439872 total
[2023-06-23T13:15:01.640+0000][67][trace][gc,age      ] GC(15) - age   2:    7277368 bytes,    9717240 total
[2023-06-23T13:15:01.641+0000][67][info ][gc,heap     ] GC(15) Eden regions: 69->0(73)
[2023-06-23T13:15:01.641+0000][67][info ][gc,heap     ] GC(15) Survivor regions: 7->3(10)
[2023-06-23T13:15:01.642+0000][67][info ][gc,heap     ] GC(15) Old regions: 8->13
[2023-06-23T13:15:01.642+0000][67][info ][gc,heap     ] GC(15) Archive regions: 2->2
[2023-06-23T13:15:01.642+0000][67][info ][gc,heap     ] GC(15) Humongous regions: 0->0
[2023-06-23T13:15:01.643+0000][67][info ][gc,metaspace] GC(15) Metaspace: 67713K(69184K)->67713K(69184K) NonClass: 58900K(59776K)->58900K(59776K) Class: 8813K(9408K)->8813K(9408K)
[2023-06-23T13:15:01.643+0000][67][info ][gc          ] GC(15) Pause Young (Normal) (G1 Evacuation Pause) 338M->65M(512M) 25.826ms
[2023-06-23T13:15:01.644+0000][67][info ][gc,cpu      ] GC(15) User=0.08s Sys=0.00s Real=0.02s
[2023-06-23T13:15:01.644+0000][67][info ][safepoint   ] Safepoint "G1CollectForAllocation", Time since last: 317576958 ns, Reaching safepoint: 2542 ns, Cleanup: 74916 ns, At safepoint: 26695334 ns, Total: 26772792 ns
[2023-06-23T13:15:01.780+0000][67][info ][safepoint   ] Safepoint "ICBufferFull", Time since last: 135576416 ns, Reaching safepoint: 3750 ns, Cleanup: 123709 ns, At safepoint: 3125 ns, Total: 130584 ns
[2023-06-23T13:15:02.303+0000][67][info ][safepoint   ] Safepoint "ICBufferFull", Time since last: 523107625 ns, Reaching safepoint: 6250 ns, Cleanup: 141625 ns, At safepoint: 3750 ns, Total: 151625 ns
[2023-06-23T13:15:02.833+0000][67][info ][safepoint   ] Safepoint "ICBufferFull", Time since last: 529741709 ns, Reaching safepoint: 3041 ns, Cleanup: 161584 ns, At safepoint: 8625 ns, Total: 173250 ns
[2023-06-23T13:15:02.992+0000][67][info ][safepoint   ] Safepoint "ICBufferFull", Time since last: 159386875 ns, Reaching safepoint: 3166 ns, Cleanup: 130500 ns, At safepoint: 2667 ns, Total: 136333 ns
[2023-06-23T13:15:03.185+0000][67][info ][gc,start    ] GC(16) Pause Young (Normal) (G1 Evacuation Pause)
[2023-06-23T13:15:03.185+0000][67][info ][gc,task     ] GC(16) Using 5 workers of 5 for evacuation
[2023-06-23T13:15:03.186+0000][67][debug][gc,age      ] GC(16) Desired survivor size 20971520 bytes, new threshold 15 (max threshold 15)
[2023-06-23T13:15:03.196+0000][67][info ][gc,phases   ] GC(16)   Pre Evacuate Collection Set: 0.1ms
[2023-06-23T13:15:03.196+0000][67][info ][gc,phases   ] GC(16)   Merge Heap Roots: 0.1ms
[2023-06-23T13:15:03.196+0000][67][info ][gc,phases   ] GC(16)   Evacuate Collection Set: 8.1ms
[2023-06-23T13:15:03.197+0000][67][info ][gc,phases   ] GC(16)   Post Evacuate Collection Set: 1.0ms
[2023-06-23T13:15:03.197+0000][67][info ][gc,phases   ] GC(16)   Other: 0.9ms
[2023-06-23T13:15:03.197+0000][67][trace][gc,age      ] GC(16) Age table with threshold 15 (max threshold 15)
[2023-06-23T13:15:03.198+0000][67][trace][gc,age      ] GC(16) - age   1:   14686216 bytes,   14686216 total
[2023-06-23T13:15:03.198+0000][67][trace][gc,age      ] GC(16) - age   2:    2270312 bytes,   16956528 total
[2023-06-23T13:15:03.198+0000][67][trace][gc,age      ] GC(16) - age   3:    7242280 bytes,   24198808 total
[2023-06-23T13:15:03.199+0000][67][info ][gc,heap     ] GC(16) Eden regions: 73->0(69)
[2023-06-23T13:15:03.199+0000][67][info ][gc,heap     ] GC(16) Survivor regions: 3->7(10)
[2023-06-23T13:15:03.200+0000][67][info ][gc,heap     ] GC(16) Old regions: 13->13
[2023-06-23T13:15:03.200+0000][67][info ][gc,heap     ] GC(16) Archive regions: 2->2
[2023-06-23T13:15:03.200+0000][67][info ][gc,heap     ] GC(16) Humongous regions: 0->0
[2023-06-23T13:15:03.201+0000][67][info ][gc,metaspace] GC(16) Metaspace: 99757K(101888K)->99757K(101888K) NonClass: 86589K(87744K)->86589K(87744K) Class: 13167K(14144K)->13167K(14144K)
[2023-06-23T13:15:03.201+0000][67][info ][gc          ] GC(16) Pause Young (Normal) (G1 Evacuation Pause) 357M->78M(512M) 16.534ms
[2023-06-23T13:15:03.202+0000][67][info ][gc,cpu      ] GC(16) User=0.04s Sys=0.00s Real=0.02s
[2023-06-23T13:15:03.202+0000][67][info ][safepoint   ] Safepoint "G1CollectForAllocation", Time since last: 192000375 ns, Reaching safepoint: 2792 ns, Cleanup: 131000 ns, At safepoint: 17655625 ns, Total: 17789417 ns
[2023-06-23T13:15:03.228+0000][67][info ][gc,start    ] GC(17) Pause Young (Concurrent Start) (Metadata GC Threshold)
[2023-06-23T13:15:03.229+0000][67][info ][gc,task     ] GC(17) Using 5 workers of 5 for evacuation
[2023-06-23T13:15:03.229+0000][67][debug][gc,age      ] GC(17) Desired survivor size 20971520 bytes, new threshold 3 (max threshold 15)
[2023-06-23T13:15:03.238+0000][67][info ][gc,phases   ] GC(17)   Pre Evacuate Collection Set: 0.1ms
[2023-06-23T13:15:03.239+0000][67][info ][gc,phases   ] GC(17)   Merge Heap Roots: 0.0ms
[2023-06-23T13:15:03.240+0000][67][info ][gc,phases   ] GC(17)   Evacuate Collection Set: 8.0ms
[2023-06-23T13:15:03.240+0000][67][info ][gc,phases   ] GC(17)   Post Evacuate Collection Set: 0.8ms
[2023-06-23T13:15:03.240+0000][67][info ][gc,phases   ] GC(17)   Other: 0.9ms
[2023-06-23T13:15:03.241+0000][67][trace][gc,age      ] GC(17) Age table with threshold 3 (max threshold 15)
[2023-06-23T13:15:03.241+0000][67][trace][gc,age      ] GC(17) - age   1:     373568 bytes,     373568 total
[2023-06-23T13:15:03.241+0000][67][trace][gc,age      ] GC(17) - age   2:   14428584 bytes,   14802152 total
[2023-06-23T13:15:03.242+0000][67][trace][gc,age      ] GC(17) - age   3:    2270280 bytes,   17072432 total
[2023-06-23T13:15:03.242+0000][67][info ][gc,heap     ] GC(17) Eden regions: 2->0(71)
[2023-06-23T13:15:03.243+0000][67][info ][gc,heap     ] GC(17) Survivor regions: 7->5(10)
[2023-06-23T13:15:03.243+0000][67][info ][gc,heap     ] GC(17) Old regions: 13->15
[2023-06-23T13:15:03.243+0000][67][info ][gc,heap     ] GC(17) Archive regions: 2->2
[2023-06-23T13:15:03.244+0000][67][info ][gc,heap     ] GC(17) Humongous regions: 0->0
[2023-06-23T13:15:03.244+0000][67][info ][gc,metaspace] GC(17) Metaspace: 100314K(102528K)->100314K(102528K) NonClass: 87032K(88256K)->87032K(88256K) Class: 13282K(14272K)->13282K(14272K)
[2023-06-23T13:15:03.244+0000][67][info ][gc          ] GC(17) Pause Young (Concurrent Start) (Metadata GC Threshold) 86M->79M(512M) 16.171ms
[2023-06-23T13:15:03.245+0000][67][info ][gc,cpu      ] GC(17) User=0.04s Sys=0.01s Real=0.01s
[2023-06-23T13:15:03.245+0000][67][info ][gc          ] GC(18) Concurrent Mark Cycle
[2023-06-23T13:15:03.245+0000][67][info ][gc,marking  ] GC(18) Concurrent Scan Root Regions
[2023-06-23T13:15:03.245+0000][67][info ][safepoint   ] Safepoint "CollectForMetadataAllocation", Time since last: 25723042 ns, Reaching safepoint: 3166 ns, Cleanup: 92834 ns, At safepoint: 16940208 ns, Total: 17036208 ns
[2023-06-23T13:15:03.257+0000][67][info ][safepoint   ] Safepoint "CollectForMetadataAllocation", Time since last: 11723458 ns, Reaching safepoint: 5417 ns, Cleanup: 66000 ns, At safepoint: 73333 ns, Total: 144750 ns
[2023-06-23T13:15:03.258+0000][67][info ][gc,marking  ] GC(18) Concurrent Scan Root Regions 12.288ms
[2023-06-23T13:15:03.258+0000][67][info ][gc,marking  ] GC(18) Concurrent Mark
[2023-06-23T13:15:03.259+0000][67][info ][gc,marking  ] GC(18) Concurrent Mark From Roots
[2023-06-23T13:15:03.259+0000][67][info ][gc,task     ] GC(18) Using 1 workers of 1 for marking
[2023-06-23T13:15:03.270+0000][67][info ][safepoint   ] Safepoint "CollectForMetadataAllocation", Time since last: 12934500 ns, Reaching safepoint: 28125 ns, Cleanup: 48209 ns, At safepoint: 52250 ns, Total: 128584 ns
[2023-06-23T13:15:03.290+0000][67][info ][safepoint   ] Safepoint "CollectForMetadataAllocation", Time since last: 19525875 ns, Reaching safepoint: 38750 ns, Cleanup: 70791 ns, At safepoint: 63292 ns, Total: 172833 ns
[2023-06-23T13:15:03.291+0000][67][info ][gc,marking  ] GC(18) Concurrent Mark From Roots 32.352ms
[2023-06-23T13:15:03.291+0000][67][info ][gc,marking  ] GC(18) Concurrent Preclean
[2023-06-23T13:15:03.293+0000][67][info ][gc,marking  ] GC(18) Concurrent Preclean 1.200ms
[2023-06-23T13:15:03.293+0000][67][info ][gc,start    ] GC(18) Pause Remark
[2023-06-23T13:15:03.297+0000][67][info ][gc          ] GC(18) Pause Remark 93M->93M(512M) 4.255ms
[2023-06-23T13:15:03.298+0000][67][info ][gc,cpu      ] GC(18) User=0.01s Sys=0.00s Real=0.01s
[2023-06-23T13:15:03.298+0000][67][info ][safepoint   ] Safepoint "G1PauseRemark", Time since last: 3263875 ns, Reaching safepoint: 132042 ns, Cleanup: 21958 ns, At safepoint: 5108167 ns, Total: 5262167 ns
[2023-06-23T13:15:03.299+0000][67][info ][gc,marking  ] GC(18) Concurrent Mark 40.524ms
[2023-06-23T13:15:03.299+0000][67][info ][gc,marking  ] GC(18) Concurrent Rebuild Remembered Sets and Scrub Regions
[2023-06-23T13:15:03.317+0000][67][info ][gc,marking  ] GC(18) Concurrent Rebuild Remembered Sets and Scrub Regions 18.106ms
[2023-06-23T13:15:03.318+0000][67][info ][gc,start    ] GC(18) Pause Cleanup
[2023-06-23T13:15:03.318+0000][67][info ][gc          ] GC(18) Pause Cleanup 97M->97M(512M) 0.443ms
[2023-06-23T13:15:03.319+0000][67][info ][gc,cpu      ] GC(18) User=0.00s Sys=0.00s Real=0.00s
[2023-06-23T13:15:03.319+0000][67][info ][safepoint   ] Safepoint "G1PauseCleanup", Time since last: 19559833 ns, Reaching safepoint: 40000 ns, Cleanup: 118417 ns, At safepoint: 1174041 ns, Total: 1332458 ns
[2023-06-23T13:15:03.319+0000][67][info ][gc,marking  ] GC(18) Concurrent Clear Claimed Marks
[2023-06-23T13:15:03.320+0000][67][info ][gc,marking  ] GC(18) Concurrent Clear Claimed Marks 0.538ms
[2023-06-23T13:15:03.320+0000][67][info ][gc,marking  ] GC(18) Concurrent Cleanup for Next Mark
[2023-06-23T13:15:03.321+0000][67][info ][gc,marking  ] GC(18) Concurrent Cleanup for Next Mark 0.513ms
[2023-06-23T13:15:03.321+0000][67][info ][gc          ] GC(18) Concurrent Mark Cycle 76.557ms
[2023-06-23T13:15:03.600+0000][67][info ][safepoint   ] Safepoint "ICBufferFull", Time since last: 280935042 ns, Reaching safepoint: 2792 ns, Cleanup: 133250 ns, At safepoint: 2500 ns, Total: 138542 ns
[2023-06-23T13:15:04.060+0000][67][info ][safepoint   ] Safepoint "ICBufferFull", Time since last: 453425833 ns, Reaching safepoint: 5864500 ns, Cleanup: 121709 ns, At safepoint: 25458 ns, Total: 6011667 ns
[2023-06-23T13:15:04.172+0000][67][info ][safepoint   ] Safepoint "ICBufferFull", Time since last: 111961958 ns, Reaching safepoint: 6000 ns, Cleanup: 111459 ns, At safepoint: 6125 ns, Total: 123584 ns
[2023-06-23T13:15:04.212+0000][67][info ][safepoint   ] Safepoint "ICBufferFull", Time since last: 39967583 ns, Reaching safepoint: 5667 ns, Cleanup: 121416 ns, At safepoint: 13125 ns, Total: 140208 ns
[2023-06-23T13:15:04.235+0000][67][info ][safepoint   ] Safepoint "ICBufferFull", Time since last: 23238042 ns, Reaching safepoint: 4083 ns, Cleanup: 113625 ns, At safepoint: 2667 ns, Total: 120375 ns
[2023-06-23T13:15:04.255+0000][67][info ][safepoint   ] Safepoint "ICBufferFull", Time since last: 20152042 ns, Reaching safepoint: 4541 ns, Cleanup: 120750 ns, At safepoint: 8417 ns, Total: 133708 ns
[2023-06-23T13:15:04.279+0000][67][info ][safepoint   ] Safepoint "ICBufferFull", Time since last: 23132250 ns, Reaching safepoint: 97458 ns, Cleanup: 123834 ns, At safepoint: 17916 ns, Total: 239208 ns
[2023-06-23T13:15:04.312+0000][67][info ][safepoint   ] Safepoint "ICBufferFull", Time since last: 33217375 ns, Reaching safepoint: 4542 ns, Cleanup: 157708 ns, At safepoint: 10584 ns, Total: 172834 ns
[2023-06-23T13:15:04.581+0000][67][info ][safepoint   ] Safepoint "ICBufferFull", Time since last: 268674541 ns, Reaching safepoint: 37292 ns, Cleanup: 117000 ns, At safepoint: 14167 ns, Total: 168459 ns
[2023-06-23T13:15:04.984+0000][67][info ][safepoint   ] Safepoint "ICBufferFull", Time since last: 402523625 ns, Reaching safepoint: 5375 ns, Cleanup: 121417 ns, At safepoint: 2916 ns, Total: 129708 ns
[2023-06-23T13:15:05.517+0000][67][info ][safepoint   ] Safepoint "ICBufferFull", Time since last: 533107667 ns, Reaching safepoint: 8334 ns, Cleanup: 106625 ns, At safepoint: 4958 ns, Total: 119917 ns
[2023-06-23T13:15:06.520+0000][67][info ][safepoint   ] Safepoint "Cleanup", Time since last: 1000874209 ns, Reaching safepoint: 925083 ns, Cleanup: 1397625 ns, At safepoint: 10833 ns, Total: 2333541 ns
[2023-06-23T13:15:07.527+0000][67][info ][safepoint   ] Safepoint "Cleanup", Time since last: 1006157584 ns, Reaching safepoint: 48250 ns, Cleanup: 214792 ns, At safepoint: 9875 ns, Total: 272917 ns
[2023-06-23T13:15:08.532+0000][67][info ][safepoint   ] Safepoint "Cleanup", Time since last: 1005471292 ns, Reaching safepoint: 131833 ns, Cleanup: 145875 ns, At safepoint: 9292 ns, Total: 287000 ns
[2023-06-23T13:15:09.537+0000][67][info ][safepoint   ] Safepoint "Cleanup", Time since last: 1004096626 ns, Reaching safepoint: 52625 ns, Cleanup: 151791 ns, At safepoint: 11209 ns, Total: 215625 ns
[2023-06-23T13:15:10.540+0000][67][info ][safepoint   ] Safepoint "Cleanup", Time since last: 1003521875 ns, Reaching safepoint: 52917 ns, Cleanup: 222875 ns, At safepoint: 10708 ns, Total: 286500 ns
[2023-06-23T13:15:14.561+0000][67][info ][safepoint   ] Safepoint "Cleanup", Time since last: 4020027419 ns, Reaching safepoint: 18208 ns, Cleanup: 97375 ns, At safepoint: 4750 ns, Total: 120333 ns
[2023-06-23T13:15:16.574+0000][67][info ][safepoint   ] Safepoint "Cleanup", Time since last: 2012920709 ns, Reaching safepoint: 51084 ns, Cleanup: 174416 ns, At safepoint: 10500 ns, Total: 236000 ns
[2023-06-23T13:15:17.583+0000][67][info ][safepoint   ] Safepoint "Cleanup", Time since last: 1008835376 ns, Reaching safepoint: 52958 ns, Cleanup: 716625 ns, At safepoint: 13792 ns, Total: 783375 ns
[2023-06-23T13:15:18.591+0000][67][info ][safepoint   ] Safepoint "Cleanup", Time since last: 1007040084 ns, Reaching safepoint: 23208 ns, Cleanup: 116958 ns, At safepoint: 22250 ns, Total: 162416 ns
[2023-06-23T13:15:20.594+0000][67][info ][safepoint   ] Safepoint "Cleanup", Time since last: 2003271043 ns, Reaching safepoint: 180125 ns, Cleanup: 130541 ns, At safepoint: 10292 ns, Total: 320958 ns
[2023-06-23T13:15:23.609+0000][67][info ][safepoint   ] Safepoint "Cleanup", Time since last: 3015040668 ns, Reaching safepoint: 51625 ns, Cleanup: 191834 ns, At safepoint: 10583 ns, Total: 254042 ns
[2023-06-23T13:15:24.614+0000][67][info ][safepoint   ] Safepoint "Cleanup", Time since last: 1003807292 ns, Reaching safepoint: 541208 ns, Cleanup: 310625 ns, At safepoint: 11167 ns, Total: 863000 ns
[2023-06-23T13:15:34.650+0000][67][info ][safepoint   ] Safepoint "Cleanup", Time since last: 10030560254 ns, Reaching safepoint: 67375 ns, Cleanup: 1887250 ns, At safepoint: 14292 ns, Total: 1968917 ns
[2023-06-23T13:15:36.660+0000][67][info ][safepoint   ] Safepoint "Cleanup", Time since last: 2009457125 ns, Reaching safepoint: 47500 ns, Cleanup: 970709 ns, At safepoint: 11250 ns, Total: 1029459 ns
[2023-06-23T13:15:51.701+0000][67][info ][safepoint   ] Safepoint "Cleanup", Time since last: 15040119424 ns, Reaching safepoint: 239541 ns, Cleanup: 249334 ns, At safepoint: 13291 ns, Total: 502166 ns
[2023-06-23T13:15:54.714+0000][67][info ][safepoint   ] Safepoint "Cleanup", Time since last: 3012768502 ns, Reaching safepoint: 205833 ns, Cleanup: 198833 ns, At safepoint: 21375 ns, Total: 426041 ns
[2023-06-23T13:15:59.744+0000][67][info ][safepoint   ] Safepoint "Cleanup", Time since last: 5029430753 ns, Reaching safepoint: 35750 ns, Cleanup: 177125 ns, At safepoint: 9500 ns, Total: 222375 ns
[2023-06-23T13:16:04.764+0000][67][info ][safepoint   ] Safepoint "Cleanup", Time since last: 5022656126 ns, Reaching safepoint: 58500 ns, Cleanup: 237167 ns, At safepoint: 10000 ns, Total: 305667 ns
[2023-06-23T13:16:05.775+0000][67][info ][safepoint   ] Safepoint "Cleanup", Time since last: 1010014584 ns, Reaching safepoint: 54291 ns, Cleanup: 508959 ns, At safepoint: 13875 ns, Total: 577125 ns
[2023-06-23T13:16:11.805+0000][67][info ][safepoint   ] Safepoint "Cleanup", Time since last: 6029530919 ns, Reaching safepoint: 58250 ns, Cleanup: 198125 ns, At safepoint: 9125 ns, Total: 265500 ns
[2023-06-23T13:16:33.875+0000][67][info ][safepoint   ] Safepoint "Cleanup", Time since last: 22067747052 ns, Reaching safepoint: 279250 ns, Cleanup: 313958 ns, At safepoint: 12959 ns, Total: 606167 ns
[2023-06-23T13:16:34.889+0000][67][info ][safepoint   ] Safepoint "Cleanup", Time since last: 1014266084 ns, Reaching safepoint: 39458 ns, Cleanup: 249125 ns, At safepoint: 12167 ns, Total: 300750 ns
[2023-06-23T13:16:39.913+0000][67][info ][safepoint   ] Safepoint "Cleanup", Time since last: 5022925210 ns, Reaching safepoint: 210834 ns, Cleanup: 194375 ns, At safepoint: 12041 ns, Total: 417250 ns
[2023-06-23T13:17:03.999+0000][67][info ][safepoint   ] Safepoint "Cleanup", Time since last: 24087326511 ns, Reaching safepoint: 205542 ns, Cleanup: 279750 ns, At safepoint: 13541 ns, Total: 498833 ns
[2023-06-23T13:17:10.020+0000][67][info ][safepoint   ] Safepoint "Cleanup", Time since last: 6020680461 ns, Reaching safepoint: 62709 ns, Cleanup: 477875 ns, At safepoint: 12708 ns, Total: 553292 ns
[2023-06-23T13:17:11.023+0000][67][info ][safepoint   ] Safepoint "Cleanup", Time since last: 1002893167 ns, Reaching safepoint: 35292 ns, Cleanup: 165083 ns, At safepoint: 11250 ns, Total: 211625 ns
[2023-06-23T13:17:23.040+0000][67][info ][safepoint   ] Safepoint "Cleanup", Time since last: 12016304756 ns, Reaching safepoint: 81750 ns, Cleanup: 163500 ns, At safepoint: 18792 ns, Total: 264042 ns
[2023-06-23T13:17:30.073+0000][67][info ][safepoint   ] Safepoint "Cleanup", Time since last: 7033422253 ns, Reaching safepoint: 52167 ns, Cleanup: 219875 ns, At safepoint: 12625 ns, Total: 284667 ns
[2023-06-23T13:17:35.100+0000][67][info ][safepoint   ] Safepoint "Cleanup", Time since last: 5025105626 ns, Reaching safepoint: 64417 ns, Cleanup: 202250 ns, At safepoint: 11500 ns, Total: 278167 ns
[2023-06-23T13:18:00.200+0000][67][info ][safepoint   ] Safepoint "Cleanup", Time since last: 25099458470 ns, Reaching safepoint: 194959 ns, Cleanup: 158000 ns, At safepoint: 8541 ns, Total: 361500 ns
[2023-06-23T13:18:04.216+0000][67][info ][safepoint   ] Safepoint "Cleanup", Time since last: 4017428835 ns, Reaching safepoint: 49625 ns, Cleanup: 137584 ns, At safepoint: 8208 ns, Total: 195417 ns
[2023-06-23T13:18:08.230+0000][67][info ][safepoint   ] Safepoint "Cleanup", Time since last: 4013468085 ns, Reaching safepoint: 59750 ns, Cleanup: 241209 ns, At safepoint: 11833 ns, Total: 312792 ns
[2023-06-23T13:18:10.240+0000][67][info ][safepoint   ] Safepoint "Cleanup", Time since last: 2009334876 ns, Reaching safepoint: 46291 ns, Cleanup: 647625 ns, At safepoint: 14584 ns, Total: 708500 ns
[2023-06-23T13:18:30.322+0000][67][info ][safepoint   ] Safepoint "Cleanup", Time since last: 20081728176 ns, Reaching safepoint: 188667 ns, Cleanup: 252000 ns, At safepoint: 10000 ns, Total: 450667 ns
[2023-06-23T13:18:40.360+0000][67][info ][safepoint   ] Safepoint "Cleanup", Time since last: 10037888212 ns, Reaching safepoint: 52417 ns, Cleanup: 211833 ns, At safepoint: 13417 ns, Total: 277667 ns
[2023-06-23T13:19:04.462+0000][67][info ][safepoint   ] Safepoint "Cleanup", Time since last: 24100864927 ns, Reaching safepoint: 207959 ns, Cleanup: 358375 ns, At safepoint: 14708 ns, Total: 581042 ns
[2023-06-23T13:19:34.569+0000][67][info ][safepoint   ] Safepoint "Cleanup", Time since last: 30106320722 ns, Reaching safepoint: 251125 ns, Cleanup: 254792 ns, At safepoint: 7958 ns, Total: 513875 ns
[2023-06-23T13:19:45.619+0000][67][info ][safepoint   ] Safepoint "Cleanup", Time since last: 11049617714 ns, Reaching safepoint: 61208 ns, Cleanup: 147417 ns, At safepoint: 10125 ns, Total: 218750 ns
[2023-06-23T13:19:47.626+0000][67][info ][safepoint   ] Safepoint "Cleanup", Time since last: 2007278126 ns, Reaching safepoint: 55625 ns, Cleanup: 265292 ns, At safepoint: 11375 ns, Total: 332292 ns
[2023-06-23T13:20:04.669+0000][67][info ][safepoint   ] Safepoint "Cleanup", Time since last: 17043260007 ns, Reaching safepoint: 48375 ns, Cleanup: 261625 ns, At safepoint: 10459 ns, Total: 320459 ns
[2023-06-23T13:20:34.760+0000][67][info ][safepoint   ] Safepoint "Cleanup", Time since last: 30089900389 ns, Reaching safepoint: 235708 ns, Cleanup: 168875 ns, At safepoint: 8875 ns, Total: 413458 ns
[2023-06-23T13:20:35.775+0000][67][info ][safepoint   ] Safepoint "Cleanup", Time since last: 1014536459 ns, Reaching safepoint: 49333 ns, Cleanup: 151583 ns, At safepoint: 9750 ns, Total: 210666 ns
[2023-06-23T13:20:45.809+0000][67][info ][safepoint   ] Safepoint "Cleanup", Time since last: 10029264713 ns, Reaching safepoint: 268167 ns, Cleanup: 4590833 ns, At safepoint: 18084 ns, Total: 4877084 ns
[2023-06-23T13:20:50.841+0000][67][info ][safepoint   ] Safepoint "Cleanup", Time since last: 5031471169 ns, Reaching safepoint: 460708 ns, Cleanup: 189375 ns, At safepoint: 10625 ns, Total: 660708 ns
[2023-06-23T13:21:03.927+0000][67][info ][safepoint   ] Safepoint "Cleanup", Time since last: 13080294880 ns, Reaching safepoint: 74584 ns, Cleanup: 269541 ns, At safepoint: 15000 ns, Total: 359125 ns
[2023-06-23T13:21:04.929+0000][67][info ][safepoint   ] Safepoint "Cleanup", Time since last: 1002267793 ns, Reaching safepoint: 22875 ns, Cleanup: 94416 ns, At safepoint: 4667 ns, Total: 121958 ns
[2023-06-23T13:21:18.001+0000][67][info ][safepoint   ] Safepoint "Cleanup", Time since last: 13071206964 ns, Reaching safepoint: 64500 ns, Cleanup: 480875 ns, At safepoint: 11792 ns, Total: 557167 ns
[2023-06-23T13:21:20.022+0000][67][info ][safepoint   ] Safepoint "Cleanup", Time since last: 2020934168 ns, Reaching safepoint: 21833 ns, Cleanup: 140375 ns, At safepoint: 9083 ns, Total: 171291 ns
[2023-06-23T13:21:54.190+0000][67][info ][safepoint   ] Safepoint "Cleanup", Time since last: 34171163725 ns, Reaching safepoint: 170250 ns, Cleanup: 185708 ns, At safepoint: 27000 ns, Total: 382958 ns
[2023-06-23T13:22:03.231+0000][67][info ][safepoint   ] Safepoint "Cleanup", Time since last: 9041009628 ns, Reaching safepoint: 59000 ns, Cleanup: 331167 ns, At safepoint: 10042 ns, Total: 400209 ns
[2023-06-23T13:22:05.253+0000][67][info ][safepoint   ] Safepoint "Cleanup", Time since last: 2021885834 ns, Reaching safepoint: 44500 ns, Cleanup: 134250 ns, At safepoint: 18708 ns, Total: 197458 ns
[2023-06-23T13:22:34.428+0000][67][info ][safepoint   ] Safepoint "Cleanup", Time since last: 29175110055 ns, Reaching safepoint: 95625 ns, Cleanup: 83792 ns, At safepoint: 21541 ns, Total: 200958 ns
[2023-06-23T13:23:04.562+0000][67][info ][safepoint   ] Safepoint "Cleanup", Time since last: 30133990097 ns, Reaching safepoint: 229584 ns, Cleanup: 193041 ns, At safepoint: 11250 ns, Total: 433875 ns
[2023-06-23T13:23:10.150+0000][67][info ][gc,start    ] GC(19) Pause Young (Prepare Mixed) (G1 Evacuation Pause)
[2023-06-23T13:23:10.153+0000][67][info ][gc,task     ] GC(19) Using 5 workers of 5 for evacuation
[2023-06-23T13:23:10.154+0000][67][debug][gc,age      ] GC(19) Desired survivor size 20971520 bytes, new threshold 15 (max threshold 15)
[2023-06-23T13:23:10.218+0000][67][info ][gc,phases   ] GC(19)   Pre Evacuate Collection Set: 0.5ms
[2023-06-23T13:23:10.219+0000][67][info ][gc,phases   ] GC(19)   Merge Heap Roots: 0.5ms
[2023-06-23T13:23:10.219+0000][67][info ][gc,phases   ] GC(19)   Evacuate Collection Set: 59.0ms
[2023-06-23T13:23:10.220+0000][67][info ][gc,phases   ] GC(19)   Post Evacuate Collection Set: 3.6ms
[2023-06-23T13:23:10.220+0000][67][info ][gc,phases   ] GC(19)   Other: 1.9ms
[2023-06-23T13:23:10.221+0000][67][trace][gc,age      ] GC(19) Age table with threshold 15 (max threshold 15)
[2023-06-23T13:23:10.221+0000][67][trace][gc,age      ] GC(19) - age   1:   10274568 bytes,   10274568 total
[2023-06-23T13:23:10.222+0000][67][trace][gc,age      ] GC(19) - age   2:     338288 bytes,   10612856 total
[2023-06-23T13:23:10.222+0000][67][trace][gc,age      ] GC(19) - age   3:   13869304 bytes,   24482160 total
[2023-06-23T13:23:10.222+0000][67][trace][gc,age      ] GC(19) - age   4:    2223360 bytes,   26705520 total
[2023-06-23T13:23:10.223+0000][67][info ][gc,heap     ] GC(19) Eden regions: 71->0(69)
[2023-06-23T13:23:10.223+0000][67][info ][gc,heap     ] GC(19) Survivor regions: 5->7(10)
[2023-06-23T13:23:10.224+0000][67][info ][gc,heap     ] GC(19) Old regions: 15->15
[2023-06-23T13:23:10.224+0000][67][info ][gc,heap     ] GC(19) Archive regions: 2->2
[2023-06-23T13:23:10.225+0000][67][info ][gc,heap     ] GC(19) Humongous regions: 0->0
[2023-06-23T13:23:10.225+0000][67][info ][gc,metaspace] GC(19) Metaspace: 117671K(121024K)->117671K(121024K) NonClass: 101534K(103296K)->101534K(103296K) Class: 16136K(17728K)->16136K(17728K)
[2023-06-23T13:23:10.225+0000][67][info ][gc          ] GC(19) Pause Young (Prepare Mixed) (G1 Evacuation Pause) 363M->88M(512M) 75.259ms
[2023-06-23T13:23:10.226+0000][67][info ][gc,cpu      ] GC(19) User=0.30s Sys=0.01s Real=0.07s
[2023-06-23T13:23:10.226+0000][67][info ][safepoint   ] Safepoint "G1CollectForAllocation", Time since last: 5584773920 ns, Reaching safepoint: 27583 ns, Cleanup: 2825833 ns, At safepoint: 75983209 ns, Total: 78836625 ns
[2023-06-23T13:23:54.408+0000][67][info ][safepoint   ] Safepoint "Cleanup", Time since last: 44180446646 ns, Reaching safepoint: 292958 ns, Cleanup: 122625 ns, At safepoint: 12750 ns, Total: 428333 ns
[2023-06-23T13:25:04.809+0000][67][info ][safepoint   ] Safepoint "Cleanup", Time since last: 70400827323 ns, Reaching safepoint: 66875 ns, Cleanup: 339000 ns, At safepoint: 11709 ns, Total: 417584 ns
[2023-06-23T13:29:21.943+0000][67][info ][safepoint   ] Safepoint "Cleanup", Time since last: 257132988243 ns, Reaching safepoint: 331583 ns, Cleanup: 221625 ns, At safepoint: 9542 ns, Total: 562750 ns
[2023-06-23T13:29:24.961+0000][67][info ][safepoint   ] Safepoint "Cleanup", Time since last: 3016534001 ns, Reaching safepoint: 883584 ns, Cleanup: 230458 ns, At safepoint: 163750 ns, Total: 1277792 ns
[2023-06-23T13:29:32.021+0000][67][info ][safepoint   ] Safepoint "Cleanup", Time since last: 7060105044 ns, Reaching safepoint: 171875 ns, Cleanup: 127084 ns, At safepoint: 6750 ns, Total: 305709 ns
[2023-06-23T13:29:35.025+0000][67][info ][safepoint   ] Safepoint "Cleanup", Time since last: 3002593043 ns, Reaching safepoint: 250375 ns, Cleanup: 414917 ns, At safepoint: 14916 ns, Total: 680208 ns
[2023-06-23T13:29:57.107+0000][67][info ][safepoint   ] Safepoint "Cleanup", Time since last: 22081850552 ns, Reaching safepoint: 49792 ns, Cleanup: 262792 ns, At safepoint: 9250 ns, Total: 321834 ns
[2023-06-23T13:30:04.169+0000][67][info ][safepoint   ] Safepoint "Cleanup", Time since last: 7062005878 ns, Reaching safepoint: 19750 ns, Cleanup: 99125 ns, At safepoint: 4666 ns, Total: 123541 ns
[2023-06-23T13:30:05.185+0000][67][info ][safepoint   ] Safepoint "Cleanup", Time since last: 1015309042 ns, Reaching safepoint: 309375 ns, Cleanup: 495584 ns, At safepoint: 12666 ns, Total: 817625 ns
[2023-06-23T13:30:47.394+0000][67][info ][safepoint   ] Safepoint "Cleanup", Time since last: 42209309520 ns, Reaching safepoint: 273541 ns, Cleanup: 357084 ns, At safepoint: 12083 ns, Total: 642708 ns
[2023-06-23T13:30:48.405+0000][67][info ][safepoint   ] Safepoint "Cleanup", Time since last: 1010004917 ns, Reaching safepoint: 49875 ns, Cleanup: 226750 ns, At safepoint: 10542 ns, Total: 287167 ns
[2023-06-23T13:31:04.485+0000][67][info ][safepoint   ] Safepoint "Cleanup", Time since last: 16078769799 ns, Reaching safepoint: 33458 ns, Cleanup: 209000 ns, At safepoint: 10417 ns, Total: 252875 ns
[2023-06-23T13:32:05.696+0000][67][info ][safepoint   ] Safepoint "Cleanup", Time since last: 61209958152 ns, Reaching safepoint: 251292 ns, Cleanup: 285792 ns, At safepoint: 12416 ns, Total: 549500 ns
[2023-06-23T13:32:11.717+0000][67][info ][safepoint   ] Safepoint "Cleanup", Time since last: 6021442836 ns, Reaching safepoint: 92292 ns, Cleanup: 137250 ns, At safepoint: 9500 ns, Total: 239042 ns
[2023-06-23T13:33:05.008+0000][67][info ][safepoint   ] Safepoint "Cleanup", Time since last: 53290353858 ns, Reaching safepoint: 176500 ns, Cleanup: 168208 ns, At safepoint: 9375 ns, Total: 354083 ns
[2023-06-23T13:34:47.286+0000][67][info ][safepoint   ] Safepoint "Cleanup", Time since last: 102321331129 ns, Reaching safepoint: 264792 ns, Cleanup: 165083 ns, At safepoint: 12542 ns, Total: 442417 ns
[2023-06-23T13:35:04.370+0000][67][info ][safepoint   ] Safepoint "Cleanup", Time since last: 17084811925 ns, Reaching safepoint: 23416 ns, Cleanup: 129292 ns, At safepoint: 6708 ns, Total: 159416 ns
[2023-06-23T13:35:31.501+0000][67][info ][safepoint   ] Safepoint "Cleanup", Time since last: 27129443346 ns, Reaching safepoint: 785750 ns, Cleanup: 310000 ns, At safepoint: 12333 ns, Total: 1108083 ns
[2023-06-23T13:35:44.577+0000][67][info ][safepoint   ] Safepoint "Cleanup", Time since last: 13075189756 ns, Reaching safepoint: 710875 ns, Cleanup: 195042 ns, At safepoint: 12166 ns, Total: 918083 ns
[2023-06-23T13:36:05.675+0000][67][info ][safepoint   ] Safepoint "Cleanup", Time since last: 21095036676 ns, Reaching safepoint: 75875 ns, Cleanup: 1535334 ns, At safepoint: 15458 ns, Total: 1626667 ns
[2023-06-23T13:38:05.201+0000][67][info ][safepoint   ] Safepoint "Cleanup", Time since last: 119527549388 ns, Reaching safepoint: 286875 ns, Cleanup: 206333 ns, At safepoint: 20375 ns, Total: 513583 ns
[2023-06-23T13:40:05.743+0000][67][info ][safepoint   ] Safepoint "Cleanup", Time since last: 120542594056 ns, Reaching safepoint: 92000 ns, Cleanup: 144083 ns, At safepoint: 9084 ns, Total: 245167 ns
[2023-06-23T13:40:35.853+0000][67][info ][safepoint   ] Safepoint "Cleanup", Time since last: 30110784055 ns, Reaching safepoint: 244166 ns, Cleanup: 273542 ns, At safepoint: 10083 ns, Total: 527791 ns
[2023-06-23T13:43:05.437+0000][67][info ][safepoint   ] Safepoint "Cleanup", Time since last: 149584544485 ns, Reaching safepoint: 217542 ns, Cleanup: 188541 ns, At safepoint: 12875 ns, Total: 418958 ns
[2023-06-23T13:45:02.858+0000][67][info ][safepoint   ] Safepoint "Cleanup", Time since last: 117421031846 ns, Reaching safepoint: 443583 ns, Cleanup: 81042 ns, At safepoint: 8750 ns, Total: 533375 ns
[2023-06-23T13:45:28.971+0000][67][info ][safepoint   ] Safepoint "Cleanup", Time since last: 26113108971 ns, Reaching safepoint: 245875 ns, Cleanup: 244667 ns, At safepoint: 13833 ns, Total: 504375 ns
[2023-06-23T13:45:48.014+0000][67][info ][safepoint   ] Safepoint "Cleanup", Time since last: 19042409009 ns, Reaching safepoint: 52166 ns, Cleanup: 164625 ns, At safepoint: 9084 ns, Total: 225875 ns
[2023-06-23T13:46:19.081+0000][67][info ][safepoint   ] Safepoint "Cleanup", Time since last: 31067412722 ns, Reaching safepoint: 114000 ns, Cleanup: 218667 ns, At safepoint: 12458 ns, Total: 345125 ns
[2023-06-23T13:46:36.155+0000][67][info ][safepoint   ] Safepoint "Cleanup", Time since last: 17074115633 ns, Reaching safepoint: 173500 ns, Cleanup: 298042 ns, At safepoint: 16833 ns, Total: 488375 ns
[2023-06-23T13:48:27.596+0000][67][info ][safepoint   ] Safepoint "Cleanup", Time since last: 111441396593 ns, Reaching safepoint: 183292 ns, Cleanup: 146458 ns, At safepoint: 8125 ns, Total: 337875 ns
[2023-06-23T13:51:30.197+0000][67][info ][safepoint   ] Safepoint "Cleanup", Time since last: 182601788166 ns, Reaching safepoint: 59958 ns, Cleanup: 313834 ns, At safepoint: 14500 ns, Total: 388292 ns
[2023-06-23T13:52:06.367+0000][67][info ][safepoint   ] Safepoint "Cleanup", Time since last: 36171164932 ns, Reaching safepoint: 291583 ns, Cleanup: 335375 ns, At safepoint: 15209 ns, Total: 642167 ns
[2023-06-23T13:52:45.535+0000][67][info ][safepoint   ] Safepoint "Cleanup", Time since last: 39166595685 ns, Reaching safepoint: 200500 ns, Cleanup: 293833 ns, At safepoint: 13250 ns, Total: 507583 ns
[2023-06-23T13:52:54.740+0000][67][info ][gc,start    ] GC(20) Pause Young (Mixed) (G1 Evacuation Pause)
[2023-06-23T13:52:54.744+0000][67][info ][gc,task     ] GC(20) Using 5 workers of 5 for evacuation
[2023-06-23T13:52:54.746+0000][67][debug][gc,age      ] GC(20) Desired survivor size 20971520 bytes, new threshold 3 (max threshold 15)
[2023-06-23T13:52:54.813+0000][67][info ][gc,phases   ] GC(20)   Pre Evacuate Collection Set: 0.7ms
[2023-06-23T13:52:54.814+0000][67][info ][gc,phases   ] GC(20)   Merge Heap Roots: 1.5ms
[2023-06-23T13:52:54.814+0000][67][info ][gc,phases   ] GC(20)   Evacuate Collection Set: 60.3ms
[2023-06-23T13:52:54.815+0000][67][info ][gc,phases   ] GC(20)   Post Evacuate Collection Set: 2.6ms
[2023-06-23T13:52:54.815+0000][67][info ][gc,phases   ] GC(20)   Other: 3.9ms
[2023-06-23T13:52:54.816+0000][67][trace][gc,age      ] GC(20) Age table with threshold 3 (max threshold 15)
[2023-06-23T13:52:54.816+0000][67][trace][gc,age      ] GC(20) - age   1:      58584 bytes,      58584 total
[2023-06-23T13:52:54.817+0000][67][trace][gc,age      ] GC(20) - age   2:    9903120 bytes,    9961704 total
[2023-06-23T13:52:54.817+0000][67][trace][gc,age      ] GC(20) - age   3:     338192 bytes,   10299896 total
[2023-06-23T13:52:54.818+0000][67][info ][gc,heap     ] GC(20) Eden regions: 69->0(73)
[2023-06-23T13:52:54.818+0000][67][info ][gc,heap     ] GC(20) Survivor regions: 7->3(10)
[2023-06-23T13:52:54.819+0000][67][info ][gc,heap     ] GC(20) Old regions: 15->18
[2023-06-23T13:52:54.819+0000][67][info ][gc,heap     ] GC(20) Archive regions: 2->2
[2023-06-23T13:52:54.819+0000][67][info ][gc,heap     ] GC(20) Humongous regions: 0->0
[2023-06-23T13:52:54.820+0000][67][info ][gc,metaspace] GC(20) Metaspace: 117851K(121152K)->117851K(121152K) NonClass: 101702K(103424K)->101702K(103424K) Class: 16148K(17728K)->16148K(17728K)
[2023-06-23T13:52:54.820+0000][67][info ][gc          ] GC(20) Pause Young (Mixed) (G1 Evacuation Pause) 364M->86M(512M) 80.349ms
[2023-06-23T13:52:54.821+0000][67][info ][gc,cpu      ] GC(20) User=0.30s Sys=0.00s Real=0.08s
[2023-06-23T13:52:54.821+0000][67][info ][safepoint   ] Safepoint "G1CollectForAllocation", Time since last: 9204372754 ns, Reaching safepoint: 48334 ns, Cleanup: 156458 ns, At safepoint: 81313125 ns, Total: 81517917 ns
[2023-06-23T13:57:07.658+0000][67][info ][safepoint   ] Safepoint "Cleanup", Time since last: 252839212532 ns, Reaching safepoint: 305666 ns, Cleanup: 300584 ns, At safepoint: 17291 ns, Total: 623541 ns
[2023-06-23T13:57:13.703+0000][67][info ][safepoint   ] Safepoint "Cleanup", Time since last: 6044401628 ns, Reaching safepoint: 254542 ns, Cleanup: 207333 ns, At safepoint: 13000 ns, Total: 474875 ns
[2023-06-23T13:57:36.806+0000][67][info ][safepoint   ] Safepoint "Cleanup", Time since last: 23102795511 ns, Reaching safepoint: 61750 ns, Cleanup: 318166 ns, At safepoint: 16042 ns, Total: 395958 ns
[2023-06-23T13:59:05.031+0000][67][info ][safepoint   ] Safepoint "Cleanup", Time since last: 88225055123 ns, Reaching safepoint: 188042 ns, Cleanup: 280125 ns, At safepoint: 15500 ns, Total: 483667 ns
[2023-06-23T13:59:36.153+0000][67][info ][safepoint   ] Safepoint "Cleanup", Time since last: 31120065764 ns, Reaching safepoint: 238208 ns, Cleanup: 186625 ns, At safepoint: 24625 ns, Total: 449458 ns
[2023-06-23T14:00:04.293+0000][67][info ][safepoint   ] Safepoint "Cleanup", Time since last: 28129735096 ns, Reaching safepoint: 56792 ns, Cleanup: 192667 ns, At safepoint: 11625 ns, Total: 261084 ns
[2023-06-23T14:04:07.166+0000][67][info ][safepoint   ] Safepoint "Cleanup", Time since last: 242856651569 ns, Reaching safepoint: 219292 ns, Cleanup: 356375 ns, At safepoint: 18833 ns, Total: 594500 ns
[2023-06-23T14:12:03.996+0000][67][info ][safepoint   ] Safepoint "Cleanup", Time since last: 476830924134 ns, Reaching safepoint: 172708 ns, Cleanup: 261708 ns, At safepoint: 36667 ns, Total: 471083 ns
[2023-06-23T14:13:03.084+0000][67][info ][safepoint   ] Safepoint "Cleanup", Time since last: 59086556486 ns, Reaching safepoint: 223125 ns, Cleanup: 414833 ns, At safepoint: 37333 ns, Total: 675291 ns
[2023-06-23T14:13:04.088+0000][67][info ][safepoint   ] Safepoint "Cleanup", Time since last: 1003657959 ns, Reaching safepoint: 58542 ns, Cleanup: 196083 ns, At safepoint: 11333 ns, Total: 265958 ns
[2023-06-23T14:13:07.103+0000][67][info ][safepoint   ] Safepoint "Cleanup", Time since last: 3015135669 ns, Reaching safepoint: 186750 ns, Cleanup: 523958 ns, At safepoint: 16000 ns, Total: 726708 ns
[2023-06-23T14:13:37.241+0000][67][info ][safepoint   ] Safepoint "Cleanup", Time since last: 30137473389 ns, Reaching safepoint: 213917 ns, Cleanup: 346208 ns, At safepoint: 16375 ns, Total: 576500 ns
[2023-06-23T14:18:37.464+0000][67][info ][safepoint   ] Safepoint "Cleanup", Time since last: 300222242970 ns, Reaching safepoint: 223166 ns, Cleanup: 215500 ns, At safepoint: 14459 ns, Total: 453125 ns
[2023-06-23T14:18:54.522+0000][67][info ][safepoint   ] Safepoint "Cleanup", Time since last: 17057392383 ns, Reaching safepoint: 223500 ns, Cleanup: 349542 ns, At safepoint: 32625 ns, Total: 605667 ns
[2023-06-23T14:19:07.569+0000][67][info ][safepoint   ] Safepoint "Cleanup", Time since last: 13047312797 ns, Reaching safepoint: 59500 ns, Cleanup: 265417 ns, At safepoint: 12250 ns, Total: 337167 ns
[2023-06-23T14:19:37.708+0000][67][info ][safepoint   ] Safepoint "Cleanup", Time since last: 30137495680 ns, Reaching safepoint: 256166 ns, Cleanup: 373167 ns, At safepoint: 33292 ns, Total: 662625 ns
[2023-06-23T14:25:04.067+0000][67][info ][gc,start    ] GC(21) Pause Young (Normal) (G1 Evacuation Pause)
[2023-06-23T14:25:04.071+0000][67][info ][gc,task     ] GC(21) Using 5 workers of 5 for evacuation
[2023-06-23T14:25:04.074+0000][67][debug][gc,age      ] GC(21) Desired survivor size 20971520 bytes, new threshold 15 (max threshold 15)
[2023-06-23T14:25:04.096+0000][67][info ][gc,phases   ] GC(21)   Pre Evacuate Collection Set: 0.5ms
[2023-06-23T14:25:04.097+0000][67][info ][gc,phases   ] GC(21)   Merge Heap Roots: 0.5ms
[2023-06-23T14:25:04.098+0000][67][info ][gc,phases   ] GC(21)   Evacuate Collection Set: 18.0ms
[2023-06-23T14:25:04.099+0000][67][info ][gc,phases   ] GC(21)   Post Evacuate Collection Set: 1.4ms
[2023-06-23T14:25:04.100+0000][67][info ][gc,phases   ] GC(21)   Other: 4.4ms
[2023-06-23T14:25:04.101+0000][67][trace][gc,age      ] GC(21) Age table with threshold 15 (max threshold 15)
[2023-06-23T14:25:04.101+0000][67][trace][gc,age      ] GC(21) - age   1:      18328 bytes,      18328 total
[2023-06-23T14:25:04.102+0000][67][trace][gc,age      ] GC(21) - age   2:      47200 bytes,      65528 total
[2023-06-23T14:25:04.103+0000][67][trace][gc,age      ] GC(21) - age   3:    9598872 bytes,    9664400 total
[2023-06-23T14:25:04.104+0000][67][trace][gc,age      ] GC(21) - age   4:     337472 bytes,   10001872 total
[2023-06-23T14:25:04.104+0000][67][info ][gc,heap     ] GC(21) Eden regions: 73->0(73)
[2023-06-23T14:25:04.105+0000][67][info ][gc,heap     ] GC(21) Survivor regions: 3->3(10)
[2023-06-23T14:25:04.105+0000][67][info ][gc,heap     ] GC(21) Old regions: 18->18
[2023-06-23T14:25:04.106+0000][67][info ][gc,heap     ] GC(21) Archive regions: 2->2
[2023-06-23T14:25:04.107+0000][67][info ][gc,heap     ] GC(21) Humongous regions: 0->0
[2023-06-23T14:25:04.107+0000][67][info ][gc,metaspace] GC(21) Metaspace: 118000K(121344K)->118000K(121344K) NonClass: 101851K(103616K)->101851K(103616K) Class: 16148K(17728K)->16148K(17728K)
[2023-06-23T14:25:04.108+0000][67][info ][gc          ] GC(21) Pause Young (Normal) (G1 Evacuation Pause) 378M->87M(512M) 40.259ms
[2023-06-23T14:25:04.108+0000][67][info ][gc,cpu      ] GC(21) User=0.06s Sys=0.00s Real=0.04s
[2023-06-23T14:25:04.109+0000][67][info ][safepoint   ] Safepoint "G1CollectForAllocation", Time since last: 326360138899 ns, Reaching safepoint: 36250 ns, Cleanup: 122000 ns, At safepoint: 41563625 ns, Total: 41721875 ns
[2023-06-23T14:25:37.279+0000][67][info ][safepoint   ] Safepoint "Cleanup", Time since last: 33168149724 ns, Reaching safepoint: 260125 ns, Cleanup: 299667 ns, At safepoint: 16791 ns, Total: 576583 ns
[2023-06-23T14:26:20.484+0000][67][info ][safepoint   ] Safepoint "Cleanup", Time since last: 43205682062 ns, Reaching safepoint: 56709 ns, Cleanup: 262708 ns, At safepoint: 14125 ns, Total: 333542 ns
[2023-06-23T14:33:08.008+0000][67][info ][safepoint   ] Safepoint "Cleanup", Time since last: 407516402894 ns, Reaching safepoint: 260875 ns, Cleanup: 198084 ns, At safepoint: 26916 ns, Total: 485875 ns
[2023-06-23T14:34:08.182+0000][67][info ][safepoint   ] Safepoint "Cleanup", Time since last: 60173638361 ns, Reaching safepoint: 148083 ns, Cleanup: 471709 ns, At safepoint: 26291 ns, Total: 646083 ns
[2023-06-23T14:36:37.804+0000][67][info ][safepoint   ] Safepoint "Cleanup", Time since last: 149621005109 ns, Reaching safepoint: 168834 ns, Cleanup: 383833 ns, At safepoint: 11333 ns, Total: 564000 ns
[2023-06-23T14:36:42.830+0000][67][info ][safepoint   ] Safepoint "Cleanup", Time since last: 5025230211 ns, Reaching safepoint: 58250 ns, Cleanup: 494375 ns, At safepoint: 54792 ns, Total: 607417 ns
[2023-06-23T14:41:37.619+0000][67][info ][safepoint   ] Safepoint "Cleanup", Time since last: 294787908343 ns, Reaching safepoint: 203250 ns, Cleanup: 131208 ns, At safepoint: 16584 ns, Total: 351042 ns
[2023-06-23T14:44:59.020+0000][67][info ][safepoint   ] Safepoint "Cleanup", Time since last: 201400779467 ns, Reaching safepoint: 204792 ns, Cleanup: 110083 ns, At safepoint: 10625 ns, Total: 325500 ns
[2023-06-23T14:50:38.068+0000][67][info ][safepoint   ] Safepoint "Cleanup", Time since last: 339046658322 ns, Reaching safepoint: 202291 ns, Cleanup: 308125 ns, At safepoint: 15125 ns, Total: 525541 ns
[2023-06-23T14:51:08.160+0000][67][info ][safepoint   ] Safepoint "Cleanup", Time since last: 30091114181 ns, Reaching safepoint: 52375 ns, Cleanup: 381583 ns, At safepoint: 13417 ns, Total: 447375 ns
[2023-06-23T14:52:08.373+0000][67][info ][safepoint   ] Safepoint "Cleanup", Time since last: 60212907403 ns, Reaching safepoint: 537625 ns, Cleanup: 354875 ns, At safepoint: 17833 ns, Total: 910333 ns
[2023-06-23T14:52:38.479+0000][67][info ][safepoint   ] Safepoint "Cleanup", Time since last: 30104968472 ns, Reaching safepoint: 256875 ns, Cleanup: 215958 ns, At safepoint: 13375 ns, Total: 486208 ns
[2023-06-23T14:55:05.023+0000][67][info ][safepoint   ] Safepoint "Cleanup", Time since last: 146543246484 ns, Reaching safepoint: 56125 ns, Cleanup: 194083 ns, At safepoint: 11750 ns, Total: 261958 ns
[2023-06-23T14:56:08.322+0000][67][info ][safepoint   ] Safepoint "Cleanup", Time since last: 63299134863 ns, Reaching safepoint: 80875 ns, Cleanup: 172583 ns, At safepoint: 188209 ns, Total: 441667 ns
[2023-06-23T14:56:13.332+0000][67][info ][safepoint   ] Safepoint "Cleanup", Time since last: 5009080710 ns, Reaching safepoint: 55417 ns, Cleanup: 306792 ns, At safepoint: 15875 ns, Total: 378084 ns
[2023-06-23T14:57:38.034+0000][67][info ][gc,start    ] GC(22) Pause Young (Normal) (G1 Evacuation Pause)
[2023-06-23T14:57:38.038+0000][67][info ][gc,task     ] GC(22) Using 5 workers of 5 for evacuation
[2023-06-23T14:57:38.039+0000][67][debug][gc,age      ] GC(22) Desired survivor size 20971520 bytes, new threshold 15 (max threshold 15)
[2023-06-23T14:57:38.066+0000][67][info ][gc,phases   ] GC(22)   Pre Evacuate Collection Set: 0.4ms
[2023-06-23T14:57:38.067+0000][67][info ][gc,phases   ] GC(22)   Merge Heap Roots: 0.3ms
[2023-06-23T14:57:38.068+0000][67][info ][gc,phases   ] GC(22)   Evacuate Collection Set: 20.9ms
[2023-06-23T14:57:38.069+0000][67][info ][gc,phases   ] GC(22)   Post Evacuate Collection Set: 3.2ms
[2023-06-23T14:57:38.070+0000][67][info ][gc,phases   ] GC(22)   Other: 3.1ms
[2023-06-23T14:57:38.070+0000][67][trace][gc,age      ] GC(22) Age table with threshold 15 (max threshold 15)
[2023-06-23T14:57:38.071+0000][67][trace][gc,age      ] GC(22) - age   1:      10504 bytes,      10504 total
[2023-06-23T14:57:38.072+0000][67][trace][gc,age      ] GC(22) - age   2:       9536 bytes,      20040 total
[2023-06-23T14:57:38.072+0000][67][trace][gc,age      ] GC(22) - age   3:      46984 bytes,      67024 total
[2023-06-23T14:57:38.073+0000][67][trace][gc,age      ] GC(22) - age   4:    9598872 bytes,    9665896 total
[2023-06-23T14:57:38.074+0000][67][trace][gc,age      ] GC(22) - age   5:     337472 bytes,   10003368 total
[2023-06-23T14:57:38.075+0000][67][info ][gc,heap     ] GC(22) Eden regions: 73->0(73)
[2023-06-23T14:57:38.075+0000][67][info ][gc,heap     ] GC(22) Survivor regions: 3->3(10)
[2023-06-23T14:57:38.076+0000][67][info ][gc,heap     ] GC(22) Old regions: 18->18
[2023-06-23T14:57:38.076+0000][67][info ][gc,heap     ] GC(22) Archive regions: 2->2
[2023-06-23T14:57:38.077+0000][67][info ][gc,heap     ] GC(22) Humongous regions: 0->0
[2023-06-23T14:57:38.077+0000][67][info ][gc,metaspace] GC(22) Metaspace: 118057K(121408K)->118057K(121408K) NonClass: 101908K(103680K)->101908K(103680K) Class: 16149K(17728K)->16149K(17728K)
[2023-06-23T14:57:38.078+0000][67][info ][gc          ] GC(22) Pause Young (Normal) (G1 Evacuation Pause) 379M->86M(512M) 44.202ms
[2023-06-23T14:57:38.079+0000][67][info ][gc,cpu      ] GC(22) User=0.11s Sys=0.00s Real=0.05s
[2023-06-23T14:57:38.080+0000][67][info ][safepoint   ] Safepoint "G1CollectForAllocation", Time since last: 84702116830 ns, Reaching safepoint: 113583 ns, Cleanup: 112334 ns, At safepoint: 45570375 ns, Total: 45796292 ns
[2023-06-23T14:59:38.526+0000][67][info ][safepoint   ] Safepoint "Cleanup", Time since last: 120446856554 ns, Reaching safepoint: 136000 ns, Cleanup: 180167 ns, At safepoint: 24042 ns, Total: 340209 ns
[2023-06-23T15:04:08.575+0000][67][info ][safepoint   ] Safepoint "Cleanup", Time since last: 270047561455 ns, Reaching safepoint: 221583 ns, Cleanup: 144375 ns, At safepoint: 22709 ns, Total: 388667 ns
[2023-06-23T15:06:09.019+0000][67][info ][safepoint   ] Safepoint "Cleanup", Time since last: 120443526138 ns, Reaching safepoint: 59667 ns, Cleanup: 154458 ns, At safepoint: 163084 ns, Total: 377209 ns
[2023-06-23T15:07:09.221+0000][67][info ][safepoint   ] Safepoint "Cleanup", Time since last: 60201495944 ns, Reaching safepoint: 230792 ns, Cleanup: 340667 ns, At safepoint: 16291 ns, Total: 587750 ns
[2023-06-23T15:07:39.386+0000][67][info ][safepoint   ] Safepoint "Cleanup", Time since last: 30164539973 ns, Reaching safepoint: 49208 ns, Cleanup: 174542 ns, At safepoint: 9416 ns, Total: 233166 ns
[2023-06-23T15:07:40.392+0000][67][info ][safepoint   ] Safepoint "Cleanup", Time since last: 1006153042 ns, Reaching safepoint: 33500 ns, Cleanup: 90167 ns, At safepoint: 6792 ns, Total: 130459 ns
[2023-06-23T15:08:09.541+0000][67][info ][safepoint   ] Safepoint "Cleanup", Time since last: 29147803346 ns, Reaching safepoint: 341208 ns, Cleanup: 306667 ns, At safepoint: 17125 ns, Total: 665000 ns
[2023-06-23T15:15:39.032+0000][67][info ][safepoint   ] Safepoint "Cleanup", Time since last: 449490245953 ns, Reaching safepoint: 113292 ns, Cleanup: 145708 ns, At safepoint: 14667 ns, Total: 273667 ns
[2023-06-23T15:21:09.103+0000][67][info ][safepoint   ] Safepoint "Cleanup", Time since last: 330070432358 ns, Reaching safepoint: 190166 ns, Cleanup: 258584 ns, At safepoint: 25166 ns, Total: 473916 ns
[2023-06-23T15:23:09.433+0000][67][info ][safepoint   ] Safepoint "Cleanup", Time since last: 120329642014 ns, Reaching safepoint: 196125 ns, Cleanup: 234583 ns, At safepoint: 12417 ns, Total: 443125 ns
[2023-06-23T15:24:03.585+0000][67][info ][safepoint   ] Safepoint "Cleanup", Time since last: 54151651732 ns, Reaching safepoint: 231292 ns, Cleanup: 210791 ns, At safepoint: 26959 ns, Total: 469042 ns
[2023-06-23T15:24:04.591+0000][67][info ][safepoint   ] Safepoint "Cleanup", Time since last: 1005115459 ns, Reaching safepoint: 62583 ns, Cleanup: 249667 ns, At safepoint: 14875 ns, Total: 327125 ns
[2023-06-23T15:30:39.187+0000][67][info ][gc,start    ] GC(23) Pause Young (Normal) (G1 Evacuation Pause)
[2023-06-23T15:30:39.189+0000][67][info ][gc,task     ] GC(23) Using 5 workers of 5 for evacuation
[2023-06-23T15:30:39.191+0000][67][debug][gc,age      ] GC(23) Desired survivor size 20971520 bytes, new threshold 15 (max threshold 15)
[2023-06-23T15:30:39.228+0000][67][info ][gc,phases   ] GC(23)   Pre Evacuate Collection Set: 1.0ms
[2023-06-23T15:30:39.229+0000][67][info ][gc,phases   ] GC(23)   Merge Heap Roots: 0.7ms
[2023-06-23T15:30:39.230+0000][67][info ][gc,phases   ] GC(23)   Evacuate Collection Set: 30.6ms
[2023-06-23T15:30:39.231+0000][67][info ][gc,phases   ] GC(23)   Post Evacuate Collection Set: 3.8ms
[2023-06-23T15:30:39.231+0000][67][info ][gc,phases   ] GC(23)   Other: 3.8ms
[2023-06-23T15:30:39.232+0000][67][trace][gc,age      ] GC(23) Age table with threshold 15 (max threshold 15)
[2023-06-23T15:30:39.232+0000][67][trace][gc,age      ] GC(23) - age   1:      33392 bytes,      33392 total
[2023-06-23T15:30:39.233+0000][67][trace][gc,age      ] GC(23) - age   2:       1168 bytes,      34560 total
[2023-06-23T15:30:39.233+0000][67][trace][gc,age      ] GC(23) - age   3:       9176 bytes,      43736 total
[2023-06-23T15:30:39.234+0000][67][trace][gc,age      ] GC(23) - age   4:      46984 bytes,      90720 total
[2023-06-23T15:30:39.235+0000][67][trace][gc,age      ] GC(23) - age   5:    9598872 bytes,    9689592 total
[2023-06-23T15:30:39.235+0000][67][trace][gc,age      ] GC(23) - age   6:     337472 bytes,   10027064 total
[2023-06-23T15:30:39.236+0000][67][info ][gc,heap     ] GC(23) Eden regions: 73->0(73)
[2023-06-23T15:30:39.236+0000][67][info ][gc,heap     ] GC(23) Survivor regions: 3->3(10)
[2023-06-23T15:30:39.237+0000][67][info ][gc,heap     ] GC(23) Old regions: 18->18
[2023-06-23T15:30:39.237+0000][67][info ][gc,heap     ] GC(23) Archive regions: 2->2
[2023-06-23T15:30:39.238+0000][67][info ][gc,heap     ] GC(23) Humongous regions: 0->0
[2023-06-23T15:30:39.238+0000][67][info ][gc,metaspace] GC(23) Metaspace: 118165K(121536K)->118165K(121536K) NonClass: 102015K(103808K)->102015K(103808K) Class: 16149K(17728K)->16149K(17728K)
[2023-06-23T15:30:39.239+0000][67][info ][gc          ] GC(23) Pause Young (Normal) (G1 Evacuation Pause) 378M->86M(512M) 51.954ms
[2023-06-23T15:30:39.239+0000][67][info ][gc,cpu      ] GC(23) User=0.15s Sys=0.00s Real=0.05s
[2023-06-23T15:30:39.240+0000][67][info ][safepoint   ] Safepoint "G1CollectForAllocation", Time since last: 394602118387 ns, Reaching safepoint: 198666 ns, Cleanup: 149667 ns, At safepoint: 53117125 ns, Total: 53465458 ns
[2023-06-23T15:43:10.026+0000][67][info ][safepoint   ] Safepoint "Cleanup", Time since last: 750785839799 ns, Reaching safepoint: 242500 ns, Cleanup: 199375 ns, At safepoint: 22709 ns, Total: 464584 ns
[2023-06-23T15:51:40.036+0000][67][info ][safepoint   ] Safepoint "Cleanup", Time since last: 510010241400 ns, Reaching safepoint: 318208 ns, Cleanup: 459333 ns, At safepoint: 26542 ns, Total: 804083 ns
[2023-06-23T15:57:40.259+0000][67][info ][safepoint   ] Safepoint "Cleanup", Time since last: 360266312291 ns, Reaching safepoint: 302208 ns, Cleanup: 317375 ns, At safepoint: 42250 ns, Total: 661833 ns
[2023-06-23T16:00:04.887+0000][67][info ][safepoint   ] Safepoint "Cleanup", Time since last: 144631297608 ns, Reaching safepoint: 63959 ns, Cleanup: 205458 ns, At safepoint: 49333 ns, Total: 318750 ns
[2023-06-23T16:00:16.954+0000][67][info ][safepoint   ] Safepoint "Cleanup", Time since last: 12065735090 ns, Reaching safepoint: 66833 ns, Cleanup: 363292 ns, At safepoint: 15750 ns, Total: 445875 ns
[2023-06-23T16:03:56.692+0000][67][info ][gc,start    ] GC(24) Pause Young (Normal) (G1 Evacuation Pause)
[2023-06-23T16:03:56.697+0000][67][info ][gc,task     ] GC(24) Using 5 workers of 5 for evacuation
[2023-06-23T16:03:56.699+0000][67][debug][gc,age      ] GC(24) Desired survivor size 20971520 bytes, new threshold 15 (max threshold 15)
[2023-06-23T16:03:56.723+0000][67][info ][gc,phases   ] GC(24)   Pre Evacuate Collection Set: 0.5ms
[2023-06-23T16:03:56.724+0000][67][info ][gc,phases   ] GC(24)   Merge Heap Roots: 0.3ms
[2023-06-23T16:03:56.724+0000][67][info ][gc,phases   ] GC(24)   Evacuate Collection Set: 18.7ms
[2023-06-23T16:03:56.725+0000][67][info ][gc,phases   ] GC(24)   Post Evacuate Collection Set: 1.4ms
[2023-06-23T16:03:56.726+0000][67][info ][gc,phases   ] GC(24)   Other: 4.3ms
[2023-06-23T16:03:56.727+0000][67][trace][gc,age      ] GC(24) Age table with threshold 15 (max threshold 15)
[2023-06-23T16:03:56.727+0000][67][trace][gc,age      ] GC(24) - age   1:      10304 bytes,      10304 total
[2023-06-23T16:03:56.728+0000][67][trace][gc,age      ] GC(24) - age   2:      10528 bytes,      20832 total
[2023-06-23T16:03:56.729+0000][67][trace][gc,age      ] GC(24) - age   3:        800 bytes,      21632 total
[2023-06-23T16:03:56.729+0000][67][trace][gc,age      ] GC(24) - age   4:       9176 bytes,      30808 total
[2023-06-23T16:03:56.730+0000][67][trace][gc,age      ] GC(24) - age   5:      46984 bytes,      77792 total
[2023-06-23T16:03:56.730+0000][67][trace][gc,age      ] GC(24) - age   6:    9598872 bytes,    9676664 total
[2023-06-23T16:03:56.731+0000][67][trace][gc,age      ] GC(24) - age   7:     337472 bytes,   10014136 total
[2023-06-23T16:03:56.732+0000][67][info ][gc,heap     ] GC(24) Eden regions: 73->0(73)
[2023-06-23T16:03:56.733+0000][67][info ][gc,heap     ] GC(24) Survivor regions: 3->3(10)
[2023-06-23T16:03:56.733+0000][67][info ][gc,heap     ] GC(24) Old regions: 18->18
[2023-06-23T16:03:56.734+0000][67][info ][gc,heap     ] GC(24) Archive regions: 2->2
[2023-06-23T16:03:56.735+0000][67][info ][gc,heap     ] GC(24) Humongous regions: 0->0
[2023-06-23T16:03:56.735+0000][67][info ][gc,metaspace] GC(24) Metaspace: 118167K(121536K)->118167K(121536K) NonClass: 102018K(103808K)->102018K(103808K) Class: 16149K(17728K)->16149K(17728K)
[2023-06-23T16:03:56.736+0000][67][info ][gc          ] GC(24) Pause Young (Normal) (G1 Evacuation Pause) 378M->86M(512M) 43.371ms
[2023-06-23T16:03:56.736+0000][67][info ][gc,cpu      ] GC(24) User=0.07s Sys=0.00s Real=0.04s
[2023-06-23T16:03:56.737+0000][67][info ][safepoint   ] Safepoint "G1CollectForAllocation", Time since last: 219741373266 ns, Reaching safepoint: 114959 ns, Cleanup: 113250 ns, At safepoint: 44694000 ns, Total: 44922209 ns
[2023-06-23T16:06:10.244+0000][67][info ][safepoint   ] Safepoint "Cleanup", Time since last: 133508884143 ns, Reaching safepoint: 59750 ns, Cleanup: 246792 ns, At safepoint: 12250 ns, Total: 318792 ns
[2023-06-23T16:12:10.537+0000][67][info ][safepoint   ] Safepoint "Cleanup", Time since last: 360298159831 ns, Reaching safepoint: 274000 ns, Cleanup: 197834 ns, At safepoint: 11041 ns, Total: 482875 ns
[2023-06-23T16:12:40.614+0000][67][info ][safepoint   ] Safepoint "Cleanup", Time since last: 30076419931 ns, Reaching safepoint: 534708 ns, Cleanup: 319125 ns, At safepoint: 16375 ns, Total: 870208 ns
[2023-06-23T16:21:04.533+0000][67][info ][safepoint   ] Safepoint "Cleanup", Time since last: 503925636897 ns, Reaching safepoint: 52250 ns, Cleanup: 167958 ns, At safepoint: 103834 ns, Total: 324042 ns
[2023-06-23T16:22:10.823+0000][67][info ][safepoint   ] Safepoint "Cleanup", Time since last: 66289845280 ns, Reaching safepoint: 426666 ns, Cleanup: 159750 ns, At safepoint: 50750 ns, Total: 637166 ns
[2023-06-23T16:23:09.015+0000][67][info ][safepoint   ] Safepoint "Cleanup", Time since last: 58192253985 ns, Reaching safepoint: 244041 ns, Cleanup: 168500 ns, At safepoint: 22584 ns, Total: 435125 ns
[2023-06-23T16:24:09.206+0000][67][info ][safepoint   ] Safepoint "Cleanup", Time since last: 60170770901 ns, Reaching safepoint: 239542 ns, Cleanup: 156833 ns, At safepoint: 12750 ns, Total: 409125 ns
[2023-06-23T16:24:11.226+0000][67][info ][safepoint   ] Safepoint "Cleanup", Time since last: 2019770418 ns, Reaching safepoint: 61417 ns, Cleanup: 194500 ns, At safepoint: 47083 ns, Total: 303000 ns
[2023-06-23T16:33:41.345+0000][67][info ][safepoint   ] Safepoint "Cleanup", Time since last: 570119202510 ns, Reaching safepoint: 157583 ns, Cleanup: 186792 ns, At safepoint: 18333 ns, Total: 362708 ns
[2023-06-23T16:37:10.753+0000][67][info ][gc,start    ] GC(25) Pause Young (Normal) (G1 Evacuation Pause)
[2023-06-23T16:37:10.758+0000][67][info ][gc,task     ] GC(25) Using 5 workers of 5 for evacuation
[2023-06-23T16:37:10.760+0000][67][debug][gc,age      ] GC(25) Desired survivor size 20971520 bytes, new threshold 15 (max threshold 15)
[2023-06-23T16:37:10.780+0000][67][info ][gc,phases   ] GC(25)   Pre Evacuate Collection Set: 0.7ms
[2023-06-23T16:37:10.780+0000][67][info ][gc,phases   ] GC(25)   Merge Heap Roots: 0.4ms
[2023-06-23T16:37:10.781+0000][67][info ][gc,phases   ] GC(25)   Evacuate Collection Set: 16.0ms
[2023-06-23T16:37:10.781+0000][67][info ][gc,phases   ] GC(25)   Post Evacuate Collection Set: 0.9ms
[2023-06-23T16:37:10.782+0000][67][info ][gc,phases   ] GC(25)   Other: 3.3ms
[2023-06-23T16:37:10.782+0000][67][trace][gc,age      ] GC(25) Age table with threshold 15 (max threshold 15)
[2023-06-23T16:37:10.783+0000][67][trace][gc,age      ] GC(25) - age   1:      10552 bytes,      10552 total
[2023-06-23T16:37:10.783+0000][67][trace][gc,age      ] GC(25) - age   2:        464 bytes,      11016 total
[2023-06-23T16:37:10.784+0000][67][trace][gc,age      ] GC(25) - age   3:      10168 bytes,      21184 total
[2023-06-23T16:37:10.784+0000][67][trace][gc,age      ] GC(25) - age   4:        800 bytes,      21984 total
[2023-06-23T16:37:10.785+0000][67][trace][gc,age      ] GC(25) - age   5:       9176 bytes,      31160 total
[2023-06-23T16:37:10.785+0000][67][trace][gc,age      ] GC(25) - age   6:      46984 bytes,      78144 total
[2023-06-23T16:37:10.786+0000][67][trace][gc,age      ] GC(25) - age   7:    9598872 bytes,    9677016 total
[2023-06-23T16:37:10.786+0000][67][trace][gc,age      ] GC(25) - age   8:     337472 bytes,   10014488 total
[2023-06-23T16:37:10.787+0000][67][info ][gc,heap     ] GC(25) Eden regions: 73->0(73)
[2023-06-23T16:37:10.787+0000][67][info ][gc,heap     ] GC(25) Survivor regions: 3->3(10)
[2023-06-23T16:37:10.788+0000][67][info ][gc,heap     ] GC(25) Old regions: 18->18
[2023-06-23T16:37:10.788+0000][67][info ][gc,heap     ] GC(25) Archive regions: 2->2
[2023-06-23T16:37:10.788+0000][67][info ][gc,heap     ] GC(25) Humongous regions: 0->0
[2023-06-23T16:37:10.789+0000][67][info ][gc,metaspace] GC(25) Metaspace: 118222K(121600K)->118222K(121600K) NonClass: 102073K(103872K)->102073K(103872K) Class: 16149K(17728K)->16149K(17728K)
[2023-06-23T16:37:10.789+0000][67][info ][gc          ] GC(25) Pause Young (Normal) (G1 Evacuation Pause) 378M->86M(512M) 36.482ms
[2023-06-23T16:37:10.790+0000][67][info ][gc,cpu      ] GC(25) User=0.05s Sys=0.00s Real=0.03s
[2023-06-23T16:37:10.790+0000][67][info ][safepoint   ] Safepoint "G1CollectForAllocation", Time since last: 209409260218 ns, Reaching safepoint: 68459 ns, Cleanup: 347791 ns, At safepoint: 37425459 ns, Total: 37841709 ns
[2023-06-23T16:41:11.600+0000][67][info ][safepoint   ] Safepoint "Cleanup", Time since last: 240810590902 ns, Reaching safepoint: 62583 ns, Cleanup: 356292 ns, At safepoint: 188750 ns, Total: 607625 ns
[2023-06-23T16:48:41.369+0000][67][info ][safepoint   ] Safepoint "Cleanup", Time since last: 449771737915 ns, Reaching safepoint: 204416 ns, Cleanup: 127167 ns, At safepoint: 12833 ns, Total: 344416 ns
[2023-06-23T16:55:04.904+0000][67][info ][safepoint   ] Safepoint "Cleanup", Time since last: 383537190050 ns, Reaching safepoint: 203250 ns, Cleanup: 248292 ns, At safepoint: 14083 ns, Total: 465625 ns
[2023-06-23T16:56:41.179+0000][67][info ][safepoint   ] Safepoint "Cleanup", Time since last: 96275664961 ns, Reaching safepoint: 142541 ns, Cleanup: 193750 ns, At safepoint: 23625 ns, Total: 359916 ns
[2023-06-23T17:10:25.007+0000][67][info ][gc,start    ] GC(26) Pause Young (Normal) (G1 Evacuation Pause)
[2023-06-23T17:10:25.014+0000][67][info ][gc,task     ] GC(26) Using 5 workers of 5 for evacuation
[2023-06-23T17:10:25.018+0000][67][debug][gc,age      ] GC(26) Desired survivor size 20971520 bytes, new threshold 15 (max threshold 15)
[2023-06-23T17:10:25.035+0000][67][info ][gc,phases   ] GC(26)   Pre Evacuate Collection Set: 0.4ms
[2023-06-23T17:10:25.037+0000][67][info ][gc,phases   ] GC(26)   Merge Heap Roots: 0.3ms
[2023-06-23T17:10:25.037+0000][67][info ][gc,phases   ] GC(26)   Evacuate Collection Set: 14.3ms
[2023-06-23T17:10:25.038+0000][67][info ][gc,phases   ] GC(26)   Post Evacuate Collection Set: 1.4ms
[2023-06-23T17:10:25.039+0000][67][info ][gc,phases   ] GC(26)   Other: 4.9ms
[2023-06-23T17:10:25.040+0000][67][trace][gc,age      ] GC(26) Age table with threshold 15 (max threshold 15)
[2023-06-23T17:10:25.041+0000][67][trace][gc,age      ] GC(26) - age   1:      10472 bytes,      10472 total
[2023-06-23T17:10:25.042+0000][67][trace][gc,age      ] GC(26) - age   2:        912 bytes,      11384 total
[2023-06-23T17:10:25.042+0000][67][trace][gc,age      ] GC(26) - age   3:        464 bytes,      11848 total
[2023-06-23T17:10:25.043+0000][67][trace][gc,age      ] GC(26) - age   4:      10168 bytes,      22016 total
[2023-06-23T17:10:25.044+0000][67][trace][gc,age      ] GC(26) - age   5:        800 bytes,      22816 total
[2023-06-23T17:10:25.044+0000][67][trace][gc,age      ] GC(26) - age   6:       9176 bytes,      31992 total
[2023-06-23T17:10:25.046+0000][67][trace][gc,age      ] GC(26) - age   7:      46984 bytes,      78976 total
[2023-06-23T17:10:25.046+0000][67][trace][gc,age      ] GC(26) - age   8:    9598872 bytes,    9677848 total
[2023-06-23T17:10:25.047+0000][67][trace][gc,age      ] GC(26) - age   9:     337472 bytes,   10015320 total
[2023-06-23T17:10:25.047+0000][67][info ][gc,heap     ] GC(26) Eden regions: 73->0(73)
[2023-06-23T17:10:25.048+0000][67][info ][gc,heap     ] GC(26) Survivor regions: 3->3(10)
[2023-06-23T17:10:25.048+0000][67][info ][gc,heap     ] GC(26) Old regions: 18->18
[2023-06-23T17:10:25.049+0000][67][info ][gc,heap     ] GC(26) Archive regions: 2->2
[2023-06-23T17:10:25.049+0000][67][info ][gc,heap     ] GC(26) Humongous regions: 0->0
[2023-06-23T17:10:25.050+0000][67][info ][gc,metaspace] GC(26) Metaspace: 118224K(121600K)->118224K(121600K) NonClass: 102075K(103872K)->102075K(103872K) Class: 16149K(17728K)->16149K(17728K)
[2023-06-23T17:10:25.050+0000][67][info ][gc          ] GC(26) Pause Young (Normal) (G1 Evacuation Pause) 378M->86M(512M) 42.986ms
[2023-06-23T17:10:25.051+0000][67][info ][gc,cpu      ] GC(26) User=0.06s Sys=0.00s Real=0.05s
[2023-06-23T17:10:25.051+0000][67][info ][safepoint   ] Safepoint "G1CollectForAllocation", Time since last: 823831741295 ns, Reaching safepoint: 52792 ns, Cleanup: 154583 ns, At safepoint: 44045250 ns, Total: 44252625 ns
[2023-06-23T17:15:12.018+0000][67][info ][safepoint   ] Safepoint "Cleanup", Time since last: 286970876466 ns, Reaching safepoint: 186417 ns, Cleanup: 207375 ns, At safepoint: 28625 ns, Total: 422417 ns
[2023-06-23T17:16:12.210+0000][67][info ][safepoint   ] Safepoint "Cleanup", Time since last: 60192010486 ns, Reaching safepoint: 294875 ns, Cleanup: 189291 ns, At safepoint: 13250 ns, Total: 497416 ns
[2023-06-23T17:27:12.024+0000][67][info ][safepoint   ] Safepoint "Cleanup", Time since last: 659748888093 ns, Reaching safepoint: 234875 ns, Cleanup: 253042 ns, At safepoint: 31708 ns, Total: 519625 ns
[2023-06-23T17:27:57.211+0000][67][info ][safepoint   ] Safepoint "Cleanup", Time since last: 45186832521 ns, Reaching safepoint: 201791 ns, Cleanup: 143042 ns, At safepoint: 8708 ns, Total: 353541 ns
[2023-06-23T17:30:42.764+0000][67][info ][safepoint   ] Safepoint "Cleanup", Time since last: 165551663993 ns, Reaching safepoint: 217916 ns, Cleanup: 340500 ns, At safepoint: 15667 ns, Total: 574083 ns
[2023-06-23T17:31:11.893+0000][67][info ][safepoint   ] Safepoint "Cleanup", Time since last: 29127004972 ns, Reaching safepoint: 54708 ns, Cleanup: 301750 ns, At safepoint: 14042 ns, Total: 370500 ns
[2023-06-23T17:43:39.148+0000][67][info ][gc,start    ] GC(27) Pause Young (Normal) (G1 Evacuation Pause)
[2023-06-23T17:43:39.152+0000][67][info ][gc,task     ] GC(27) Using 5 workers of 5 for evacuation
[2023-06-23T17:43:39.153+0000][67][debug][gc,age      ] GC(27) Desired survivor size 20971520 bytes, new threshold 15 (max threshold 15)
[2023-06-23T17:43:39.174+0000][67][info ][gc,phases   ] GC(27)   Pre Evacuate Collection Set: 0.6ms
[2023-06-23T17:43:39.175+0000][67][info ][gc,phases   ] GC(27)   Merge Heap Roots: 0.3ms
[2023-06-23T17:43:39.176+0000][67][info ][gc,phases   ] GC(27)   Evacuate Collection Set: 16.2ms
[2023-06-23T17:43:39.177+0000][67][info ][gc,phases   ] GC(27)   Post Evacuate Collection Set: 2.2ms
[2023-06-23T17:43:39.178+0000][67][info ][gc,phases   ] GC(27)   Other: 2.9ms
[2023-06-23T17:43:39.179+0000][67][trace][gc,age      ] GC(27) Age table with threshold 15 (max threshold 15)
[2023-06-23T17:43:39.180+0000][67][trace][gc,age      ] GC(27) - age   1:      10496 bytes,      10496 total
[2023-06-23T17:43:39.181+0000][67][trace][gc,age      ] GC(27) - age   2:        472 bytes,      10968 total
[2023-06-23T17:43:39.182+0000][67][trace][gc,age      ] GC(27) - age   3:        736 bytes,      11704 total
[2023-06-23T17:43:39.182+0000][67][trace][gc,age      ] GC(27) - age   4:         96 bytes,      11800 total
[2023-06-23T17:43:39.183+0000][67][trace][gc,age      ] GC(27) - age   5:      10168 bytes,      21968 total
[2023-06-23T17:43:39.184+0000][67][trace][gc,age      ] GC(27) - age   6:        800 bytes,      22768 total
[2023-06-23T17:43:39.185+0000][67][trace][gc,age      ] GC(27) - age   7:       9176 bytes,      31944 total
[2023-06-23T17:43:39.186+0000][67][trace][gc,age      ] GC(27) - age   8:      46984 bytes,      78928 total
[2023-06-23T17:43:39.186+0000][67][trace][gc,age      ] GC(27) - age   9:    9598872 bytes,    9677800 total
[2023-06-23T17:43:39.187+0000][67][trace][gc,age      ] GC(27) - age  10:     337472 bytes,   10015272 total
[2023-06-23T17:43:39.187+0000][67][info ][gc,heap     ] GC(27) Eden regions: 73->0(73)
[2023-06-23T17:43:39.188+0000][67][info ][gc,heap     ] GC(27) Survivor regions: 3->3(10)
[2023-06-23T17:43:39.189+0000][67][info ][gc,heap     ] GC(27) Old regions: 18->18
[2023-06-23T17:43:39.189+0000][67][info ][gc,heap     ] GC(27) Archive regions: 2->2
[2023-06-23T17:43:39.190+0000][67][info ][gc,heap     ] GC(27) Humongous regions: 0->0
[2023-06-23T17:43:39.190+0000][67][info ][gc,metaspace] GC(27) Metaspace: 118356K(121728K)->118356K(121728K) NonClass: 102206K(104000K)->102206K(104000K) Class: 16149K(17728K)->16149K(17728K)
[2023-06-23T17:43:39.191+0000][67][info ][gc          ] GC(27) Pause Young (Normal) (G1 Evacuation Pause) 378M->86M(512M) 42.840ms
[2023-06-23T17:43:39.191+0000][67][info ][gc,cpu      ] GC(27) User=0.06s Sys=0.00s Real=0.04s
[2023-06-23T17:43:39.192+0000][67][info ][safepoint   ] Safepoint "G1CollectForAllocation", Time since last: 747250026381 ns, Reaching safepoint: 71667 ns, Cleanup: 98250 ns, At safepoint: 44112792 ns, Total: 44282709 ns
[2023-06-23T18:17:03.142+0000][67][info ][gc,start    ] GC(28) Pause Young (Normal) (G1 Evacuation Pause)
[2023-06-23T18:17:03.147+0000][67][info ][gc,task     ] GC(28) Using 5 workers of 5 for evacuation
[2023-06-23T18:17:03.150+0000][67][debug][gc,age      ] GC(28) Desired survivor size 20971520 bytes, new threshold 15 (max threshold 15)
[2023-06-23T18:17:03.173+0000][67][info ][gc,phases   ] GC(28)   Pre Evacuate Collection Set: 0.5ms
[2023-06-23T18:17:03.174+0000][67][info ][gc,phases   ] GC(28)   Merge Heap Roots: 0.5ms
[2023-06-23T18:17:03.175+0000][67][info ][gc,phases   ] GC(28)   Evacuate Collection Set: 16.3ms
[2023-06-23T18:17:03.175+0000][67][info ][gc,phases   ] GC(28)   Post Evacuate Collection Set: 1.6ms
[2023-06-23T18:17:03.176+0000][67][info ][gc,phases   ] GC(28)   Other: 7.4ms
[2023-06-23T18:17:03.177+0000][67][trace][gc,age      ] GC(28) Age table with threshold 15 (max threshold 15)
[2023-06-23T18:17:03.178+0000][67][trace][gc,age      ] GC(28) - age   1:       9616 bytes,       9616 total
[2023-06-23T18:17:03.178+0000][67][trace][gc,age      ] GC(28) - age   2:        896 bytes,      10512 total
[2023-06-23T18:17:03.179+0000][67][trace][gc,age      ] GC(28) - age   3:        288 bytes,      10800 total
[2023-06-23T18:17:03.180+0000][67][trace][gc,age      ] GC(28) - age   4:        736 bytes,      11536 total
[2023-06-23T18:17:03.180+0000][67][trace][gc,age      ] GC(28) - age   5:         96 bytes,      11632 total
[2023-06-23T18:17:03.181+0000][67][trace][gc,age      ] GC(28) - age   6:      10168 bytes,      21800 total
[2023-06-23T18:17:03.182+0000][67][trace][gc,age      ] GC(28) - age   7:        800 bytes,      22600 total
[2023-06-23T18:17:03.182+0000][67][trace][gc,age      ] GC(28) - age   8:       9176 bytes,      31776 total
[2023-06-23T18:17:03.183+0000][67][trace][gc,age      ] GC(28) - age   9:      46984 bytes,      78760 total
[2023-06-23T18:17:03.183+0000][67][trace][gc,age      ] GC(28) - age  10:    9598872 bytes,    9677632 total
[2023-06-23T18:17:03.184+0000][67][trace][gc,age      ] GC(28) - age  11:     337472 bytes,   10015104 total
[2023-06-23T18:17:03.184+0000][67][info ][gc,heap     ] GC(28) Eden regions: 73->0(73)
[2023-06-23T18:17:03.185+0000][67][info ][gc,heap     ] GC(28) Survivor regions: 3->3(10)
[2023-06-23T18:17:03.185+0000][67][info ][gc,heap     ] GC(28) Old regions: 18->18
[2023-06-23T18:17:03.186+0000][67][info ][gc,heap     ] GC(28) Archive regions: 2->2
[2023-06-23T18:17:03.186+0000][67][info ][gc,heap     ] GC(28) Humongous regions: 0->0
[2023-06-23T18:17:03.187+0000][67][info ][gc,metaspace] GC(28) Metaspace: 118356K(121728K)->118356K(121728K) NonClass: 102207K(104000K)->102207K(104000K) Class: 16149K(17728K)->16149K(17728K)
[2023-06-23T18:17:03.188+0000][67][info ][gc          ] GC(28) Pause Young (Normal) (G1 Evacuation Pause) 378M->86M(512M) 46.090ms
[2023-06-23T18:17:03.189+0000][67][info ][gc,cpu      ] GC(28) User=0.05s Sys=0.00s Real=0.05s
[2023-06-23T18:17:03.189+0000][67][info ][safepoint   ] Safepoint "G1CollectForAllocation", Time since last: 2003950097415 ns, Reaching safepoint: 86292 ns, Cleanup: 155042 ns, At safepoint: 47361958 ns, Total: 47603292 ns
[2023-06-23T18:19:13.792+0000][67][info ][safepoint   ] Safepoint "Cleanup", Time since last: 130601267767 ns, Reaching safepoint: 279584 ns, Cleanup: 349041 ns, At safepoint: 44542 ns, Total: 673167 ns
[2023-06-23T18:27:13.730+0000][67][info ][safepoint   ] Safepoint "Cleanup", Time since last: 479945353551 ns, Reaching safepoint: 276583 ns, Cleanup: 144375 ns, At safepoint: 16625 ns, Total: 437583 ns
[2023-06-23T18:35:13.313+0000][67][info ][safepoint   ] Safepoint "Cleanup", Time since last: 479582285718 ns, Reaching safepoint: 51667 ns, Cleanup: 291375 ns, At safepoint: 9208 ns, Total: 352250 ns
[2023-06-23T18:44:14.274+0000][67][info ][safepoint   ] Safepoint "Cleanup", Time since last: 540960394579 ns, Reaching safepoint: 223542 ns, Cleanup: 200583 ns, At safepoint: 25542 ns, Total: 449667 ns
[2023-06-23T18:47:14.009+0000][67][info ][safepoint   ] Safepoint "Cleanup", Time since last: 179733944999 ns, Reaching safepoint: 196958 ns, Cleanup: 239542 ns, At safepoint: 43125 ns, Total: 479625 ns
[2023-06-23T18:49:43.531+0000][67][info ][safepoint   ] Safepoint "Cleanup", Time since last: 149521138985 ns, Reaching safepoint: 222250 ns, Cleanup: 185917 ns, At safepoint: 23500 ns, Total: 431667 ns
[2023-06-23T18:50:13.477+0000][67][info ][gc,start    ] GC(29) Pause Young (Normal) (G1 Evacuation Pause)
[2023-06-23T18:50:13.481+0000][67][info ][gc,task     ] GC(29) Using 5 workers of 5 for evacuation
[2023-06-23T18:50:13.482+0000][67][debug][gc,age      ] GC(29) Desired survivor size 20971520 bytes, new threshold 15 (max threshold 15)
[2023-06-23T18:50:13.504+0000][67][info ][gc,phases   ] GC(29)   Pre Evacuate Collection Set: 0.4ms
[2023-06-23T18:50:13.505+0000][67][info ][gc,phases   ] GC(29)   Merge Heap Roots: 0.2ms
[2023-06-23T18:50:13.505+0000][67][info ][gc,phases   ] GC(29)   Evacuate Collection Set: 17.9ms
[2023-06-23T18:50:13.506+0000][67][info ][gc,phases   ] GC(29)   Post Evacuate Collection Set: 1.7ms
[2023-06-23T18:50:13.507+0000][67][info ][gc,phases   ] GC(29)   Other: 2.8ms
[2023-06-23T18:50:13.507+0000][67][trace][gc,age      ] GC(29) Age table with threshold 15 (max threshold 15)
[2023-06-23T18:50:13.508+0000][67][trace][gc,age      ] GC(29) - age   1:      11744 bytes,      11744 total
[2023-06-23T18:50:13.508+0000][67][trace][gc,age      ] GC(29) - age   2:       1480 bytes,      13224 total
[2023-06-23T18:50:13.509+0000][67][trace][gc,age      ] GC(29) - age   3:        528 bytes,      13752 total
[2023-06-23T18:50:13.510+0000][67][trace][gc,age      ] GC(29) - age   4:        288 bytes,      14040 total
[2023-06-23T18:50:13.511+0000][67][trace][gc,age      ] GC(29) - age   5:        736 bytes,      14776 total
[2023-06-23T18:50:13.511+0000][67][trace][gc,age      ] GC(29) - age   6:         96 bytes,      14872 total
[2023-06-23T18:50:13.512+0000][67][trace][gc,age      ] GC(29) - age   7:      10168 bytes,      25040 total
[2023-06-23T18:50:13.513+0000][67][trace][gc,age      ] GC(29) - age   8:        800 bytes,      25840 total
[2023-06-23T18:50:13.513+0000][67][trace][gc,age      ] GC(29) - age   9:       9176 bytes,      35016 total
[2023-06-23T18:50:13.514+0000][67][trace][gc,age      ] GC(29) - age  10:      46984 bytes,      82000 total
[2023-06-23T18:50:13.515+0000][67][trace][gc,age      ] GC(29) - age  11:    9598872 bytes,    9680872 total
[2023-06-23T18:50:13.515+0000][67][trace][gc,age      ] GC(29) - age  12:     337472 bytes,   10018344 total
[2023-06-23T18:50:13.516+0000][67][info ][gc,heap     ] GC(29) Eden regions: 73->0(73)
[2023-06-23T18:50:13.517+0000][67][info ][gc,heap     ] GC(29) Survivor regions: 3->3(10)
[2023-06-23T18:50:13.517+0000][67][info ][gc,heap     ] GC(29) Old regions: 18->18
[2023-06-23T18:50:13.518+0000][67][info ][gc,heap     ] GC(29) Archive regions: 2->2
[2023-06-23T18:50:13.518+0000][67][info ][gc,heap     ] GC(29) Humongous regions: 0->0
[2023-06-23T18:50:13.519+0000][67][info ][gc,metaspace] GC(29) Metaspace: 118360K(121728K)->118360K(121728K) NonClass: 102211K(104000K)->102211K(104000K) Class: 16149K(17728K)->16149K(17728K)
[2023-06-23T18:50:13.520+0000][67][info ][gc          ] GC(29) Pause Young (Normal) (G1 Evacuation Pause) 378M->86M(512M) 42.269ms
[2023-06-23T18:50:13.520+0000][67][info ][gc,cpu      ] GC(29) User=0.06s Sys=0.00s Real=0.05s
[2023-06-23T18:50:13.521+0000][67][info ][safepoint   ] Safepoint "G1CollectForAllocation", Time since last: 29948191639 ns, Reaching safepoint: 45875 ns, Cleanup: 173833 ns, At safepoint: 43634042 ns, Total: 43853750 ns
[2023-06-23T18:52:44.052+0000][67][info ][safepoint   ] Safepoint "Cleanup", Time since last: 150528921569 ns, Reaching safepoint: 288625 ns, Cleanup: 174958 ns, At safepoint: 14250 ns, Total: 477833 ns
[2023-06-23T19:00:48.857+0000][67][info ][safepoint   ] Safepoint "Cleanup", Time since last: 484809864263 ns, Reaching safepoint: 222125 ns, Cleanup: 190291 ns, At safepoint: 12750 ns, Total: 425166 ns
[2023-06-23T19:11:15.346+0000][67][info ][safepoint   ] Safepoint "Cleanup", Time since last: 626496767828 ns, Reaching safepoint: 59083 ns, Cleanup: 205125 ns, At safepoint: 12709 ns, Total: 276917 ns
[2023-06-23T19:23:15.011+0000][67][info ][safepoint   ] Safepoint "Cleanup", Time since last: 719662865328 ns, Reaching safepoint: 233500 ns, Cleanup: 183416 ns, At safepoint: 20625 ns, Total: 437541 ns
[2023-06-23T19:23:32.866+0000][67][info ][gc,start    ] GC(30) Pause Young (Normal) (G1 Evacuation Pause)
[2023-06-23T19:23:32.870+0000][67][info ][gc,task     ] GC(30) Using 5 workers of 5 for evacuation
[2023-06-23T19:23:32.874+0000][67][debug][gc,age      ] GC(30) Desired survivor size 20971520 bytes, new threshold 15 (max threshold 15)
[2023-06-23T19:23:32.894+0000][67][info ][gc,phases   ] GC(30)   Pre Evacuate Collection Set: 0.4ms
[2023-06-23T19:23:32.895+0000][67][info ][gc,phases   ] GC(30)   Merge Heap Roots: 0.3ms
[2023-06-23T19:23:32.896+0000][67][info ][gc,phases   ] GC(30)   Evacuate Collection Set: 17.0ms
[2023-06-23T19:23:32.896+0000][67][info ][gc,phases   ] GC(30)   Post Evacuate Collection Set: 1.1ms
[2023-06-23T19:23:32.897+0000][67][info ][gc,phases   ] GC(30)   Other: 5.0ms
[2023-06-23T19:23:32.897+0000][67][trace][gc,age      ] GC(30) Age table with threshold 15 (max threshold 15)
[2023-06-23T19:23:32.898+0000][67][trace][gc,age      ] GC(30) - age   1:       9392 bytes,       9392 total
[2023-06-23T19:23:32.899+0000][67][trace][gc,age      ] GC(30) - age   2:        576 bytes,       9968 total
[2023-06-23T19:23:32.899+0000][67][trace][gc,age      ] GC(30) - age   3:       1120 bytes,      11088 total
[2023-06-23T19:23:32.900+0000][67][trace][gc,age      ] GC(30) - age   4:        528 bytes,      11616 total
[2023-06-23T19:23:32.900+0000][67][trace][gc,age      ] GC(30) - age   5:        288 bytes,      11904 total
[2023-06-23T19:23:32.901+0000][67][trace][gc,age      ] GC(30) - age   6:        736 bytes,      12640 total
[2023-06-23T19:23:32.901+0000][67][trace][gc,age      ] GC(30) - age   7:         96 bytes,      12736 total
[2023-06-23T19:23:32.902+0000][67][trace][gc,age      ] GC(30) - age   8:      10168 bytes,      22904 total
[2023-06-23T19:23:32.903+0000][67][trace][gc,age      ] GC(30) - age   9:        800 bytes,      23704 total
[2023-06-23T19:23:32.903+0000][67][trace][gc,age      ] GC(30) - age  10:       9176 bytes,      32880 total
[2023-06-23T19:23:32.904+0000][67][trace][gc,age      ] GC(30) - age  11:      46984 bytes,      79864 total
[2023-06-23T19:23:32.904+0000][67][trace][gc,age      ] GC(30) - age  12:    9598872 bytes,    9678736 total
[2023-06-23T19:23:32.905+0000][67][trace][gc,age      ] GC(30) - age  13:     337472 bytes,   10016208 total
[2023-06-23T19:23:32.905+0000][67][info ][gc,heap     ] GC(30) Eden regions: 73->0(73)
[2023-06-23T19:23:32.906+0000][67][info ][gc,heap     ] GC(30) Survivor regions: 3->3(10)
[2023-06-23T19:23:32.906+0000][67][info ][gc,heap     ] GC(30) Old regions: 18->18
[2023-06-23T19:23:32.907+0000][67][info ][gc,heap     ] GC(30) Archive regions: 2->2
[2023-06-23T19:23:32.907+0000][67][info ][gc,heap     ] GC(30) Humongous regions: 0->0
[2023-06-23T19:23:32.908+0000][67][info ][gc,metaspace] GC(30) Metaspace: 118366K(121728K)->118366K(121728K) NonClass: 102217K(104000K)->102217K(104000K) Class: 16149K(17728K)->16149K(17728K)
[2023-06-23T19:23:32.908+0000][67][info ][gc          ] GC(30) Pause Young (Normal) (G1 Evacuation Pause) 378M->86M(512M) 42.232ms
[2023-06-23T19:23:32.909+0000][67][info ][gc,cpu      ] GC(30) User=0.06s Sys=0.00s Real=0.05s
[2023-06-23T19:23:32.910+0000][67][info ][safepoint   ] Safepoint "G1CollectForAllocation", Time since last: 17854995926 ns, Reaching safepoint: 90875 ns, Cleanup: 115041 ns, At safepoint: 43526792 ns, Total: 43732708 ns
[2023-06-23T19:35:14.674+0000][67][info ][safepoint   ] Safepoint "Cleanup", Time since last: 701789117821 ns, Reaching safepoint: 54708 ns, Cleanup: 367667 ns, At safepoint: 17875 ns, Total: 440250 ns
[2023-06-23T19:35:18.696+0000][67][info ][safepoint   ] Safepoint "Cleanup", Time since last: 4022117794 ns, Reaching safepoint: 59583 ns, Cleanup: 204833 ns, At safepoint: 12417 ns, Total: 276833 ns
[2023-06-23T19:36:45.019+0000][67][info ][safepoint   ] Safepoint "Cleanup", Time since last: 86318053415 ns, Reaching safepoint: 174125 ns, Cleanup: 192125 ns, At safepoint: 11584 ns, Total: 377834 ns
[2023-06-23T19:39:15.561+0000][67][info ][safepoint   ] Safepoint "Cleanup", Time since last: 150549192276 ns, Reaching safepoint: 248500 ns, Cleanup: 374041 ns, At safepoint: 45417 ns, Total: 667958 ns
[2023-06-23T19:39:44.680+0000][67][info ][safepoint   ] Safepoint "Cleanup", Time since last: 29112165305 ns, Reaching safepoint: 217375 ns, Cleanup: 213709 ns, At safepoint: 24875 ns, Total: 455959 ns
[2023-06-23T19:47:15.401+0000][67][info ][safepoint   ] Safepoint "Cleanup", Time since last: 450728016039 ns, Reaching safepoint: 237833 ns, Cleanup: 263542 ns, At safepoint: 32667 ns, Total: 534042 ns
[2023-06-23T19:56:43.699+0000][67][info ][gc,start    ] GC(31) Pause Young (Normal) (G1 Evacuation Pause)
[2023-06-23T19:56:43.704+0000][67][info ][gc,task     ] GC(31) Using 5 workers of 5 for evacuation
[2023-06-23T19:56:43.706+0000][67][debug][gc,age      ] GC(31) Desired survivor size 20971520 bytes, new threshold 15 (max threshold 15)
[2023-06-23T19:56:43.728+0000][67][info ][gc,phases   ] GC(31)   Pre Evacuate Collection Set: 0.5ms
[2023-06-23T19:56:43.729+0000][67][info ][gc,phases   ] GC(31)   Merge Heap Roots: 0.5ms
[2023-06-23T19:56:43.730+0000][67][info ][gc,phases   ] GC(31)   Evacuate Collection Set: 16.6ms
[2023-06-23T19:56:43.730+0000][67][info ][gc,phases   ] GC(31)   Post Evacuate Collection Set: 1.9ms
[2023-06-23T19:56:43.731+0000][67][info ][gc,phases   ] GC(31)   Other: 4.2ms
[2023-06-23T19:56:43.731+0000][67][trace][gc,age      ] GC(31) Age table with threshold 15 (max threshold 15)
[2023-06-23T19:56:43.732+0000][67][trace][gc,age      ] GC(31) - age   1:       9304 bytes,       9304 total
[2023-06-23T19:56:43.732+0000][67][trace][gc,age      ] GC(31) - age   2:       1144 bytes,      10448 total
[2023-06-23T19:56:43.733+0000][67][trace][gc,age      ] GC(31) - age   3:        392 bytes,      10840 total
[2023-06-23T19:56:43.733+0000][67][trace][gc,age      ] GC(31) - age   4:       1120 bytes,      11960 total
[2023-06-23T19:56:43.734+0000][67][trace][gc,age      ] GC(31) - age   5:        528 bytes,      12488 total
[2023-06-23T19:56:43.734+0000][67][trace][gc,age      ] GC(31) - age   6:        288 bytes,      12776 total
[2023-06-23T19:56:43.735+0000][67][trace][gc,age      ] GC(31) - age   7:        736 bytes,      13512 total
[2023-06-23T19:56:43.736+0000][67][trace][gc,age      ] GC(31) - age   8:         96 bytes,      13608 total
[2023-06-23T19:56:43.736+0000][67][trace][gc,age      ] GC(31) - age   9:      10168 bytes,      23776 total
[2023-06-23T19:56:43.737+0000][67][trace][gc,age      ] GC(31) - age  10:        800 bytes,      24576 total
[2023-06-23T19:56:43.737+0000][67][trace][gc,age      ] GC(31) - age  11:       9176 bytes,      33752 total
[2023-06-23T19:56:43.738+0000][67][trace][gc,age      ] GC(31) - age  12:      46984 bytes,      80736 total
[2023-06-23T19:56:43.738+0000][67][trace][gc,age      ] GC(31) - age  13:    9598872 bytes,    9679608 total
[2023-06-23T19:56:43.738+0000][67][trace][gc,age      ] GC(31) - age  14:     337472 bytes,   10017080 total
[2023-06-23T19:56:43.739+0000][67][info ][gc,heap     ] GC(31) Eden regions: 73->0(73)
[2023-06-23T19:56:43.739+0000][67][info ][gc,heap     ] GC(31) Survivor regions: 3->3(10)
[2023-06-23T19:56:43.740+0000][67][info ][gc,heap     ] GC(31) Old regions: 18->18
[2023-06-23T19:56:43.740+0000][67][info ][gc,heap     ] GC(31) Archive regions: 2->2
[2023-06-23T19:56:43.741+0000][67][info ][gc,heap     ] GC(31) Humongous regions: 0->0
[2023-06-23T19:56:43.741+0000][67][info ][gc,metaspace] GC(31) Metaspace: 118378K(121728K)->118378K(121728K) NonClass: 102228K(104000K)->102228K(104000K) Class: 16149K(17728K)->16149K(17728K)
[2023-06-23T19:56:43.742+0000][67][info ][gc          ] GC(31) Pause Young (Normal) (G1 Evacuation Pause) 378M->86M(512M) 43.308ms
[2023-06-23T19:56:43.743+0000][67][info ][gc,cpu      ] GC(31) User=0.07s Sys=0.00s Real=0.04s
[2023-06-23T19:56:43.743+0000][67][info ][safepoint   ] Safepoint "G1CollectForAllocation", Time since last: 568298821467 ns, Reaching safepoint: 118167 ns, Cleanup: 175833 ns, At safepoint: 44645042 ns, Total: 44939042 ns
[2023-06-23T20:29:45.674+0000][67][info ][gc,start    ] GC(32) Pause Young (Normal) (G1 Evacuation Pause)
[2023-06-23T20:29:45.678+0000][67][info ][gc,task     ] GC(32) Using 5 workers of 5 for evacuation
[2023-06-23T20:29:45.679+0000][67][debug][gc,age      ] GC(32) Desired survivor size 20971520 bytes, new threshold 15 (max threshold 15)
[2023-06-23T20:29:45.705+0000][67][info ][gc,phases   ] GC(32)   Pre Evacuate Collection Set: 0.5ms
[2023-06-23T20:29:45.706+0000][67][info ][gc,phases   ] GC(32)   Merge Heap Roots: 0.4ms
[2023-06-23T20:29:45.707+0000][67][info ][gc,phases   ] GC(32)   Evacuate Collection Set: 21.3ms
[2023-06-23T20:29:45.707+0000][67][info ][gc,phases   ] GC(32)   Post Evacuate Collection Set: 2.0ms
[2023-06-23T20:29:45.708+0000][67][info ][gc,phases   ] GC(32)   Other: 3.2ms
[2023-06-23T20:29:45.709+0000][67][trace][gc,age      ] GC(32) Age table with threshold 15 (max threshold 15)
[2023-06-23T20:29:45.709+0000][67][trace][gc,age      ] GC(32) - age   1:      12864 bytes,      12864 total
[2023-06-23T20:29:45.710+0000][67][trace][gc,age      ] GC(32) - age   2:       1208 bytes,      14072 total
[2023-06-23T20:29:45.711+0000][67][trace][gc,age      ] GC(32) - age   3:        600 bytes,      14672 total
[2023-06-23T20:29:45.711+0000][67][trace][gc,age      ] GC(32) - age   4:        392 bytes,      15064 total
[2023-06-23T20:29:45.712+0000][67][trace][gc,age      ] GC(32) - age   5:       1120 bytes,      16184 total
[2023-06-23T20:29:45.712+0000][67][trace][gc,age      ] GC(32) - age   6:        528 bytes,      16712 total
[2023-06-23T20:29:45.713+0000][67][trace][gc,age      ] GC(32) - age   7:        288 bytes,      17000 total
[2023-06-23T20:29:45.714+0000][67][trace][gc,age      ] GC(32) - age   8:        736 bytes,      17736 total
[2023-06-23T20:29:45.714+0000][67][trace][gc,age      ] GC(32) - age   9:         96 bytes,      17832 total
[2023-06-23T20:29:45.715+0000][67][trace][gc,age      ] GC(32) - age  10:      10168 bytes,      28000 total
[2023-06-23T20:29:45.715+0000][67][trace][gc,age      ] GC(32) - age  11:        800 bytes,      28800 total
[2023-06-23T20:29:45.716+0000][67][trace][gc,age      ] GC(32) - age  12:       9176 bytes,      37976 total
[2023-06-23T20:29:45.716+0000][67][trace][gc,age      ] GC(32) - age  13:      46984 bytes,      84960 total
[2023-06-23T20:29:45.717+0000][67][trace][gc,age      ] GC(32) - age  14:    9598872 bytes,    9683832 total
[2023-06-23T20:29:45.718+0000][67][trace][gc,age      ] GC(32) - age  15:     337472 bytes,   10021304 total
[2023-06-23T20:29:45.718+0000][67][info ][gc,heap     ] GC(32) Eden regions: 73->0(73)
[2023-06-23T20:29:45.719+0000][67][info ][gc,heap     ] GC(32) Survivor regions: 3->3(10)
[2023-06-23T20:29:45.719+0000][67][info ][gc,heap     ] GC(32) Old regions: 18->18
[2023-06-23T20:29:45.720+0000][67][info ][gc,heap     ] GC(32) Archive regions: 2->2
[2023-06-23T20:29:45.720+0000][67][info ][gc,heap     ] GC(32) Humongous regions: 0->0
[2023-06-23T20:29:45.721+0000][67][info ][gc,metaspace] GC(32) Metaspace: 118378K(121728K)->118378K(121728K) NonClass: 102228K(104000K)->102228K(104000K) Class: 16149K(17728K)->16149K(17728K)
[2023-06-23T20:29:45.721+0000][67][info ][gc          ] GC(32) Pause Young (Normal) (G1 Evacuation Pause) 378M->86M(512M) 47.410ms
[2023-06-23T20:29:45.722+0000][67][info ][gc,cpu      ] GC(32) User=0.09s Sys=0.00s Real=0.05s
[2023-06-23T20:29:45.722+0000][67][info ][safepoint   ] Safepoint "G1CollectForAllocation", Time since last: 1981905332240 ns, Reaching safepoint: 239584 ns, Cleanup: 152875 ns, At safepoint: 48647708 ns, Total: 49040167 ns
[2023-06-23T20:35:09.864+0000][67][info ][safepoint   ] Safepoint "Cleanup", Time since last: 324164653356 ns, Reaching safepoint: 51834 ns, Cleanup: 211625 ns, At safepoint: 180083 ns, Total: 443542 ns
[2023-06-23T20:36:16.018+0000][67][info ][safepoint   ] Safepoint "Cleanup", Time since last: 66148691656 ns, Reaching safepoint: 63958 ns, Cleanup: 185667 ns, At safepoint: 10916 ns, Total: 260541 ns
[2023-06-23T20:36:25.031+0000][67][info ][safepoint   ] Safepoint "Cleanup", Time since last: 9012935546 ns, Reaching safepoint: 50167 ns, Cleanup: 146625 ns, At safepoint: 10458 ns, Total: 207250 ns
[2023-06-23T20:39:47.011+0000][67][info ][safepoint   ] Safepoint "Cleanup", Time since last: 201981275593 ns, Reaching safepoint: 227375 ns, Cleanup: 237291 ns, At safepoint: 11667 ns, Total: 476333 ns
[2023-06-23T20:43:16.887+0000][67][info ][safepoint   ] Safepoint "Cleanup", Time since last: 209881145054 ns, Reaching safepoint: 197375 ns, Cleanup: 300167 ns, At safepoint: 16583 ns, Total: 514125 ns
[2023-06-23T20:54:43.867+0000][67][info ][safepoint   ] Safepoint "Cleanup", Time since last: 686979099938 ns, Reaching safepoint: 275250 ns, Cleanup: 155042 ns, At safepoint: 23875 ns, Total: 454167 ns
[2023-06-23T20:58:16.410+0000][67][info ][safepoint   ] Safepoint "Cleanup", Time since last: 212543776430 ns, Reaching safepoint: 239792 ns, Cleanup: 155916 ns, At safepoint: 23750 ns, Total: 419458 ns
[2023-06-23T21:02:49.997+0000][67][info ][gc,start    ] GC(33) Pause Young (Normal) (G1 Evacuation Pause)
[2023-06-23T21:02:50.000+0000][67][info ][gc,task     ] GC(33) Using 5 workers of 5 for evacuation
[2023-06-23T21:02:50.001+0000][67][debug][gc,age      ] GC(33) Desired survivor size 20971520 bytes, new threshold 15 (max threshold 15)
[2023-06-23T21:02:50.024+0000][67][info ][gc,phases   ] GC(33)   Pre Evacuate Collection Set: 0.8ms
[2023-06-23T21:02:50.024+0000][67][info ][gc,phases   ] GC(33)   Merge Heap Roots: 0.3ms
[2023-06-23T21:02:50.025+0000][67][info ][gc,phases   ] GC(33)   Evacuate Collection Set: 18.1ms
[2023-06-23T21:02:50.025+0000][67][info ][gc,phases   ] GC(33)   Post Evacuate Collection Set: 1.0ms
[2023-06-23T21:02:50.026+0000][67][info ][gc,phases   ] GC(33)   Other: 3.8ms
[2023-06-23T21:02:50.026+0000][67][trace][gc,age      ] GC(33) Age table with threshold 15 (max threshold 15)
[2023-06-23T21:02:50.026+0000][67][trace][gc,age      ] GC(33) - age   1:      11912 bytes,      11912 total
[2023-06-23T21:02:50.027+0000][67][trace][gc,age      ] GC(33) - age   2:       2384 bytes,      14296 total
[2023-06-23T21:02:50.027+0000][67][trace][gc,age      ] GC(33) - age   3:        840 bytes,      15136 total
[2023-06-23T21:02:50.027+0000][67][trace][gc,age      ] GC(33) - age   4:        600 bytes,      15736 total
[2023-06-23T21:02:50.028+0000][67][trace][gc,age      ] GC(33) - age   5:        392 bytes,      16128 total
[2023-06-23T21:02:50.028+0000][67][trace][gc,age      ] GC(33) - age   6:       1120 bytes,      17248 total
[2023-06-23T21:02:50.029+0000][67][trace][gc,age      ] GC(33) - age   7:        528 bytes,      17776 total
[2023-06-23T21:02:50.029+0000][67][trace][gc,age      ] GC(33) - age   8:        288 bytes,      18064 total
[2023-06-23T21:02:50.029+0000][67][trace][gc,age      ] GC(33) - age   9:        736 bytes,      18800 total
[2023-06-23T21:02:50.030+0000][67][trace][gc,age      ] GC(33) - age  10:         96 bytes,      18896 total
[2023-06-23T21:02:50.030+0000][67][trace][gc,age      ] GC(33) - age  11:      10168 bytes,      29064 total
[2023-06-23T21:02:50.030+0000][67][trace][gc,age      ] GC(33) - age  12:        800 bytes,      29864 total
[2023-06-23T21:02:50.031+0000][67][trace][gc,age      ] GC(33) - age  13:       9176 bytes,      39040 total
[2023-06-23T21:02:50.031+0000][67][trace][gc,age      ] GC(33) - age  14:      46984 bytes,      86024 total
[2023-06-23T21:02:50.031+0000][67][trace][gc,age      ] GC(33) - age  15:    9598872 bytes,    9684896 total
[2023-06-23T21:02:50.032+0000][67][info ][gc,heap     ] GC(33) Eden regions: 73->0(73)
[2023-06-23T21:02:50.032+0000][67][info ][gc,heap     ] GC(33) Survivor regions: 3->3(10)
[2023-06-23T21:02:50.032+0000][67][info ][gc,heap     ] GC(33) Old regions: 18->19
[2023-06-23T21:02:50.033+0000][67][info ][gc,heap     ] GC(33) Archive regions: 2->2
[2023-06-23T21:02:50.033+0000][67][info ][gc,heap     ] GC(33) Humongous regions: 0->0
[2023-06-23T21:02:50.033+0000][67][info ][gc,metaspace] GC(33) Metaspace: 118379K(121728K)->118379K(121728K) NonClass: 102230K(104000K)->102230K(104000K) Class: 16149K(17728K)->16149K(17728K)
[2023-06-23T21:02:50.034+0000][67][info ][gc          ] GC(33) Pause Young (Normal) (G1 Evacuation Pause) 378M->86M(512M) 37.022ms
[2023-06-23T21:02:50.034+0000][67][info ][gc,cpu      ] GC(33) User=0.05s Sys=0.00s Real=0.04s
[2023-06-23T21:02:50.034+0000][67][info ][safepoint   ] Safepoint "G1CollectForAllocation", Time since last: 273587701584 ns, Reaching safepoint: 48042 ns, Cleanup: 72750 ns, At safepoint: 37765708 ns, Total: 37886500 ns
[2023-06-23T21:05:10.436+0000][67][info ][safepoint   ] Safepoint "Cleanup", Time since last: 140407769023 ns, Reaching safepoint: 257125 ns, Cleanup: 145958 ns, At safepoint: 22000 ns, Total: 425083 ns
[2023-06-23T21:35:26.268+0000][67][info ][safepoint   ] Safepoint "Cleanup", Time since last: 1815802392199 ns, Reaching safepoint: 474583 ns, Cleanup: 128458 ns, At safepoint: 10834 ns, Total: 613875 ns
[2023-06-23T21:35:59.321+0000][67][info ][gc,start    ] GC(34) Pause Young (Normal) (G1 Evacuation Pause)
[2023-06-23T21:35:59.329+0000][67][info ][gc,task     ] GC(34) Using 5 workers of 5 for evacuation
[2023-06-23T21:35:59.331+0000][67][debug][gc,age      ] GC(34) Desired survivor size 20971520 bytes, new threshold 15 (max threshold 15)
[2023-06-23T21:35:59.380+0000][67][info ][gc,phases   ] GC(34)   Pre Evacuate Collection Set: 1.1ms
[2023-06-23T21:35:59.381+0000][67][info ][gc,phases   ] GC(34)   Merge Heap Roots: 0.9ms
[2023-06-23T21:35:59.381+0000][67][info ][gc,phases   ] GC(34)   Evacuate Collection Set: 42.6ms
[2023-06-23T21:35:59.382+0000][67][info ][gc,phases   ] GC(34)   Post Evacuate Collection Set: 3.1ms
[2023-06-23T21:35:59.382+0000][67][info ][gc,phases   ] GC(34)   Other: 3.7ms
[2023-06-23T21:35:59.383+0000][67][trace][gc,age      ] GC(34) Age table with threshold 15 (max threshold 15)
[2023-06-23T21:35:59.384+0000][67][trace][gc,age      ] GC(34) - age   1:       9360 bytes,       9360 total
[2023-06-23T21:35:59.384+0000][67][trace][gc,age      ] GC(34) - age   2:       4240 bytes,      13600 total
[2023-06-23T21:35:59.385+0000][67][trace][gc,age      ] GC(34) - age   3:       2024 bytes,      15624 total
[2023-06-23T21:35:59.385+0000][67][trace][gc,age      ] GC(34) - age   4:        840 bytes,      16464 total
[2023-06-23T21:35:59.386+0000][67][trace][gc,age      ] GC(34) - age   5:        600 bytes,      17064 total
[2023-06-23T21:35:59.387+0000][67][trace][gc,age      ] GC(34) - age   6:        392 bytes,      17456 total
[2023-06-23T21:35:59.387+0000][67][trace][gc,age      ] GC(34) - age   7:       1120 bytes,      18576 total
[2023-06-23T21:35:59.387+0000][67][trace][gc,age      ] GC(34) - age   8:        528 bytes,      19104 total
[2023-06-23T21:35:59.388+0000][67][trace][gc,age      ] GC(34) - age   9:        288 bytes,      19392 total
[2023-06-23T21:35:59.388+0000][67][trace][gc,age      ] GC(34) - age  10:        736 bytes,      20128 total
[2023-06-23T21:35:59.389+0000][67][trace][gc,age      ] GC(34) - age  11:         96 bytes,      20224 total
[2023-06-23T21:35:59.389+0000][67][trace][gc,age      ] GC(34) - age  12:      10168 bytes,      30392 total
[2023-06-23T21:35:59.390+0000][67][trace][gc,age      ] GC(34) - age  13:        800 bytes,      31192 total
[2023-06-23T21:35:59.390+0000][67][trace][gc,age      ] GC(34) - age  14:       9176 bytes,      40368 total
[2023-06-23T21:35:59.391+0000][67][trace][gc,age      ] GC(34) - age  15:      46984 bytes,      87352 total
[2023-06-23T21:35:59.391+0000][67][info ][gc,heap     ] GC(34) Eden regions: 73->0(75)
[2023-06-23T21:35:59.392+0000][67][info ][gc,heap     ] GC(34) Survivor regions: 3->1(10)
[2023-06-23T21:35:59.392+0000][67][info ][gc,heap     ] GC(34) Old regions: 19->21
[2023-06-23T21:35:59.393+0000][67][info ][gc,heap     ] GC(34) Archive regions: 2->2
[2023-06-23T21:35:59.393+0000][67][info ][gc,heap     ] GC(34) Humongous regions: 0->0
[2023-06-23T21:35:59.394+0000][67][info ][gc,metaspace] GC(34) Metaspace: 118384K(121792K)->118384K(121792K) NonClass: 102234K(104064K)->102234K(104064K) Class: 16149K(17728K)->16149K(17728K)
[2023-06-23T21:35:59.394+0000][67][info ][gc          ] GC(34) Pause Young (Normal) (G1 Evacuation Pause) 378M->88M(512M) 72.944ms
[2023-06-23T21:35:59.394+0000][67][info ][gc,cpu      ] GC(34) User=0.22s Sys=0.00s Real=0.08s
[2023-06-23T21:35:59.395+0000][67][info ][safepoint   ] Safepoint "G1CollectForAllocation", Time since last: 33045568223 ns, Reaching safepoint: 167583 ns, Cleanup: 210167 ns, At safepoint: 74131208 ns, Total: 74508958 ns
[2023-06-23T21:44:17.121+0000][67][info ][safepoint   ] Safepoint "Cleanup", Time since last: 497774968433 ns, Reaching safepoint: 229584 ns, Cleanup: 146958 ns, At safepoint: 27542 ns, Total: 404084 ns
[2023-06-23T21:45:10.309+0000][67][info ][safepoint   ] Safepoint "Cleanup", Time since last: 53195800899 ns, Reaching safepoint: 57708 ns, Cleanup: 193250 ns, At safepoint: 257458 ns, Total: 508416 ns
[2023-06-23T21:47:17.844+0000][67][info ][safepoint   ] Safepoint "Cleanup", Time since last: 127533097433 ns, Reaching safepoint: 265000 ns, Cleanup: 324208 ns, At safepoint: 16084 ns, Total: 605292 ns
[2023-06-23T22:08:27.612+0000][67][info ][safepoint   ] Safepoint "Cleanup", Time since last: 1269782477786 ns, Reaching safepoint: 255166 ns, Cleanup: 235875 ns, At safepoint: 29375 ns, Total: 520416 ns
[2023-06-23T22:08:47.702+0000][67][info ][safepoint   ] Safepoint "Cleanup", Time since last: 20085691760 ns, Reaching safepoint: 48375 ns, Cleanup: 158333 ns, At safepoint: 10875 ns, Total: 217583 ns
[2023-06-23T22:10:04.590+0000][67][info ][gc,start    ] GC(35) Pause Young (Normal) (G1 Evacuation Pause)
[2023-06-23T22:10:04.594+0000][67][info ][gc,task     ] GC(35) Using 5 workers of 5 for evacuation
[2023-06-23T22:10:04.597+0000][67][debug][gc,age      ] GC(35) Desired survivor size 20971520 bytes, new threshold 15 (max threshold 15)
[2023-06-23T22:10:04.607+0000][67][info ][gc,phases   ] GC(35)   Pre Evacuate Collection Set: 0.5ms
[2023-06-23T22:10:04.609+0000][67][info ][gc,phases   ] GC(35)   Merge Heap Roots: 0.1ms
[2023-06-23T22:10:04.610+0000][67][info ][gc,phases   ] GC(35)   Evacuate Collection Set: 4.6ms
[2023-06-23T22:10:04.611+0000][67][info ][gc,phases   ] GC(35)   Post Evacuate Collection Set: 3.0ms
[2023-06-23T22:10:04.612+0000][67][info ][gc,phases   ] GC(35)   Other: 4.1ms
[2023-06-23T22:10:04.614+0000][67][trace][gc,age      ] GC(35) Age table with threshold 15 (max threshold 15)
[2023-06-23T22:10:04.615+0000][67][trace][gc,age      ] GC(35) - age   1:      12352 bytes,      12352 total
[2023-06-23T22:10:04.616+0000][67][trace][gc,age      ] GC(35) - age   2:       1088 bytes,      13440 total
[2023-06-23T22:10:04.617+0000][67][trace][gc,age      ] GC(35) - age   3:       4056 bytes,      17496 total
[2023-06-23T22:10:04.618+0000][67][trace][gc,age      ] GC(35) - age   4:       2024 bytes,      19520 total
[2023-06-23T22:10:04.619+0000][67][trace][gc,age      ] GC(35) - age   5:        840 bytes,      20360 total
[2023-06-23T22:10:04.620+0000][67][trace][gc,age      ] GC(35) - age   6:        600 bytes,      20960 total
[2023-06-23T22:10:04.620+0000][67][trace][gc,age      ] GC(35) - age   7:        392 bytes,      21352 total
[2023-06-23T22:10:04.621+0000][67][trace][gc,age      ] GC(35) - age   8:       1120 bytes,      22472 total
[2023-06-23T22:10:04.622+0000][67][trace][gc,age      ] GC(35) - age   9:        528 bytes,      23000 total
[2023-06-23T22:10:04.622+0000][67][trace][gc,age      ] GC(35) - age  10:        288 bytes,      23288 total
[2023-06-23T22:10:04.623+0000][67][trace][gc,age      ] GC(35) - age  11:        736 bytes,      24024 total
[2023-06-23T22:10:04.624+0000][67][trace][gc,age      ] GC(35) - age  12:         96 bytes,      24120 total
[2023-06-23T22:10:04.624+0000][67][trace][gc,age      ] GC(35) - age  13:      10168 bytes,      34288 total
[2023-06-23T22:10:04.625+0000][67][trace][gc,age      ] GC(35) - age  14:        800 bytes,      35088 total
[2023-06-23T22:10:04.626+0000][67][trace][gc,age      ] GC(35) - age  15:       9176 bytes,      44264 total
[2023-06-23T22:10:04.626+0000][67][info ][gc,heap     ] GC(35) Eden regions: 75->0(75)
[2023-06-23T22:10:04.627+0000][67][info ][gc,heap     ] GC(35) Survivor regions: 1->1(10)
[2023-06-23T22:10:04.628+0000][67][info ][gc,heap     ] GC(35) Old regions: 21->21
[2023-06-23T22:10:04.628+0000][67][info ][gc,heap     ] GC(35) Archive regions: 2->2
[2023-06-23T22:10:04.629+0000][67][info ][gc,heap     ] GC(35) Humongous regions: 0->0
[2023-06-23T22:10:04.629+0000][67][info ][gc,metaspace] GC(35) Metaspace: 118400K(121792K)->118400K(121792K) NonClass: 102251K(104064K)->102251K(104064K) Class: 16149K(17728K)->16149K(17728K)
[2023-06-23T22:10:04.630+0000][67][info ][gc          ] GC(35) Pause Young (Normal) (G1 Evacuation Pause) 388M->87M(512M) 39.555ms
[2023-06-23T22:10:04.631+0000][67][info ][gc,cpu      ] GC(35) User=0.03s Sys=0.00s Real=0.04s
[2023-06-23T22:10:04.631+0000][67][info ][safepoint   ] Safepoint "G1CollectForAllocation", Time since last: 76874443410 ns, Reaching safepoint: 43333 ns, Cleanup: 128208 ns, At safepoint: 40951084 ns, Total: 41122625 ns
[2023-06-23T22:10:17.708+0000][67][info ][safepoint   ] Safepoint "Cleanup", Time since last: 13066103756 ns, Reaching safepoint: 14416 ns, Cleanup: 61542 ns, At safepoint: 5083 ns, Total: 81041 ns
[2023-06-23T22:13:48.444+0000][67][info ][safepoint   ] Safepoint "Cleanup", Time since last: 210734669763 ns, Reaching safepoint: 229417 ns, Cleanup: 439667 ns, At safepoint: 38541 ns, Total: 707625 ns
[2023-06-23T22:14:48.768+0000][67][info ][safepoint   ] Safepoint "Cleanup", Time since last: 60323724778 ns, Reaching safepoint: 216000 ns, Cleanup: 137958 ns, At safepoint: 60209 ns, Total: 414167 ns
[2023-06-23T22:26:48.361+0000][67][info ][safepoint   ] Safepoint "Cleanup", Time since last: 719595042579 ns, Reaching safepoint: 233791 ns, Cleanup: 198500 ns, At safepoint: 38959 ns, Total: 471250 ns
[2023-06-23T22:44:04.321+0000][67][info ][gc,start    ] GC(36) Pause Young (Normal) (G1 Evacuation Pause)
[2023-06-23T22:44:04.322+0000][67][info ][gc,task     ] GC(36) Using 5 workers of 5 for evacuation
[2023-06-23T22:44:04.323+0000][67][debug][gc,age      ] GC(36) Desired survivor size 20971520 bytes, new threshold 15 (max threshold 15)
[2023-06-23T22:44:04.325+0000][67][info ][gc,phases   ] GC(36)   Pre Evacuate Collection Set: 0.1ms
[2023-06-23T22:44:04.326+0000][67][info ][gc,phases   ] GC(36)   Merge Heap Roots: 0.1ms
[2023-06-23T22:44:04.327+0000][67][info ][gc,phases   ] GC(36)   Evacuate Collection Set: 1.1ms
[2023-06-23T22:44:04.328+0000][67][info ][gc,phases   ] GC(36)   Post Evacuate Collection Set: 0.6ms
[2023-06-23T22:44:04.328+0000][67][info ][gc,phases   ] GC(36)   Other: 1.2ms
[2023-06-23T22:44:04.329+0000][67][trace][gc,age      ] GC(36) Age table with threshold 15 (max threshold 15)
[2023-06-23T22:44:04.330+0000][67][trace][gc,age      ] GC(36) - age   1:       8608 bytes,       8608 total
[2023-06-23T22:44:04.331+0000][67][trace][gc,age      ] GC(36) - age   2:       3664 bytes,      12272 total
[2023-06-23T22:44:04.331+0000][67][trace][gc,age      ] GC(36) - age   3:        544 bytes,      12816 total
[2023-06-23T22:44:04.331+0000][67][trace][gc,age      ] GC(36) - age   4:       4056 bytes,      16872 total
[2023-06-23T22:44:04.332+0000][67][trace][gc,age      ] GC(36) - age   5:       2024 bytes,      18896 total
[2023-06-23T22:44:04.332+0000][67][trace][gc,age      ] GC(36) - age   6:        840 bytes,      19736 total
[2023-06-23T22:44:04.333+0000][67][trace][gc,age      ] GC(36) - age   7:        600 bytes,      20336 total
[2023-06-23T22:44:04.333+0000][67][trace][gc,age      ] GC(36) - age   8:        392 bytes,      20728 total
[2023-06-23T22:44:04.333+0000][67][trace][gc,age      ] GC(36) - age   9:       1120 bytes,      21848 total
[2023-06-23T22:44:04.334+0000][67][trace][gc,age      ] GC(36) - age  10:        528 bytes,      22376 total
[2023-06-23T22:44:04.334+0000][67][trace][gc,age      ] GC(36) - age  11:        288 bytes,      22664 total
[2023-06-23T22:44:04.335+0000][67][trace][gc,age      ] GC(36) - age  12:        736 bytes,      23400 total
[2023-06-23T22:44:04.335+0000][67][trace][gc,age      ] GC(36) - age  13:         96 bytes,      23496 total
[2023-06-23T22:44:04.335+0000][67][trace][gc,age      ] GC(36) - age  14:      10168 bytes,      33664 total
[2023-06-23T22:44:04.336+0000][67][trace][gc,age      ] GC(36) - age  15:        800 bytes,      34464 total
[2023-06-23T22:44:04.336+0000][67][info ][gc,heap     ] GC(36) Eden regions: 75->0(75)
[2023-06-23T22:44:04.336+0000][67][info ][gc,heap     ] GC(36) Survivor regions: 1->1(10)
[2023-06-23T22:44:04.337+0000][67][info ][gc,heap     ] GC(36) Old regions: 21->21
[2023-06-23T22:44:04.337+0000][67][info ][gc,heap     ] GC(36) Archive regions: 2->2
[2023-06-23T22:44:04.338+0000][67][info ][gc,heap     ] GC(36) Humongous regions: 0->0
[2023-06-23T22:44:04.338+0000][67][info ][gc,metaspace] GC(36) Metaspace: 118400K(121792K)->118400K(121792K) NonClass: 102251K(104064K)->102251K(104064K) Class: 16149K(17728K)->16149K(17728K)
[2023-06-23T22:44:04.338+0000][67][info ][gc          ] GC(36) Pause Young (Normal) (G1 Evacuation Pause) 387M->87M(512M) 17.747ms
[2023-06-23T22:44:04.339+0000][67][info ][gc,cpu      ] GC(36) User=0.01s Sys=0.00s Real=0.02s
[2023-06-23T22:44:04.339+0000][67][info ][safepoint   ] Safepoint "G1CollectForAllocation", Time since last: 1035925280719 ns, Reaching safepoint: 38125 ns, Cleanup: 43167 ns, At safepoint: 18770292 ns, Total: 18851584 ns
[2023-06-23T22:57:49.562+0000][67][info ][safepoint   ] Safepoint "Cleanup", Time since last: 825214432335 ns, Reaching safepoint: 232166 ns, Cleanup: 212042 ns, At safepoint: 21250 ns, Total: 465458 ns
[2023-06-23T23:00:19.024+0000][67][info ][safepoint   ] Safepoint "Cleanup", Time since last: 149459864151 ns, Reaching safepoint: 48375 ns, Cleanup: 122625 ns, At safepoint: 9708 ns, Total: 180708 ns
[2023-06-23T23:18:05.848+0000][67][info ][gc,start    ] GC(37) Pause Young (Normal) (G1 Evacuation Pause)
[2023-06-23T23:18:05.856+0000][67][info ][gc,task     ] GC(37) Using 5 workers of 5 for evacuation
[2023-06-23T23:18:05.858+0000][67][debug][gc,age      ] GC(37) Desired survivor size 20971520 bytes, new threshold 15 (max threshold 15)
[2023-06-23T23:18:05.866+0000][67][info ][gc,phases   ] GC(37)   Pre Evacuate Collection Set: 0.4ms
[2023-06-23T23:18:05.868+0000][67][info ][gc,phases   ] GC(37)   Merge Heap Roots: 0.1ms
[2023-06-23T23:18:05.869+0000][67][info ][gc,phases   ] GC(37)   Evacuate Collection Set: 4.0ms
[2023-06-23T23:18:05.870+0000][67][info ][gc,phases   ] GC(37)   Post Evacuate Collection Set: 2.8ms
[2023-06-23T23:18:05.871+0000][67][info ][gc,phases   ] GC(37)   Other: 3.3ms
[2023-06-23T23:18:05.872+0000][67][trace][gc,age      ] GC(37) Age table with threshold 15 (max threshold 15)
[2023-06-23T23:18:05.872+0000][67][trace][gc,age      ] GC(37) - age   1:       8544 bytes,       8544 total
[2023-06-23T23:18:05.873+0000][67][trace][gc,age      ] GC(37) - age   2:        584 bytes,       9128 total
[2023-06-23T23:18:05.874+0000][67][trace][gc,age      ] GC(37) - age   3:       3664 bytes,      12792 total
[2023-06-23T23:18:05.874+0000][67][trace][gc,age      ] GC(37) - age   4:        360 bytes,      13152 total
[2023-06-23T23:18:05.875+0000][67][trace][gc,age      ] GC(37) - age   5:       4056 bytes,      17208 total
[2023-06-23T23:18:05.876+0000][67][trace][gc,age      ] GC(37) - age   6:       2024 bytes,      19232 total
[2023-06-23T23:18:05.876+0000][67][trace][gc,age      ] GC(37) - age   7:        840 bytes,      20072 total
[2023-06-23T23:18:05.877+0000][67][trace][gc,age      ] GC(37) - age   8:        600 bytes,      20672 total
[2023-06-23T23:18:05.878+0000][67][trace][gc,age      ] GC(37) - age   9:        392 bytes,      21064 total
[2023-06-23T23:18:05.878+0000][67][trace][gc,age      ] GC(37) - age  10:       1120 bytes,      22184 total
[2023-06-23T23:18:05.879+0000][67][trace][gc,age      ] GC(37) - age  11:        528 bytes,      22712 total
[2023-06-23T23:18:05.880+0000][67][trace][gc,age      ] GC(37) - age  12:        288 bytes,      23000 total
[2023-06-23T23:18:05.881+0000][67][trace][gc,age      ] GC(37) - age  13:        736 bytes,      23736 total
[2023-06-23T23:18:05.881+0000][67][trace][gc,age      ] GC(37) - age  14:         96 bytes,      23832 total
[2023-06-23T23:18:05.882+0000][67][trace][gc,age      ] GC(37) - age  15:      10168 bytes,      34000 total
[2023-06-23T23:18:05.883+0000][67][info ][gc,heap     ] GC(37) Eden regions: 75->0(75)
[2023-06-23T23:18:05.883+0000][67][info ][gc,heap     ] GC(37) Survivor regions: 1->1(10)
[2023-06-23T23:18:05.884+0000][67][info ][gc,heap     ] GC(37) Old regions: 21->21
[2023-06-23T23:18:05.885+0000][67][info ][gc,heap     ] GC(37) Archive regions: 2->2
[2023-06-23T23:18:05.885+0000][67][info ][gc,heap     ] GC(37) Humongous regions: 0->0
[2023-06-23T23:18:05.886+0000][67][info ][gc,metaspace] GC(37) Metaspace: 118400K(121792K)->118400K(121792K) NonClass: 102251K(104064K)->102251K(104064K) Class: 16149K(17728K)->16149K(17728K)
[2023-06-23T23:18:05.886+0000][67][info ][gc          ] GC(37) Pause Young (Normal) (G1 Evacuation Pause) 387M->87M(512M) 37.948ms
[2023-06-23T23:18:05.887+0000][67][info ][gc,cpu      ] GC(37) User=0.02s Sys=0.00s Real=0.04s
[2023-06-23T23:18:05.888+0000][67][info ][safepoint   ] Safepoint "G1CollectForAllocation", Time since last: 1066815218651 ns, Reaching safepoint: 56125 ns, Cleanup: 174208 ns, At safepoint: 39414334 ns, Total: 39644667 ns
[2023-06-23T23:44:20.196+0000][67][info ][safepoint   ] Safepoint "Cleanup", Time since last: 1574316886093 ns, Reaching safepoint: 198083 ns, Cleanup: 302083 ns, At safepoint: 32167 ns, Total: 532333 ns
[2023-06-23T23:52:02.520+0000][67][info ][gc,start    ] GC(38) Pause Young (Normal) (G1 Evacuation Pause)
[2023-06-23T23:52:02.523+0000][67][info ][gc,task     ] GC(38) Using 5 workers of 5 for evacuation
[2023-06-23T23:52:02.525+0000][67][debug][gc,age      ] GC(38) Desired survivor size 20971520 bytes, new threshold 15 (max threshold 15)
[2023-06-23T23:52:02.534+0000][67][info ][gc,phases   ] GC(38)   Pre Evacuate Collection Set: 0.7ms
[2023-06-23T23:52:02.536+0000][67][info ][gc,phases   ] GC(38)   Merge Heap Roots: 0.2ms
[2023-06-23T23:52:02.538+0000][67][info ][gc,phases   ] GC(38)   Evacuate Collection Set: 3.1ms
[2023-06-23T23:52:02.539+0000][67][info ][gc,phases   ] GC(38)   Post Evacuate Collection Set: 3.6ms
[2023-06-23T23:52:02.540+0000][67][info ][gc,phases   ] GC(38)   Other: 3.4ms
[2023-06-23T23:52:02.541+0000][67][trace][gc,age      ] GC(38) Age table with threshold 15 (max threshold 15)
[2023-06-23T23:52:02.542+0000][67][trace][gc,age      ] GC(38) - age   1:       8016 bytes,       8016 total
[2023-06-23T23:52:02.543+0000][67][trace][gc,age      ] GC(38) - age   2:        664 bytes,       8680 total
[2023-06-23T23:52:02.543+0000][67][trace][gc,age      ] GC(38) - age   3:        400 bytes,       9080 total
[2023-06-23T23:52:02.544+0000][67][trace][gc,age      ] GC(38) - age   4:       3664 bytes,      12744 total
[2023-06-23T23:52:02.544+0000][67][trace][gc,age      ] GC(38) - age   5:        360 bytes,      13104 total
[2023-06-23T23:52:02.545+0000][67][trace][gc,age      ] GC(38) - age   6:       4056 bytes,      17160 total
[2023-06-23T23:52:02.545+0000][67][trace][gc,age      ] GC(38) - age   7:       2024 bytes,      19184 total
[2023-06-23T23:52:02.546+0000][67][trace][gc,age      ] GC(38) - age   8:        840 bytes,      20024 total
[2023-06-23T23:52:02.546+0000][67][trace][gc,age      ] GC(38) - age   9:        600 bytes,      20624 total
[2023-06-23T23:52:02.547+0000][67][trace][gc,age      ] GC(38) - age  10:        392 bytes,      21016 total
[2023-06-23T23:52:02.547+0000][67][trace][gc,age      ] GC(38) - age  11:       1120 bytes,      22136 total
[2023-06-23T23:52:02.547+0000][67][trace][gc,age      ] GC(38) - age  12:        528 bytes,      22664 total
[2023-06-23T23:52:02.548+0000][67][trace][gc,age      ] GC(38) - age  13:        288 bytes,      22952 total
[2023-06-23T23:52:02.549+0000][67][trace][gc,age      ] GC(38) - age  14:        736 bytes,      23688 total
[2023-06-23T23:52:02.549+0000][67][trace][gc,age      ] GC(38) - age  15:         96 bytes,      23784 total
[2023-06-23T23:52:02.549+0000][67][info ][gc,heap     ] GC(38) Eden regions: 75->0(75)
[2023-06-23T23:52:02.550+0000][67][info ][gc,heap     ] GC(38) Survivor regions: 1->1(10)
[2023-06-23T23:52:02.550+0000][67][info ][gc,heap     ] GC(38) Old regions: 21->21
[2023-06-23T23:52:02.551+0000][67][info ][gc,heap     ] GC(38) Archive regions: 2->2
[2023-06-23T23:52:02.551+0000][67][info ][gc,heap     ] GC(38) Humongous regions: 0->0
[2023-06-23T23:52:02.552+0000][67][info ][gc,metaspace] GC(38) Metaspace: 118402K(121792K)->118402K(121792K) NonClass: 102253K(104064K)->102253K(104064K) Class: 16149K(17728K)->16149K(17728K)
[2023-06-23T23:52:02.552+0000][67][info ][gc          ] GC(38) Pause Young (Normal) (G1 Evacuation Pause) 387M->87M(512M) 32.620ms
[2023-06-23T23:52:02.553+0000][67][info ][gc,cpu      ] GC(38) User=0.02s Sys=0.00s Real=0.04s
[2023-06-23T23:52:02.553+0000][67][info ][safepoint   ] Safepoint "G1CollectForAllocation", Time since last: 462321611169 ns, Reaching safepoint: 71000 ns, Cleanup: 505167 ns, At safepoint: 33657000 ns, Total: 34233167 ns
[2023-06-23T23:56:05.507+0000][67][info ][safepoint   ] Safepoint "Cleanup", Time since last: 242952634110 ns, Reaching safepoint: 62250 ns, Cleanup: 190833 ns, At safepoint: 168459 ns, Total: 421542 ns
[2023-06-23T23:58:50.010+0000][67][info ][safepoint   ] Safepoint "Cleanup", Time since last: 164501507575 ns, Reaching safepoint: 229667 ns, Cleanup: 289750 ns, At safepoint: 25166 ns, Total: 544583 ns
[2023-06-24T00:12:21.071+0000][67][info ][safepoint   ] Safepoint "Cleanup", Time since last: 811070092079 ns, Reaching safepoint: 317667 ns, Cleanup: 371083 ns, At safepoint: 39750 ns, Total: 728500 ns
[2023-06-24T00:16:20.687+0000][67][info ][safepoint   ] Safepoint "Cleanup", Time since last: 239615374443 ns, Reaching safepoint: 217791 ns, Cleanup: 144625 ns, At safepoint: 19500 ns, Total: 381916 ns
[2023-06-24T00:21:21.129+0000][67][info ][safepoint   ] Safepoint "Cleanup", Time since last: 300441239095 ns, Reaching safepoint: 193833 ns, Cleanup: 260584 ns, At safepoint: 23625 ns, Total: 478042 ns
[2023-06-24T00:26:00.672+0000][67][info ][gc,start    ] GC(39) Pause Young (Normal) (G1 Evacuation Pause)
[2023-06-24T00:26:00.675+0000][67][info ][gc,task     ] GC(39) Using 5 workers of 5 for evacuation
[2023-06-24T00:26:00.676+0000][67][debug][gc,age      ] GC(39) Desired survivor size 20971520 bytes, new threshold 15 (max threshold 15)
[2023-06-24T00:26:00.697+0000][67][info ][gc,phases   ] GC(39)   Pre Evacuate Collection Set: 0.9ms
[2023-06-24T00:26:00.698+0000][67][info ][gc,phases   ] GC(39)   Merge Heap Roots: 0.5ms
[2023-06-24T00:26:00.699+0000][67][info ][gc,phases   ] GC(39)   Evacuate Collection Set: 11.1ms
[2023-06-24T00:26:00.700+0000][67][info ][gc,phases   ] GC(39)   Post Evacuate Collection Set: 5.9ms
[2023-06-24T00:26:00.701+0000][67][info ][gc,phases   ] GC(39)   Other: 4.0ms
[2023-06-24T00:26:00.702+0000][67][trace][gc,age      ] GC(39) Age table with threshold 15 (max threshold 15)
[2023-06-24T00:26:00.703+0000][67][trace][gc,age      ] GC(39) - age   1:       9648 bytes,       9648 total
[2023-06-24T00:26:00.703+0000][67][trace][gc,age      ] GC(39) - age   3:        304 bytes,       9952 total
[2023-06-24T00:26:00.704+0000][67][trace][gc,age      ] GC(39) - age   4:        216 bytes,      10168 total
[2023-06-24T00:26:00.705+0000][67][trace][gc,age      ] GC(39) - age   5:       3664 bytes,      13832 total
[2023-06-24T00:26:00.705+0000][67][trace][gc,age      ] GC(39) - age   6:        360 bytes,      14192 total
[2023-06-24T00:26:00.706+0000][67][trace][gc,age      ] GC(39) - age   7:       4056 bytes,      18248 total
[2023-06-24T00:26:00.707+0000][67][trace][gc,age      ] GC(39) - age   8:       2024 bytes,      20272 total
[2023-06-24T00:26:00.708+0000][67][trace][gc,age      ] GC(39) - age   9:        840 bytes,      21112 total
[2023-06-24T00:26:00.709+0000][67][trace][gc,age      ] GC(39) - age  10:        600 bytes,      21712 total
[2023-06-24T00:26:00.709+0000][67][trace][gc,age      ] GC(39) - age  11:        392 bytes,      22104 total
[2023-06-24T00:26:00.710+0000][67][trace][gc,age      ] GC(39) - age  12:       1120 bytes,      23224 total
[2023-06-24T00:26:00.711+0000][67][trace][gc,age      ] GC(39) - age  13:        528 bytes,      23752 total
[2023-06-24T00:26:00.712+0000][67][trace][gc,age      ] GC(39) - age  14:        288 bytes,      24040 total
[2023-06-24T00:26:00.712+0000][67][trace][gc,age      ] GC(39) - age  15:        736 bytes,      24776 total
[2023-06-24T00:26:00.713+0000][67][info ][gc,heap     ] GC(39) Eden regions: 75->0(75)
[2023-06-24T00:26:00.713+0000][67][info ][gc,heap     ] GC(39) Survivor regions: 1->1(10)
[2023-06-24T00:26:00.714+0000][67][info ][gc,heap     ] GC(39) Old regions: 21->21
[2023-06-24T00:26:00.714+0000][67][info ][gc,heap     ] GC(39) Archive regions: 2->2
[2023-06-24T00:26:00.715+0000][67][info ][gc,heap     ] GC(39) Humongous regions: 0->0
[2023-06-24T00:26:00.716+0000][67][info ][gc,metaspace] GC(39) Metaspace: 118402K(121792K)->118402K(121792K) NonClass: 102253K(104064K)->102253K(104064K) Class: 16149K(17728K)->16149K(17728K)
[2023-06-24T00:26:00.716+0000][67][info ][gc          ] GC(39) Pause Young (Normal) (G1 Evacuation Pause) 387M->87M(512M) 44.143ms
[2023-06-24T00:26:00.717+0000][67][info ][gc,cpu      ] GC(39) User=0.06s Sys=0.00s Real=0.05s
[2023-06-24T00:26:00.718+0000][67][info ][safepoint   ] Safepoint "G1CollectForAllocation", Time since last: 279542964212 ns, Reaching safepoint: 100125 ns, Cleanup: 79208 ns, At safepoint: 45630250 ns, Total: 45809583 ns
[2023-06-24T01:00:04.839+0000][67][info ][gc,start    ] GC(40) Pause Young (Normal) (G1 Evacuation Pause)
[2023-06-24T01:00:04.845+0000][67][info ][gc,task     ] GC(40) Using 5 workers of 5 for evacuation
[2023-06-24T01:00:04.847+0000][67][debug][gc,age      ] GC(40) Desired survivor size 20971520 bytes, new threshold 15 (max threshold 15)
[2023-06-24T01:00:04.861+0000][67][info ][gc,phases   ] GC(40)   Pre Evacuate Collection Set: 0.5ms
[2023-06-24T01:00:04.863+0000][67][info ][gc,phases   ] GC(40)   Merge Heap Roots: 0.1ms
[2023-06-24T01:00:04.864+0000][67][info ][gc,phases   ] GC(40)   Evacuate Collection Set: 6.0ms
[2023-06-24T01:00:04.864+0000][67][info ][gc,phases   ] GC(40)   Post Evacuate Collection Set: 2.6ms
[2023-06-24T01:00:04.865+0000][67][info ][gc,phases   ] GC(40)   Other: 6.9ms
[2023-06-24T01:00:04.865+0000][67][trace][gc,age      ] GC(40) Age table with threshold 15 (max threshold 15)
[2023-06-24T01:00:04.866+0000][67][trace][gc,age      ] GC(40) - age   1:      14704 bytes,      14704 total
[2023-06-24T01:00:04.867+0000][67][trace][gc,age      ] GC(40) - age   2:        264 bytes,      14968 total
[2023-06-24T01:00:04.867+0000][67][trace][gc,age      ] GC(40) - age   4:        304 bytes,      15272 total
[2023-06-24T01:00:04.867+0000][67][trace][gc,age      ] GC(40) - age   5:        216 bytes,      15488 total
[2023-06-24T01:00:04.868+0000][67][trace][gc,age      ] GC(40) - age   6:       3664 bytes,      19152 total
[2023-06-24T01:00:04.868+0000][67][trace][gc,age      ] GC(40) - age   7:        360 bytes,      19512 total
[2023-06-24T01:00:04.868+0000][67][trace][gc,age      ] GC(40) - age   8:       4056 bytes,      23568 total
[2023-06-24T01:00:04.869+0000][67][trace][gc,age      ] GC(40) - age   9:       2024 bytes,      25592 total
[2023-06-24T01:00:04.869+0000][67][trace][gc,age      ] GC(40) - age  10:        840 bytes,      26432 total
[2023-06-24T01:00:04.869+0000][67][trace][gc,age      ] GC(40) - age  11:        600 bytes,      27032 total
[2023-06-24T01:00:04.870+0000][67][trace][gc,age      ] GC(40) - age  12:        392 bytes,      27424 total
[2023-06-24T01:00:04.870+0000][67][trace][gc,age      ] GC(40) - age  13:       1120 bytes,      28544 total
[2023-06-24T01:00:04.870+0000][67][trace][gc,age      ] GC(40) - age  14:        528 bytes,      29072 total
[2023-06-24T01:00:04.871+0000][67][trace][gc,age      ] GC(40) - age  15:        288 bytes,      29360 total
[2023-06-24T01:00:04.871+0000][67][info ][gc,heap     ] GC(40) Eden regions: 75->0(75)
[2023-06-24T01:00:04.872+0000][67][info ][gc,heap     ] GC(40) Survivor regions: 1->1(10)
[2023-06-24T01:00:04.872+0000][67][info ][gc,heap     ] GC(40) Old regions: 21->21
[2023-06-24T01:00:04.873+0000][67][info ][gc,heap     ] GC(40) Archive regions: 2->2
[2023-06-24T01:00:04.873+0000][67][info ][gc,heap     ] GC(40) Humongous regions: 0->0
[2023-06-24T01:00:04.874+0000][67][info ][gc,metaspace] GC(40) Metaspace: 118409K(121792K)->118409K(121792K) NonClass: 102258K(104064K)->102258K(104064K) Class: 16150K(17728K)->16150K(17728K)
[2023-06-24T01:00:04.874+0000][67][info ][gc          ] GC(40) Pause Young (Normal) (G1 Evacuation Pause) 387M->87M(512M) 35.256ms
[2023-06-24T01:00:04.875+0000][67][info ][gc,cpu      ] GC(40) User=0.03s Sys=0.00s Real=0.04s
[2023-06-24T01:00:04.876+0000][67][info ][safepoint   ] Safepoint "G1CollectForAllocation", Time since last: 2044183976971 ns, Reaching safepoint: 148084 ns, Cleanup: 479708 ns, At safepoint: 36611917 ns, Total: 37239709 ns
[2023-06-24T01:02:00.187+0000][67][info ][safepoint   ] Safepoint "Cleanup", Time since last: 115312885718 ns, Reaching safepoint: 24458 ns, Cleanup: 260667 ns, At safepoint: 10083 ns, Total: 295208 ns
[2023-06-24T01:02:21.283+0000][67][info ][safepoint   ] Safepoint "Cleanup", Time since last: 21095359176 ns, Reaching safepoint: 210667 ns, Cleanup: 170208 ns, At safepoint: 23458 ns, Total: 404333 ns
[2023-06-24T01:02:51.418+0000][67][info ][safepoint   ] Safepoint "Cleanup", Time since last: 30135087472 ns, Reaching safepoint: 196875 ns, Cleanup: 144708 ns, At safepoint: 12334 ns, Total: 353917 ns
[2023-06-24T01:05:22.045+0000][67][info ][safepoint   ] Safepoint "Cleanup", Time since last: 150582865401 ns, Reaching safepoint: 100209 ns, Cleanup: 166500 ns, At safepoint: 20208 ns, Total: 286917 ns
[2023-06-24T01:07:51.754+0000][67][info ][safepoint   ] Safepoint "Cleanup", Time since last: 149708419944 ns, Reaching safepoint: 264875 ns, Cleanup: 200667 ns, At safepoint: 24125 ns, Total: 489667 ns
[2023-06-24T01:08:21.890+0000][67][info ][safepoint   ] Safepoint "Cleanup", Time since last: 30134557805 ns, Reaching safepoint: 236625 ns, Cleanup: 322625 ns, At safepoint: 36042 ns, Total: 595292 ns
[2023-06-24T01:20:52.669+0000][67][info ][safepoint   ] Safepoint "Cleanup", Time since last: 750778335383 ns, Reaching safepoint: 232500 ns, Cleanup: 214000 ns, At safepoint: 24708 ns, Total: 471208 ns
[2023-06-24T01:22:21.997+0000][67][info ][safepoint   ] Safepoint "Cleanup", Time since last: 89325437208 ns, Reaching safepoint: 314042 ns, Cleanup: 241667 ns, At safepoint: 25791 ns, Total: 581500 ns
[2023-06-24T01:30:00.594+0000][67][info ][safepoint   ] Safepoint "Cleanup", Time since last: 458597372500 ns, Reaching safepoint: 49041 ns, Cleanup: 178584 ns, At safepoint: 8791 ns, Total: 236416 ns
[2023-06-24T01:33:33.293+0000][67][info ][gc,start    ] GC(41) Pause Young (Normal) (G1 Evacuation Pause)
[2023-06-24T01:33:33.296+0000][67][info ][gc,task     ] GC(41) Using 5 workers of 5 for evacuation
[2023-06-24T01:33:33.297+0000][67][debug][gc,age      ] GC(41) Desired survivor size 20971520 bytes, new threshold 15 (max threshold 15)
[2023-06-24T01:33:33.302+0000][67][info ][gc,phases   ] GC(41)   Pre Evacuate Collection Set: 0.3ms
[2023-06-24T01:33:33.303+0000][67][info ][gc,phases   ] GC(41)   Merge Heap Roots: 0.2ms
[2023-06-24T01:33:33.304+0000][67][info ][gc,phases   ] GC(41)   Evacuate Collection Set: 2.6ms
[2023-06-24T01:33:33.305+0000][67][info ][gc,phases   ] GC(41)   Post Evacuate Collection Set: 1.2ms
[2023-06-24T01:33:33.305+0000][67][info ][gc,phases   ] GC(41)   Other: 2.2ms
[2023-06-24T01:33:33.306+0000][67][trace][gc,age      ] GC(41) Age table with threshold 15 (max threshold 15)
[2023-06-24T01:33:33.307+0000][67][trace][gc,age      ] GC(41) - age   1:     307304 bytes,     307304 total
[2023-06-24T01:33:33.307+0000][67][trace][gc,age      ] GC(41) - age   2:       5064 bytes,     312368 total
[2023-06-24T01:33:33.308+0000][67][trace][gc,age      ] GC(41) - age   3:         88 bytes,     312456 total
[2023-06-24T01:33:33.309+0000][67][trace][gc,age      ] GC(41) - age   5:        304 bytes,     312760 total
[2023-06-24T01:33:33.309+0000][67][trace][gc,age      ] GC(41) - age   6:        216 bytes,     312976 total
[2023-06-24T01:33:33.310+0000][67][trace][gc,age      ] GC(41) - age   7:       3664 bytes,     316640 total
[2023-06-24T01:33:33.310+0000][67][trace][gc,age      ] GC(41) - age   8:        360 bytes,     317000 total
[2023-06-24T01:33:33.311+0000][67][trace][gc,age      ] GC(41) - age   9:       4056 bytes,     321056 total
[2023-06-24T01:33:33.312+0000][67][trace][gc,age      ] GC(41) - age  10:       2024 bytes,     323080 total
[2023-06-24T01:33:33.312+0000][67][trace][gc,age      ] GC(41) - age  11:        840 bytes,     323920 total
[2023-06-24T01:33:33.313+0000][67][trace][gc,age      ] GC(41) - age  12:        600 bytes,     324520 total
[2023-06-24T01:33:33.313+0000][67][trace][gc,age      ] GC(41) - age  13:        392 bytes,     324912 total
[2023-06-24T01:33:33.314+0000][67][trace][gc,age      ] GC(41) - age  14:       1120 bytes,     326032 total
[2023-06-24T01:33:33.314+0000][67][trace][gc,age      ] GC(41) - age  15:        528 bytes,     326560 total
[2023-06-24T01:33:33.315+0000][67][info ][gc,heap     ] GC(41) Eden regions: 75->0(75)
[2023-06-24T01:33:33.315+0000][67][info ][gc,heap     ] GC(41) Survivor regions: 1->1(10)
[2023-06-24T01:33:33.316+0000][67][info ][gc,heap     ] GC(41) Old regions: 21->21
[2023-06-24T01:33:33.316+0000][67][info ][gc,heap     ] GC(41) Archive regions: 2->2
[2023-06-24T01:33:33.317+0000][67][info ][gc,heap     ] GC(41) Humongous regions: 0->0
[2023-06-24T01:33:33.317+0000][67][info ][gc,metaspace] GC(41) Metaspace: 119085K(122560K)->119085K(122560K) NonClass: 102807K(104640K)->102807K(104640K) Class: 16278K(17920K)->16278K(17920K)
[2023-06-24T01:33:33.318+0000][67][info ][gc          ] GC(41) Pause Young (Normal) (G1 Evacuation Pause) 387M->87M(512M) 25.226ms
[2023-06-24T01:33:33.319+0000][67][info ][gc,cpu      ] GC(41) User=0.01s Sys=0.01s Real=0.03s
[2023-06-24T01:33:33.319+0000][67][info ][safepoint   ] Safepoint "G1CollectForAllocation", Time since last: 212699004515 ns, Reaching safepoint: 31541 ns, Cleanup: 65084 ns, At safepoint: 26313583 ns, Total: 26410208 ns
[2023-06-24T01:36:22.017+0000][67][info ][safepoint   ] Safepoint "Cleanup", Time since last: 168688608993 ns, Reaching safepoint: 26959 ns, Cleanup: 103208 ns, At safepoint: 104125 ns, Total: 234292 ns
[2023-06-24T01:47:22.384+0000][67][info ][safepoint   ] Safepoint "Cleanup", Time since last: 660363993759 ns, Reaching safepoint: 190708 ns, Cleanup: 135375 ns, At safepoint: 16917 ns, Total: 343000 ns
[2023-06-24T01:54:53.193+0000][67][info ][safepoint   ] Safepoint "Cleanup", Time since last: 450804255288 ns, Reaching safepoint: 211542 ns, Cleanup: 234708 ns, At safepoint: 16000 ns, Total: 462250 ns
[2023-06-24T01:55:07.254+0000][67][info ][safepoint   ] Safepoint "Cleanup", Time since last: 14060974798 ns, Reaching safepoint: 64292 ns, Cleanup: 163917 ns, At safepoint: 183166 ns, Total: 411375 ns
[2023-06-24T02:07:33.485+0000][67][info ][gc,start    ] GC(42) Pause Young (Normal) (G1 Evacuation Pause)
[2023-06-24T02:07:33.489+0000][67][info ][gc,task     ] GC(42) Using 5 workers of 5 for evacuation
[2023-06-24T02:07:33.491+0000][67][debug][gc,age      ] GC(42) Desired survivor size 20971520 bytes, new threshold 15 (max threshold 15)
[2023-06-24T02:07:33.509+0000][67][info ][gc,phases   ] GC(42)   Pre Evacuate Collection Set: 1.2ms
[2023-06-24T02:07:33.510+0000][67][info ][gc,phases   ] GC(42)   Merge Heap Roots: 0.7ms
[2023-06-24T02:07:33.511+0000][67][info ][gc,phases   ] GC(42)   Evacuate Collection Set: 11.5ms
[2023-06-24T02:07:33.511+0000][67][info ][gc,phases   ] GC(42)   Post Evacuate Collection Set: 2.1ms
[2023-06-24T02:07:33.512+0000][67][info ][gc,phases   ] GC(42)   Other: 4.3ms
[2023-06-24T02:07:33.512+0000][67][trace][gc,age      ] GC(42) Age table with threshold 15 (max threshold 15)
[2023-06-24T02:07:33.512+0000][67][trace][gc,age      ] GC(42) - age   1:       8304 bytes,       8304 total
[2023-06-24T02:07:33.513+0000][67][trace][gc,age      ] GC(42) - age   2:     285800 bytes,     294104 total
[2023-06-24T02:07:33.513+0000][67][trace][gc,age      ] GC(42) - age   3:       4848 bytes,     298952 total
[2023-06-24T02:07:33.514+0000][67][trace][gc,age      ] GC(42) - age   4:         88 bytes,     299040 total
[2023-06-24T02:07:33.514+0000][67][trace][gc,age      ] GC(42) - age   6:        304 bytes,     299344 total
[2023-06-24T02:07:33.515+0000][67][trace][gc,age      ] GC(42) - age   7:        216 bytes,     299560 total
[2023-06-24T02:07:33.515+0000][67][trace][gc,age      ] GC(42) - age   8:       3664 bytes,     303224 total
[2023-06-24T02:07:33.515+0000][67][trace][gc,age      ] GC(42) - age   9:        360 bytes,     303584 total
[2023-06-24T02:07:33.516+0000][67][trace][gc,age      ] GC(42) - age  10:       4056 bytes,     307640 total
[2023-06-24T02:07:33.516+0000][67][trace][gc,age      ] GC(42) - age  11:       2024 bytes,     309664 total
[2023-06-24T02:07:33.517+0000][67][trace][gc,age      ] GC(42) - age  12:        840 bytes,     310504 total
[2023-06-24T02:07:33.517+0000][67][trace][gc,age      ] GC(42) - age  13:        600 bytes,     311104 total
[2023-06-24T02:07:33.518+0000][67][trace][gc,age      ] GC(42) - age  14:        392 bytes,     311496 total
[2023-06-24T02:07:33.518+0000][67][trace][gc,age      ] GC(42) - age  15:       1120 bytes,     312616 total
[2023-06-24T02:07:33.519+0000][67][info ][gc,heap     ] GC(42) Eden regions: 75->0(75)
[2023-06-24T02:07:33.520+0000][67][info ][gc,heap     ] GC(42) Survivor regions: 1->1(10)
[2023-06-24T02:07:33.520+0000][67][info ][gc,heap     ] GC(42) Old regions: 21->21
[2023-06-24T02:07:33.521+0000][67][info ][gc,heap     ] GC(42) Archive regions: 2->2
[2023-06-24T02:07:33.522+0000][67][info ][gc,heap     ] GC(42) Humongous regions: 0->0
[2023-06-24T02:07:33.522+0000][67][info ][gc,metaspace] GC(42) Metaspace: 119085K(122560K)->119085K(122560K) NonClass: 102807K(104640K)->102807K(104640K) Class: 16278K(17920K)->16278K(17920K)
[2023-06-24T02:07:33.523+0000][67][info ][gc          ] GC(42) Pause Young (Normal) (G1 Evacuation Pause) 387M->87M(512M) 37.355ms
[2023-06-24T02:07:33.523+0000][67][info ][gc,cpu      ] GC(42) User=0.05s Sys=0.01s Real=0.04s
[2023-06-24T02:07:33.523+0000][67][info ][safepoint   ] Safepoint "G1CollectForAllocation", Time since last: 746229091716 ns, Reaching safepoint: 104166 ns, Cleanup: 149500 ns, At safepoint: 38213167 ns, Total: 38466833 ns
[2023-06-24T02:36:54.020+0000][67][info ][safepoint   ] Safepoint "Cleanup", Time since last: 1760551768637 ns, Reaching safepoint: 217042 ns, Cleanup: 259166 ns, At safepoint: 26209 ns, Total: 502417 ns
[2023-06-24T02:41:34.118+0000][67][info ][gc,start    ] GC(43) Pause Young (Normal) (G1 Evacuation Pause)
[2023-06-24T02:41:34.120+0000][67][info ][gc,task     ] GC(43) Using 5 workers of 5 for evacuation
[2023-06-24T02:41:34.122+0000][67][debug][gc,age      ] GC(43) Desired survivor size 20971520 bytes, new threshold 15 (max threshold 15)
[2023-06-24T02:41:34.133+0000][67][info ][gc,phases   ] GC(43)   Pre Evacuate Collection Set: 0.4ms
[2023-06-24T02:41:34.135+0000][67][info ][gc,phases   ] GC(43)   Merge Heap Roots: 0.4ms
[2023-06-24T02:41:34.136+0000][67][info ][gc,phases   ] GC(43)   Evacuate Collection Set: 6.1ms
[2023-06-24T02:41:34.137+0000][67][info ][gc,phases   ] GC(43)   Post Evacuate Collection Set: 2.7ms
[2023-06-24T02:41:34.138+0000][67][info ][gc,phases   ] GC(43)   Other: 3.3ms
[2023-06-24T02:41:34.139+0000][67][trace][gc,age      ] GC(43) Age table with threshold 15 (max threshold 15)
[2023-06-24T02:41:34.140+0000][67][trace][gc,age      ] GC(43) - age   1:       8448 bytes,       8448 total
[2023-06-24T02:41:34.141+0000][67][trace][gc,age      ] GC(43) - age   3:     285624 bytes,     294072 total
[2023-06-24T02:41:34.142+0000][67][trace][gc,age      ] GC(43) - age   4:       4848 bytes,     298920 total
[2023-06-24T02:41:34.143+0000][67][trace][gc,age      ] GC(43) - age   5:         88 bytes,     299008 total
[2023-06-24T02:41:34.143+0000][67][trace][gc,age      ] GC(43) - age   7:        304 bytes,     299312 total
[2023-06-24T02:41:34.144+0000][67][trace][gc,age      ] GC(43) - age   8:        216 bytes,     299528 total
[2023-06-24T02:41:34.145+0000][67][trace][gc,age      ] GC(43) - age   9:       3664 bytes,     303192 total
[2023-06-24T02:41:34.145+0000][67][trace][gc,age      ] GC(43) - age  10:        360 bytes,     303552 total
[2023-06-24T02:41:34.146+0000][67][trace][gc,age      ] GC(43) - age  11:       4056 bytes,     307608 total
[2023-06-24T02:41:34.147+0000][67][trace][gc,age      ] GC(43) - age  12:       2024 bytes,     309632 total
[2023-06-24T02:41:34.147+0000][67][trace][gc,age      ] GC(43) - age  13:        840 bytes,     310472 total
[2023-06-24T02:41:34.148+0000][67][trace][gc,age      ] GC(43) - age  14:        600 bytes,     311072 total
[2023-06-24T02:41:34.149+0000][67][trace][gc,age      ] GC(43) - age  15:        392 bytes,     311464 total
[2023-06-24T02:41:34.149+0000][67][info ][gc,heap     ] GC(43) Eden regions: 75->0(75)
[2023-06-24T02:41:34.150+0000][67][info ][gc,heap     ] GC(43) Survivor regions: 1->1(10)
[2023-06-24T02:41:34.151+0000][67][info ][gc,heap     ] GC(43) Old regions: 21->21
[2023-06-24T02:41:34.151+0000][67][info ][gc,heap     ] GC(43) Archive regions: 2->2
[2023-06-24T02:41:34.152+0000][67][info ][gc,heap     ] GC(43) Humongous regions: 0->0
[2023-06-24T02:41:34.153+0000][67][info ][gc,metaspace] GC(43) Metaspace: 119085K(122560K)->119085K(122560K) NonClass: 102807K(104640K)->102807K(104640K) Class: 16278K(17920K)->16278K(17920K)
[2023-06-24T02:41:34.153+0000][67][info ][gc          ] GC(43) Pause Young (Normal) (G1 Evacuation Pause) 387M->87M(512M) 35.742ms
[2023-06-24T02:41:34.154+0000][67][info ][gc,cpu      ] GC(43) User=0.04s Sys=0.01s Real=0.03s
[2023-06-24T02:41:34.155+0000][67][info ][safepoint   ] Safepoint "G1CollectForAllocation", Time since last: 280099604835 ns, Reaching safepoint: 86459 ns, Cleanup: 143833 ns, At safepoint: 37140750 ns, Total: 37371042 ns
[2023-06-24T02:45:05.013+0000][67][info ][safepoint   ] Safepoint "Cleanup", Time since last: 210861064471 ns, Reaching safepoint: 51750 ns, Cleanup: 272166 ns, At safepoint: 84417 ns, Total: 408333 ns
[2023-06-24T03:00:05.920+0000][67][info ][safepoint   ] Safepoint "Cleanup", Time since last: 900885405828 ns, Reaching safepoint: 50375 ns, Cleanup: 154084 ns, At safepoint: 13875 ns, Total: 218334 ns
[2023-06-24T03:02:54.490+0000][67][info ][safepoint   ] Safepoint "Cleanup", Time since last: 168570093660 ns, Reaching safepoint: 443666 ns, Cleanup: 229125 ns, At safepoint: 34209 ns, Total: 707000 ns
[2023-06-24T03:15:39.203+0000][67][info ][gc,start    ] GC(44) Pause Young (Normal) (G1 Evacuation Pause)
[2023-06-24T03:15:39.206+0000][67][info ][gc,task     ] GC(44) Using 5 workers of 5 for evacuation
[2023-06-24T03:15:39.207+0000][67][debug][gc,age      ] GC(44) Desired survivor size 20971520 bytes, new threshold 15 (max threshold 15)
[2023-06-24T03:15:39.218+0000][67][info ][gc,phases   ] GC(44)   Pre Evacuate Collection Set: 0.4ms
[2023-06-24T03:15:39.220+0000][67][info ][gc,phases   ] GC(44)   Merge Heap Roots: 0.2ms
[2023-06-24T03:15:39.221+0000][67][info ][gc,phases   ] GC(44)   Evacuate Collection Set: 4.3ms
[2023-06-24T03:15:39.223+0000][67][info ][gc,phases   ] GC(44)   Post Evacuate Collection Set: 4.2ms
[2023-06-24T03:15:39.224+0000][67][info ][gc,phases   ] GC(44)   Other: 2.3ms
[2023-06-24T03:15:39.225+0000][67][trace][gc,age      ] GC(44) Age table with threshold 15 (max threshold 15)
[2023-06-24T03:15:39.226+0000][67][trace][gc,age      ] GC(44) - age   1:       8952 bytes,       8952 total
[2023-06-24T03:15:39.227+0000][67][trace][gc,age      ] GC(44) - age   2:        184 bytes,       9136 total
[2023-06-24T03:15:39.228+0000][67][trace][gc,age      ] GC(44) - age   4:     285624 bytes,     294760 total
[2023-06-24T03:15:39.229+0000][67][trace][gc,age      ] GC(44) - age   5:       4848 bytes,     299608 total
[2023-06-24T03:15:39.230+0000][67][trace][gc,age      ] GC(44) - age   6:         88 bytes,     299696 total
[2023-06-24T03:15:39.230+0000][67][trace][gc,age      ] GC(44) - age   8:        304 bytes,     300000 total
[2023-06-24T03:15:39.231+0000][67][trace][gc,age      ] GC(44) - age   9:        216 bytes,     300216 total
[2023-06-24T03:15:39.232+0000][67][trace][gc,age      ] GC(44) - age  10:       3664 bytes,     303880 total
[2023-06-24T03:15:39.232+0000][67][trace][gc,age      ] GC(44) - age  11:        360 bytes,     304240 total
[2023-06-24T03:15:39.233+0000][67][trace][gc,age      ] GC(44) - age  12:       4056 bytes,     308296 total
[2023-06-24T03:15:39.234+0000][67][trace][gc,age      ] GC(44) - age  13:       2024 bytes,     310320 total
[2023-06-24T03:15:39.235+0000][67][trace][gc,age      ] GC(44) - age  14:        840 bytes,     311160 total
[2023-06-24T03:15:39.235+0000][67][trace][gc,age      ] GC(44) - age  15:        600 bytes,     311760 total
[2023-06-24T03:15:39.236+0000][67][info ][gc,heap     ] GC(44) Eden regions: 75->0(75)
[2023-06-24T03:15:39.237+0000][67][info ][gc,heap     ] GC(44) Survivor regions: 1->1(10)
[2023-06-24T03:15:39.237+0000][67][info ][gc,heap     ] GC(44) Old regions: 21->21
[2023-06-24T03:15:39.238+0000][67][info ][gc,heap     ] GC(44) Archive regions: 2->2
[2023-06-24T03:15:39.239+0000][67][info ][gc,heap     ] GC(44) Humongous regions: 0->0
[2023-06-24T03:15:39.239+0000][67][info ][gc,metaspace] GC(44) Metaspace: 119092K(122560K)->119092K(122560K) NonClass: 102813K(104640K)->102813K(104640K) Class: 16278K(17920K)->16278K(17920K)
[2023-06-24T03:15:39.240+0000][67][info ][gc          ] GC(44) Pause Young (Normal) (G1 Evacuation Pause) 387M->87M(512M) 36.570ms
[2023-06-24T03:15:39.241+0000][67][info ][gc,cpu      ] GC(44) User=0.03s Sys=0.01s Real=0.04s
[2023-06-24T03:15:39.241+0000][67][info ][safepoint   ] Safepoint "G1CollectForAllocation", Time since last: 764714592390 ns, Reaching safepoint: 664875 ns, Cleanup: 102834 ns, At safepoint: 38034625 ns, Total: 38802334 ns
[2023-06-24T03:37:54.465+0000][67][info ][safepoint   ] Safepoint "Cleanup", Time since last: 1335245905190 ns, Reaching safepoint: 292750 ns, Cleanup: 344000 ns, At safepoint: 32416 ns, Total: 669166 ns
[2023-06-24T03:43:25.427+0000][67][info ][safepoint   ] Safepoint "Cleanup", Time since last: 330964332651 ns, Reaching safepoint: 170333 ns, Cleanup: 66625 ns, At safepoint: 26625 ns, Total: 263583 ns
[2023-06-24T03:49:41.559+0000][67][info ][gc,start    ] GC(45) Pause Young (Normal) (G1 Evacuation Pause)
[2023-06-24T03:49:41.563+0000][67][info ][gc,task     ] GC(45) Using 5 workers of 5 for evacuation
[2023-06-24T03:49:41.568+0000][67][debug][gc,age      ] GC(45) Desired survivor size 20971520 bytes, new threshold 15 (max threshold 15)
[2023-06-24T03:49:41.580+0000][67][info ][gc,phases   ] GC(45)   Pre Evacuate Collection Set: 0.8ms
[2023-06-24T03:49:41.582+0000][67][info ][gc,phases   ] GC(45)   Merge Heap Roots: 0.2ms
[2023-06-24T03:49:41.583+0000][67][info ][gc,phases   ] GC(45)   Evacuate Collection Set: 5.9ms
[2023-06-24T03:49:41.584+0000][67][info ][gc,phases   ] GC(45)   Post Evacuate Collection Set: 3.0ms
[2023-06-24T03:49:41.584+0000][67][info ][gc,phases   ] GC(45)   Other: 7.0ms
[2023-06-24T03:49:41.585+0000][67][trace][gc,age      ] GC(45) Age table with threshold 15 (max threshold 15)
[2023-06-24T03:49:41.586+0000][67][trace][gc,age      ] GC(45) - age   1:       8848 bytes,       8848 total
[2023-06-24T03:49:41.587+0000][67][trace][gc,age      ] GC(45) - age   2:        616 bytes,       9464 total
[2023-06-24T03:49:41.588+0000][67][trace][gc,age      ] GC(45) - age   5:     285440 bytes,     294904 total
[2023-06-24T03:49:41.589+0000][67][trace][gc,age      ] GC(45) - age   6:       4848 bytes,     299752 total
[2023-06-24T03:49:41.590+0000][67][trace][gc,age      ] GC(45) - age   7:         88 bytes,     299840 total
[2023-06-24T03:49:41.591+0000][67][trace][gc,age      ] GC(45) - age   9:        304 bytes,     300144 total
[2023-06-24T03:49:41.591+0000][67][trace][gc,age      ] GC(45) - age  10:        216 bytes,     300360 total
[2023-06-24T03:49:41.592+0000][67][trace][gc,age      ] GC(45) - age  11:       3664 bytes,     304024 total
[2023-06-24T03:49:41.593+0000][67][trace][gc,age      ] GC(45) - age  12:        360 bytes,     304384 total
[2023-06-24T03:49:41.593+0000][67][trace][gc,age      ] GC(45) - age  13:       4056 bytes,     308440 total
[2023-06-24T03:49:41.594+0000][67][trace][gc,age      ] GC(45) - age  14:       2024 bytes,     310464 total
[2023-06-24T03:49:41.595+0000][67][trace][gc,age      ] GC(45) - age  15:        840 bytes,     311304 total
[2023-06-24T03:49:41.595+0000][67][info ][gc,heap     ] GC(45) Eden regions: 75->0(75)
[2023-06-24T03:49:41.596+0000][67][info ][gc,heap     ] GC(45) Survivor regions: 1->1(10)
[2023-06-24T03:49:41.597+0000][67][info ][gc,heap     ] GC(45) Old regions: 21->21
[2023-06-24T03:49:41.598+0000][67][info ][gc,heap     ] GC(45) Archive regions: 2->2
[2023-06-24T03:49:41.598+0000][67][info ][gc,heap     ] GC(45) Humongous regions: 0->0
[2023-06-24T03:49:41.599+0000][67][info ][gc,metaspace] GC(45) Metaspace: 119093K(122560K)->119093K(122560K) NonClass: 102815K(104640K)->102815K(104640K) Class: 16278K(17920K)->16278K(17920K)
[2023-06-24T03:49:41.599+0000][67][info ][gc          ] GC(45) Pause Young (Normal) (G1 Evacuation Pause) 387M->87M(512M) 40.088ms
[2023-06-24T03:49:41.600+0000][67][info ][gc,cpu      ] GC(45) User=0.03s Sys=0.01s Real=0.04s
[2023-06-24T03:49:41.601+0000][67][info ][safepoint   ] Safepoint "G1CollectForAllocation", Time since last: 376134537339 ns, Reaching safepoint: 70959 ns, Cleanup: 129625 ns, At safepoint: 41531333 ns, Total: 41731917 ns
[2023-06-24T03:52:55.432+0000][67][info ][safepoint   ] Safepoint "Cleanup", Time since last: 193803431296 ns, Reaching safepoint: 278875 ns, Cleanup: 188541 ns, At safepoint: 39875 ns, Total: 507291 ns
[2023-06-24T04:15:05.016+0000][67][info ][safepoint   ] Safepoint "Cleanup", Time since last: 1329560754147 ns, Reaching safepoint: 575750 ns, Cleanup: 296125 ns, At safepoint: 16084 ns, Total: 887959 ns
[2023-06-24T04:15:26.079+0000][67][info ][safepoint   ] Safepoint "Cleanup", Time since last: 21061162926 ns, Reaching safepoint: 273166 ns, Cleanup: 616500 ns, At safepoint: 38750 ns, Total: 928416 ns
[2023-06-24T04:23:46.554+0000][67][info ][gc,start    ] GC(46) Pause Young (Normal) (G1 Evacuation Pause)
[2023-06-24T04:23:46.559+0000][67][info ][gc,task     ] GC(46) Using 5 workers of 5 for evacuation
[2023-06-24T04:23:46.561+0000][67][debug][gc,age      ] GC(46) Desired survivor size 20971520 bytes, new threshold 15 (max threshold 15)
[2023-06-24T04:23:46.585+0000][67][info ][gc,phases   ] GC(46)   Pre Evacuate Collection Set: 0.6ms
[2023-06-24T04:23:46.586+0000][67][info ][gc,phases   ] GC(46)   Merge Heap Roots: 0.3ms
[2023-06-24T04:23:46.587+0000][67][info ][gc,phases   ] GC(46)   Evacuate Collection Set: 17.1ms
[2023-06-24T04:23:46.587+0000][67][info ][gc,phases   ] GC(46)   Post Evacuate Collection Set: 1.0ms
[2023-06-24T04:23:46.588+0000][67][info ][gc,phases   ] GC(46)   Other: 6.9ms
[2023-06-24T04:23:46.588+0000][67][trace][gc,age      ] GC(46) Age table with threshold 15 (max threshold 15)
[2023-06-24T04:23:46.589+0000][67][trace][gc,age      ] GC(46) - age   1:      17048 bytes,      17048 total
[2023-06-24T04:23:46.589+0000][67][trace][gc,age      ] GC(46) - age   2:        632 bytes,      17680 total
[2023-06-24T04:23:46.589+0000][67][trace][gc,age      ] GC(46) - age   3:         72 bytes,      17752 total
[2023-06-24T04:23:46.590+0000][67][trace][gc,age      ] GC(46) - age   6:     285440 bytes,     303192 total
[2023-06-24T04:23:46.590+0000][67][trace][gc,age      ] GC(46) - age   7:       4848 bytes,     308040 total
[2023-06-24T04:23:46.591+0000][67][trace][gc,age      ] GC(46) - age   8:         88 bytes,     308128 total
[2023-06-24T04:23:46.591+0000][67][trace][gc,age      ] GC(46) - age  10:        304 bytes,     308432 total
[2023-06-24T04:23:46.591+0000][67][trace][gc,age      ] GC(46) - age  11:        216 bytes,     308648 total
[2023-06-24T04:23:46.592+0000][67][trace][gc,age      ] GC(46) - age  12:       3664 bytes,     312312 total
[2023-06-24T04:23:46.592+0000][67][trace][gc,age      ] GC(46) - age  13:        360 bytes,     312672 total
[2023-06-24T04:23:46.592+0000][67][trace][gc,age      ] GC(46) - age  14:       4056 bytes,     316728 total
[2023-06-24T04:23:46.593+0000][67][trace][gc,age      ] GC(46) - age  15:       2024 bytes,     318752 total
[2023-06-24T04:23:46.593+0000][67][info ][gc,heap     ] GC(46) Eden regions: 75->0(75)
[2023-06-24T04:23:46.594+0000][67][info ][gc,heap     ] GC(46) Survivor regions: 1->1(10)
[2023-06-24T04:23:46.594+0000][67][info ][gc,heap     ] GC(46) Old regions: 21->21
[2023-06-24T04:23:46.594+0000][67][info ][gc,heap     ] GC(46) Archive regions: 2->2
[2023-06-24T04:23:46.595+0000][67][info ][gc,heap     ] GC(46) Humongous regions: 0->0
[2023-06-24T04:23:46.595+0000][67][info ][gc,metaspace] GC(46) Metaspace: 119103K(122560K)->119103K(122560K) NonClass: 102825K(104640K)->102825K(104640K) Class: 16278K(17920K)->16278K(17920K)
[2023-06-24T04:23:46.595+0000][67][info ][gc          ] GC(46) Pause Young (Normal) (G1 Evacuation Pause) 387M->87M(512M) 41.144ms
[2023-06-24T04:23:46.596+0000][67][info ][gc,cpu      ] GC(46) User=0.05s Sys=0.01s Real=0.04s
[2023-06-24T04:23:46.596+0000][67][info ][safepoint   ] Safepoint "G1CollectForAllocation", Time since last: 500469674602 ns, Reaching safepoint: 275958 ns, Cleanup: 139917 ns, At safepoint: 41988208 ns, Total: 42404083 ns
[2023-06-24T04:28:27.486+0000][67][info ][safepoint   ] Safepoint "Cleanup", Time since last: 280905647294 ns, Reaching safepoint: 309250 ns, Cleanup: 300750 ns, At safepoint: 16375 ns, Total: 626375 ns
[2023-06-24T04:30:55.914+0000][67][info ][safepoint   ] Safepoint "Cleanup", Time since last: 148429955109 ns, Reaching safepoint: 215042 ns, Cleanup: 165875 ns, At safepoint: 17500 ns, Total: 398417 ns
[2023-06-24T04:49:48.686+0000][67][info ][safepoint   ] Safepoint "Cleanup", Time since last: 1132770001892 ns, Reaching safepoint: 299458 ns, Cleanup: 194459 ns, At safepoint: 13750 ns, Total: 507667 ns
[2023-06-24T04:57:45.537+0000][67][info ][gc,start    ] GC(47) Pause Young (Normal) (G1 Evacuation Pause)
[2023-06-24T04:57:45.542+0000][67][info ][gc,task     ] GC(47) Using 5 workers of 5 for evacuation
[2023-06-24T04:57:45.545+0000][67][debug][gc,age      ] GC(47) Desired survivor size 20971520 bytes, new threshold 15 (max threshold 15)
[2023-06-24T04:57:45.555+0000][67][info ][gc,phases   ] GC(47)   Pre Evacuate Collection Set: 2.0ms
[2023-06-24T04:57:45.556+0000][67][info ][gc,phases   ] GC(47)   Merge Heap Roots: 0.2ms
[2023-06-24T04:57:45.557+0000][67][info ][gc,phases   ] GC(47)   Evacuate Collection Set: 5.4ms
[2023-06-24T04:57:45.557+0000][67][info ][gc,phases   ] GC(47)   Post Evacuate Collection Set: 1.0ms
[2023-06-24T04:57:45.558+0000][67][info ][gc,phases   ] GC(47)   Other: 3.8ms
[2023-06-24T04:57:45.559+0000][67][trace][gc,age      ] GC(47) Age table with threshold 15 (max threshold 15)
[2023-06-24T04:57:45.559+0000][67][trace][gc,age      ] GC(47) - age   1:       8344 bytes,       8344 total
[2023-06-24T04:57:45.560+0000][67][trace][gc,age      ] GC(47) - age   2:       8832 bytes,      17176 total
[2023-06-24T04:57:45.560+0000][67][trace][gc,age      ] GC(47) - age   3:        632 bytes,      17808 total
[2023-06-24T04:57:45.560+0000][67][trace][gc,age      ] GC(47) - age   4:         72 bytes,      17880 total
[2023-06-24T04:57:45.561+0000][67][trace][gc,age      ] GC(47) - age   7:     285440 bytes,     303320 total
[2023-06-24T04:57:45.561+0000][67][trace][gc,age      ] GC(47) - age   8:       4848 bytes,     308168 total
[2023-06-24T04:57:45.562+0000][67][trace][gc,age      ] GC(47) - age   9:         88 bytes,     308256 total
[2023-06-24T04:57:45.562+0000][67][trace][gc,age      ] GC(47) - age  11:        304 bytes,     308560 total
[2023-06-24T04:57:45.562+0000][67][trace][gc,age      ] GC(47) - age  12:        216 bytes,     308776 total
[2023-06-24T04:57:45.563+0000][67][trace][gc,age      ] GC(47) - age  13:       3664 bytes,     312440 total
[2023-06-24T04:57:45.563+0000][67][trace][gc,age      ] GC(47) - age  14:        360 bytes,     312800 total
[2023-06-24T04:57:45.563+0000][67][trace][gc,age      ] GC(47) - age  15:       4056 bytes,     316856 total
[2023-06-24T04:57:45.564+0000][67][info ][gc,heap     ] GC(47) Eden regions: 75->0(75)
[2023-06-24T04:57:45.564+0000][67][info ][gc,heap     ] GC(47) Survivor regions: 1->1(10)
[2023-06-24T04:57:45.565+0000][67][info ][gc,heap     ] GC(47) Old regions: 21->21
[2023-06-24T04:57:45.565+0000][67][info ][gc,heap     ] GC(47) Archive regions: 2->2
[2023-06-24T04:57:45.565+0000][67][info ][gc,heap     ] GC(47) Humongous regions: 0->0
[2023-06-24T04:57:45.566+0000][67][info ][gc,metaspace] GC(47) Metaspace: 119104K(122560K)->119104K(122560K) NonClass: 102825K(104640K)->102825K(104640K) Class: 16278K(17920K)->16278K(17920K)
[2023-06-24T04:57:45.566+0000][67][info ][gc          ] GC(47) Pause Young (Normal) (G1 Evacuation Pause) 387M->87M(512M) 29.262ms
[2023-06-24T04:57:45.567+0000][67][info ][gc,cpu      ] GC(47) User=0.02s Sys=0.00s Real=0.03s
[2023-06-24T04:57:45.567+0000][67][info ][safepoint   ] Safepoint "G1CollectForAllocation", Time since last: 476877621716 ns, Reaching safepoint: 71166 ns, Cleanup: 125417 ns, At safepoint: 30188792 ns, Total: 30385375 ns
[2023-06-24T05:04:49.442+0000][67][info ][safepoint   ] Safepoint "Cleanup", Time since last: 423877184027 ns, Reaching safepoint: 75500 ns, Cleanup: 390167 ns, At safepoint: 12541 ns, Total: 478208 ns
[2023-06-24T05:04:50.456+0000][67][info ][safepoint   ] Safepoint "Cleanup", Time since last: 1013931001 ns, Reaching safepoint: 19125 ns, Cleanup: 140750 ns, At safepoint: 15625 ns, Total: 175500 ns
[2023-06-24T05:04:56.500+0000][67][info ][safepoint   ] Safepoint "Cleanup", Time since last: 6043998294 ns, Reaching safepoint: 57500 ns, Cleanup: 153917 ns, At safepoint: 11000 ns, Total: 222417 ns
[2023-06-24T05:04:57.505+0000][67][info ][safepoint   ] Safepoint "Cleanup", Time since last: 1004616001 ns, Reaching safepoint: 61416 ns, Cleanup: 367500 ns, At safepoint: 15250 ns, Total: 444166 ns
[2023-06-24T05:06:53.000+0000][67][info ][safepoint   ] Safepoint "Cleanup", Time since last: 115497533344 ns, Reaching safepoint: 3458 ns, Cleanup: 60958 ns, At safepoint: 8125 ns, Total: 72541 ns
[2023-06-24T05:06:54.134+0000][67][info ][safepoint   ] Safepoint "Cleanup", Time since last: 1132994293 ns, Reaching safepoint: 132500 ns, Cleanup: 498208 ns, At safepoint: 12917 ns, Total: 643625 ns
[2023-06-24T05:06:55.140+0000][67][info ][safepoint   ] Safepoint "Cleanup", Time since last: 1005889750 ns, Reaching safepoint: 27167 ns, Cleanup: 195125 ns, At safepoint: 8250 ns, Total: 230542 ns
[2023-06-24T05:06:56.144+0000][67][info ][safepoint   ] Safepoint "Cleanup", Time since last: 1003679250 ns, Reaching safepoint: 22167 ns, Cleanup: 173417 ns, At safepoint: 8375 ns, Total: 203959 ns
[2023-06-24T05:06:56.584+0000][67][info ][safepoint   ] Safepoint "ICBufferFull", Time since last: 439491208 ns, Reaching safepoint: 5667 ns, Cleanup: 134791 ns, At safepoint: 1709 ns, Total: 142167 ns
[2023-06-24T05:06:56.732+0000][67][info ][safepoint   ] Safepoint "ICBufferFull", Time since last: 147831000 ns, Reaching safepoint: 6583 ns, Cleanup: 132334 ns, At safepoint: 2041 ns, Total: 140958 ns
[2023-06-24T05:06:56.981+0000][67][info ][safepoint   ] Safepoint "ICBufferFull", Time since last: 249147542 ns, Reaching safepoint: 7042 ns, Cleanup: 114166 ns, At safepoint: 7000 ns, Total: 128208 ns
[2023-06-24T05:06:58.848+0000][67][info ][safepoint   ] Safepoint "Cleanup", Time since last: 1866787668 ns, Reaching safepoint: 33333 ns, Cleanup: 245417 ns, At safepoint: 5958 ns, Total: 284708 ns
[2023-06-24T05:07:00.859+0000][67][info ][safepoint   ] Safepoint "Cleanup", Time since last: 2010659959 ns, Reaching safepoint: 13625 ns, Cleanup: 77042 ns, At safepoint: 3208 ns, Total: 93875 ns
[2023-06-24T05:07:05.869+0000][67][info ][safepoint   ] Safepoint "Cleanup", Time since last: 5010192003 ns, Reaching safepoint: 81833 ns, Cleanup: 176709 ns, At safepoint: 10916 ns, Total: 269458 ns
[2023-06-24T05:07:08.883+0000][67][info ][safepoint   ] Safepoint "Cleanup", Time since last: 3012991418 ns, Reaching safepoint: 29709 ns, Cleanup: 150458 ns, At safepoint: 21042 ns, Total: 201209 ns
[2023-06-24T05:07:10.889+0000][67][info ][safepoint   ] Safepoint "Cleanup", Time since last: 2005242834 ns, Reaching safepoint: 68000 ns, Cleanup: 987750 ns, At safepoint: 15125 ns, Total: 1070875 ns
[2023-06-24T05:07:15.902+0000][67][info ][safepoint   ] Safepoint "Cleanup", Time since last: 5013228752 ns, Reaching safepoint: 77917 ns, Cleanup: 215542 ns, At safepoint: 10083 ns, Total: 303542 ns
[2023-06-24T05:07:17.917+0000][67][info ][safepoint   ] Safepoint "Cleanup", Time since last: 2014951500 ns, Reaching safepoint: 67875 ns, Cleanup: 147875 ns, At safepoint: 38417 ns, Total: 254167 ns
[2023-06-24T05:07:20.932+0000][67][info ][safepoint   ] Safepoint "Cleanup", Time since last: 3013672126 ns, Reaching safepoint: 67250 ns, Cleanup: 217500 ns, At safepoint: 10792 ns, Total: 295542 ns
[2023-06-24T05:07:26.959+0000][67][info ][safepoint   ] Safepoint "Cleanup", Time since last: 6026920628 ns, Reaching safepoint: 65125 ns, Cleanup: 334375 ns, At safepoint: 13750 ns, Total: 413250 ns
[2023-06-24T05:07:35.986+0000][67][info ][safepoint   ] Safepoint "Cleanup", Time since last: 9026772546 ns, Reaching safepoint: 73042 ns, Cleanup: 203000 ns, At safepoint: 15375 ns, Total: 291417 ns
[2023-06-24T05:07:57.018+0000][67][info ][safepoint   ] Safepoint "Cleanup", Time since last: 21032005426 ns, Reaching safepoint: 30708 ns, Cleanup: 109500 ns, At safepoint: 51917 ns, Total: 192125 ns
[2023-06-24T05:08:06.049+0000][67][info ][safepoint   ] Safepoint "Cleanup", Time since last: 9031144046 ns, Reaching safepoint: 80083 ns, Cleanup: 171208 ns, At safepoint: 10459 ns, Total: 261750 ns
[2023-06-24T05:08:15.469+0000][67][info ][safepoint   ] Safepoint "Cleanup", Time since last: 9419675837 ns, Reaching safepoint: 8625 ns, Cleanup: 66209 ns, At safepoint: 8666 ns, Total: 83500 ns
[2023-06-24T05:08:16.218+0000][67][info ][safepoint   ] Safepoint "ICBufferFull", Time since last: 748640334 ns, Reaching safepoint: 10375 ns, Cleanup: 131625 ns, At safepoint: 3125 ns, Total: 145125 ns
[2023-06-24T05:08:17.283+0000][67][info ][safepoint   ] Safepoint "Cleanup", Time since last: 1065482958 ns, Reaching safepoint: 14792 ns, Cleanup: 135167 ns, At safepoint: 4000 ns, Total: 153959 ns
[2023-06-24T05:08:18.284+0000][67][info ][safepoint   ] Safepoint "Cleanup", Time since last: 1000865083 ns, Reaching safepoint: 32750 ns, Cleanup: 52625 ns, At safepoint: 5209 ns, Total: 90584 ns
[2023-06-24T05:08:26.300+0000][67][info ][safepoint   ] Safepoint "Cleanup", Time since last: 8015655170 ns, Reaching safepoint: 24125 ns, Cleanup: 156375 ns, At safepoint: 8667 ns, Total: 189167 ns
[2023-06-24T05:08:27.306+0000][67][info ][safepoint   ] Safepoint "Cleanup", Time since last: 1006591084 ns, Reaching safepoint: 38166 ns, Cleanup: 129625 ns, At safepoint: 6292 ns, Total: 174083 ns
[2023-06-24T05:08:34.327+0000][67][info ][safepoint   ] Safepoint "Cleanup", Time since last: 7019371128 ns, Reaching safepoint: 119250 ns, Cleanup: 544709 ns, At safepoint: 9125 ns, Total: 673084 ns
[2023-06-24T05:08:56.374+0000][67][info ][safepoint   ] Safepoint "Cleanup", Time since last: 22047322801 ns, Reaching safepoint: 82209 ns, Cleanup: 323583 ns, At safepoint: 16708 ns, Total: 422500 ns
[2023-06-24T05:08:57.381+0000][67][info ][safepoint   ] Safepoint "Cleanup", Time since last: 1007127334 ns, Reaching safepoint: 83917 ns, Cleanup: 179291 ns, At safepoint: 12042 ns, Total: 275250 ns
[2023-06-24T05:09:08.406+0000][67][info ][safepoint   ] Safepoint "Cleanup", Time since last: 11023525505 ns, Reaching safepoint: 253125 ns, Cleanup: 780334 ns, At safepoint: 7791 ns, Total: 1041250 ns
[2023-06-24T05:09:26.445+0000][67][info ][safepoint   ] Safepoint "Cleanup", Time since last: 18038891258 ns, Reaching safepoint: 72167 ns, Cleanup: 238042 ns, At safepoint: 11291 ns, Total: 321500 ns
[2023-06-24T05:09:52.553+0000][67][info ][safepoint   ] Safepoint "Cleanup", Time since last: 26107709262 ns, Reaching safepoint: 195375 ns, Cleanup: 154459 ns, At safepoint: 9708 ns, Total: 359542 ns
[2023-06-24T05:09:57.566+0000][67][info ][safepoint   ] Safepoint "Cleanup", Time since last: 5012562752 ns, Reaching safepoint: 111542 ns, Cleanup: 222417 ns, At safepoint: 9916 ns, Total: 343875 ns
[2023-06-24T05:10:07.581+0000][67][info ][safepoint   ] Safepoint "Cleanup", Time since last: 10014108255 ns, Reaching safepoint: 62792 ns, Cleanup: 522583 ns, At safepoint: 7292 ns, Total: 592667 ns
[2023-06-24T05:10:11.591+0000][67][info ][safepoint   ] Safepoint "Cleanup", Time since last: 4010183960 ns, Reaching safepoint: 23958 ns, Cleanup: 98750 ns, At safepoint: 4584 ns, Total: 127292 ns
[2023-06-24T05:10:38.645+0000][67][info ][safepoint   ] Safepoint "Cleanup", Time since last: 27054537720 ns, Reaching safepoint: 274459 ns, Cleanup: 171333 ns, At safepoint: 11125 ns, Total: 456917 ns
[2023-06-24T05:10:41.653+0000][67][info ][safepoint   ] Safepoint "Cleanup", Time since last: 3006234835 ns, Reaching safepoint: 745375 ns, Cleanup: 196333 ns, At safepoint: 10208 ns, Total: 951916 ns
[2023-06-24T05:10:52.678+0000][67][info ][safepoint   ] Safepoint "Cleanup", Time since last: 11024837463 ns, Reaching safepoint: 72208 ns, Cleanup: 117209 ns, At safepoint: 9625 ns, Total: 199042 ns
[2023-06-24T05:10:53.682+0000][67][info ][safepoint   ] Safepoint "Cleanup", Time since last: 1004054750 ns, Reaching safepoint: 124917 ns, Cleanup: 188375 ns, At safepoint: 14250 ns, Total: 327542 ns
[2023-06-24T05:10:56.694+0000][67][info ][safepoint   ] Safepoint "Cleanup", Time since last: 3011340376 ns, Reaching safepoint: 133750 ns, Cleanup: 200375 ns, At safepoint: 10375 ns, Total: 344500 ns
[2023-06-24T05:11:06.715+0000][67][info ][safepoint   ] Safepoint "Cleanup", Time since last: 10021306005 ns, Reaching safepoint: 121333 ns, Cleanup: 143750 ns, At safepoint: 9209 ns, Total: 274292 ns
[2023-06-24T05:11:08.727+0000][67][info ][safepoint   ] Safepoint "Cleanup", Time since last: 2011115792 ns, Reaching safepoint: 75209 ns, Cleanup: 549375 ns, At safepoint: 14041 ns, Total: 638625 ns
[2023-06-24T05:11:12.739+0000][67][info ][safepoint   ] Safepoint "Cleanup", Time since last: 4012174335 ns, Reaching safepoint: 56084 ns, Cleanup: 126083 ns, At safepoint: 10000 ns, Total: 192167 ns
[2023-06-24T05:12:01.840+0000][67][info ][safepoint   ] Safepoint "Cleanup", Time since last: 49100921647 ns, Reaching safepoint: 24083 ns, Cleanup: 107625 ns, At safepoint: 6458 ns, Total: 138166 ns
[2023-06-24T05:12:03.121+0000][67][info ][safepoint   ] Safepoint "Cleanup", Time since last: 1280595543 ns, Reaching safepoint: 31416 ns, Cleanup: 370417 ns, At safepoint: 13833 ns, Total: 415666 ns
[2023-06-24T05:12:04.142+0000][67][info ][gc,heap,exit] Heap
[2023-06-24T05:12:04.144+0000][67][info ][gc,heap,exit]  garbage-first heap   total 524288K, used 364949K [0x00000000bb800000, 0x0000000100000000)
[2023-06-24T05:12:04.146+0000][67][info ][gc,heap,exit]   region size 4096K, 67 young (274432K), 1 survivors (4096K)
[2023-06-24T05:12:04.147+0000][67][info ][gc,heap,exit]  Metaspace       used 127024K, committed 130560K, reserved 1179648K
[2023-06-24T05:12:04.148+0000][67][info ][gc,heap,exit]   class space    used 17468K, committed 19136K, reserved 1048576K
