[2023-06-24T05:12:06.724+0000][64][info][gc,init] CardTable entry size: 512
[2023-06-24T05:12:06.725+0000][64][info][gc     ] Using G1
[2023-06-24T05:12:07.089+0000][64][info][gc,init] Version: 20.0.1+9-29 (release)
[2023-06-24T05:12:07.090+0000][64][info][gc,init] CPUs: 5 total, 5 available
[2023-06-24T05:12:07.090+0000][64][info][gc,init] Memory: 2048M
[2023-06-24T05:12:07.091+0000][64][info][gc,init] Large Page Support: Disabled
[2023-06-24T05:12:07.091+0000][64][info][gc,init] NUMA Support: Disabled
[2023-06-24T05:12:07.091+0000][64][info][gc,init] Compressed Oops: Enabled (32-bit)
[2023-06-24T05:12:07.092+0000][64][info][gc,init] Heap Region Size: 4M
[2023-06-24T05:12:07.092+0000][64][info][gc,init] Heap Min Capacity: 1G
[2023-06-24T05:12:07.093+0000][64][info][gc,init] Heap Initial Capacity: 1G
[2023-06-24T05:12:07.093+0000][64][info][gc,init] Heap Max Capacity: 1G
[2023-06-24T05:12:07.093+0000][64][info][gc,init] Pre-touch: Enabled
[2023-06-24T05:12:07.094+0000][64][info][gc,init] Parallel Workers: 5
[2023-06-24T05:12:07.094+0000][64][info][gc,init] Concurrent Workers: 1
[2023-06-24T05:12:07.094+0000][64][info][gc,init] Concurrent Refinement Workers: 5
[2023-06-24T05:12:07.095+0000][64][info][gc,init] Periodic GC: Disabled
[2023-06-24T05:12:07.095+0000][64][info][gc,metaspace] CDS archive(s) mapped at: [0x0000000800000000-0x0000000800c80000-0x0000000800c80000), size 13107200, SharedBaseAddress: 0x0000000800000000, ArchiveRelocationMode: 0.
[2023-06-24T05:12:07.096+0000][64][info][gc,metaspace] Compressed class space mapped at: 0x0000000801000000-0x0000000841000000, reserved size: 1073741824
[2023-06-24T05:12:07.096+0000][64][info][gc,metaspace] Narrow klass base: 0x0000000800000000, Narrow klass shift: 0, Narrow klass range: 0x100000000
[2023-06-24T05:12:07.159+0000][64][info][safepoint   ] Safepoint "ICBufferFull", Time since last: 57208458 ns, Reaching safepoint: 2375 ns, Cleanup: 60042 ns, At safepoint: 1083 ns, Total: 63500 ns
[2023-06-24T05:12:07.247+0000][64][info][safepoint   ] Safepoint "ICBufferFull", Time since last: 88027709 ns, Reaching safepoint: 2000 ns, Cleanup: 92917 ns, At safepoint: 5500 ns, Total: 100417 ns
[2023-06-24T05:12:07.346+0000][64][info][safepoint   ] Safepoint "ICBufferFull", Time since last: 98832625 ns, Reaching safepoint: 2125 ns, Cleanup: 113916 ns, At safepoint: 1792 ns, Total: 117833 ns
[2023-06-24T05:12:07.440+0000][64][info][gc,start    ] GC(0) Pause Young (Normal) (G1 Evacuation Pause)
[2023-06-24T05:12:07.440+0000][64][info][gc,task     ] GC(0) Using 5 workers of 5 for evacuation
[2023-06-24T05:12:07.441+0000][64][debug][gc,age      ] GC(0) Desired survivor size 4194304 bytes, new threshold 15 (max threshold 15)
[2023-06-24T05:12:07.444+0000][64][info ][gc,phases   ] GC(0)   Pre Evacuate Collection Set: 0.1ms
[2023-06-24T05:12:07.444+0000][64][info ][gc,phases   ] GC(0)   Merge Heap Roots: 0.1ms
[2023-06-24T05:12:07.444+0000][64][info ][gc,phases   ] GC(0)   Evacuate Collection Set: 1.7ms
[2023-06-24T05:12:07.445+0000][64][info ][gc,phases   ] GC(0)   Post Evacuate Collection Set: 0.4ms
[2023-06-24T05:12:07.445+0000][64][info ][gc,phases   ] GC(0)   Other: 1.0ms
[2023-06-24T05:12:07.445+0000][64][trace][gc,age      ] GC(0) Age table with threshold 15 (max threshold 15)
[2023-06-24T05:12:07.446+0000][64][trace][gc,age      ] GC(0) - age   1:    4600264 bytes,    4600264 total
[2023-06-24T05:12:07.446+0000][64][info ][gc,heap     ] GC(0) Eden regions: 12->0(10)
[2023-06-24T05:12:07.447+0000][64][info ][gc,heap     ] GC(0) Survivor regions: 0->2(2)
[2023-06-24T05:12:07.447+0000][64][info ][gc,heap     ] GC(0) Old regions: 0->0
[2023-06-24T05:12:07.447+0000][64][info ][gc,heap     ] GC(0) Archive regions: 2->2
[2023-06-24T05:12:07.448+0000][64][info ][gc,heap     ] GC(0) Humongous regions: 0->0
[2023-06-24T05:12:07.448+0000][64][info ][gc,metaspace] GC(0) Metaspace: 8225K(8448K)->8225K(8448K) NonClass: 7215K(7360K)->7215K(7360K) Class: 1009K(1088K)->1009K(1088K)
[2023-06-24T05:12:07.448+0000][64][info ][gc          ] GC(0) Pause Young (Normal) (G1 Evacuation Pause) 52M->8M(1024M) 8.500ms
[2023-06-24T05:12:07.449+0000][64][info ][gc,cpu      ] GC(0) User=0.01s Sys=0.00s Real=0.01s
[2023-06-24T05:12:07.449+0000][64][info ][safepoint   ] Safepoint "G1CollectForAllocation", Time since last: 93463000 ns, Reaching safepoint: 2500 ns, Cleanup: 108875 ns, At safepoint: 9407667 ns, Total: 9519042 ns
[2023-06-24T05:12:07.525+0000][64][info ][safepoint   ] Safepoint "ICBufferFull", Time since last: 75759375 ns, Reaching safepoint: 2458 ns, Cleanup: 126792 ns, At safepoint: 13666 ns, Total: 142916 ns
[2023-06-24T05:12:07.959+0000][64][info ][safepoint   ] Safepoint "ICBufferFull", Time since last: 433581126 ns, Reaching safepoint: 2375 ns, Cleanup: 113000 ns, At safepoint: 1458 ns, Total: 116833 ns
[2023-06-24T05:12:08.037+0000][64][info ][safepoint   ] Safepoint "ICBufferFull", Time since last: 78495042 ns, Reaching safepoint: 97333 ns, Cleanup: 90375 ns, At safepoint: 7667 ns, Total: 195375 ns
[2023-06-24T05:12:08.159+0000][64][info ][safepoint   ] Safepoint "ICBufferFull", Time since last: 121427000 ns, Reaching safepoint: 89583 ns, Cleanup: 103292 ns, At safepoint: 1416 ns, Total: 194291 ns
[2023-06-24T05:12:08.186+0000][64][info ][gc,start    ] GC(1) Pause Young (Normal) (G1 Evacuation Pause)
[2023-06-24T05:12:08.187+0000][64][info ][gc,task     ] GC(1) Using 5 workers of 5 for evacuation
[2023-06-24T05:12:08.188+0000][64][debug][gc,age      ] GC(1) Desired survivor size 4194304 bytes, new threshold 1 (max threshold 15)
[2023-06-24T05:12:08.194+0000][64][info ][gc,phases   ] GC(1)   Pre Evacuate Collection Set: 0.1ms
[2023-06-24T05:12:08.194+0000][64][info ][gc,phases   ] GC(1)   Merge Heap Roots: 0.0ms
[2023-06-24T05:12:08.194+0000][64][info ][gc,phases   ] GC(1)   Evacuate Collection Set: 4.8ms
[2023-06-24T05:12:08.195+0000][64][info ][gc,phases   ] GC(1)   Post Evacuate Collection Set: 0.5ms
[2023-06-24T05:12:08.195+0000][64][info ][gc,phases   ] GC(1)   Other: 0.7ms
[2023-06-24T05:12:08.195+0000][64][trace][gc,age      ] GC(1) Age table with threshold 1 (max threshold 15)
[2023-06-24T05:12:08.196+0000][64][trace][gc,age      ] GC(1) - age   1:    3688888 bytes,    3688888 total
[2023-06-24T05:12:08.196+0000][64][info ][gc,heap     ] GC(1) Eden regions: 10->0(20)
[2023-06-24T05:12:08.196+0000][64][info ][gc,heap     ] GC(1) Survivor regions: 2->1(2)
[2023-06-24T05:12:08.196+0000][64][info ][gc,heap     ] GC(1) Old regions: 0->2
[2023-06-24T05:12:08.197+0000][64][info ][gc,heap     ] GC(1) Archive regions: 2->2
[2023-06-24T05:12:08.197+0000][64][info ][gc,heap     ] GC(1) Humongous regions: 0->0
[2023-06-24T05:12:08.197+0000][64][info ][gc,metaspace] GC(1) Metaspace: 15242K(15744K)->15242K(15744K) NonClass: 13460K(13696K)->13460K(13696K) Class: 1782K(2048K)->1782K(2048K)
[2023-06-24T05:12:08.198+0000][64][info ][gc          ] GC(1) Pause Young (Normal) (G1 Evacuation Pause) 48M->12M(1024M) 11.565ms
[2023-06-24T05:12:08.198+0000][64][info ][gc,cpu      ] GC(1) User=0.01s Sys=0.00s Real=0.02s
[2023-06-24T05:12:08.198+0000][64][info ][safepoint   ] Safepoint "G1CollectForAllocation", Time since last: 26915292 ns, Reaching safepoint: 89083 ns, Cleanup: 57125 ns, At safepoint: 12285750 ns, Total: 12431958 ns
[2023-06-24T05:12:08.380+0000][64][info ][safepoint   ] Safepoint "ICBufferFull", Time since last: 181584917 ns, Reaching safepoint: 2833 ns, Cleanup: 108375 ns, At safepoint: 6750 ns, Total: 117958 ns
[2023-06-24T05:12:08.423+0000][64][info ][safepoint   ] Safepoint "ICBufferFull", Time since last: 43336250 ns, Reaching safepoint: 3375 ns, Cleanup: 95042 ns, At safepoint: 5250 ns, Total: 103667 ns
[2023-06-24T05:12:08.530+0000][64][info ][safepoint   ] Safepoint "ICBufferFull", Time since last: 106842333 ns, Reaching safepoint: 2917 ns, Cleanup: 84500 ns, At safepoint: 5417 ns, Total: 92834 ns
[2023-06-24T05:12:08.537+0000][64][info ][gc,start    ] GC(2) Pause Young (Normal) (G1 Evacuation Pause)
[2023-06-24T05:12:08.537+0000][64][info ][gc,task     ] GC(2) Using 5 workers of 5 for evacuation
[2023-06-24T05:12:08.538+0000][64][debug][gc,age      ] GC(2) Desired survivor size 6291456 bytes, new threshold 15 (max threshold 15)
[2023-06-24T05:12:08.541+0000][64][info ][gc,phases   ] GC(2)   Pre Evacuate Collection Set: 0.1ms
[2023-06-24T05:12:08.541+0000][64][info ][gc,phases   ] GC(2)   Merge Heap Roots: 0.1ms
[2023-06-24T05:12:08.542+0000][64][info ][gc,phases   ] GC(2)   Evacuate Collection Set: 2.3ms
[2023-06-24T05:12:08.542+0000][64][info ][gc,phases   ] GC(2)   Post Evacuate Collection Set: 0.3ms
[2023-06-24T05:12:08.542+0000][64][info ][gc,phases   ] GC(2)   Other: 0.9ms
[2023-06-24T05:12:08.542+0000][64][trace][gc,age      ] GC(2) Age table with threshold 15 (max threshold 15)
[2023-06-24T05:12:08.543+0000][64][trace][gc,age      ] GC(2) - age   1:    2210648 bytes,    2210648 total
[2023-06-24T05:12:08.543+0000][64][trace][gc,age      ] GC(2) - age   2:    2792144 bytes,    5002792 total
[2023-06-24T05:12:08.543+0000][64][info ][gc,heap     ] GC(2) Eden regions: 20->0(73)
[2023-06-24T05:12:08.544+0000][64][info ][gc,heap     ] GC(2) Survivor regions: 1->2(3)
[2023-06-24T05:12:08.544+0000][64][info ][gc,heap     ] GC(2) Old regions: 2->2
[2023-06-24T05:12:08.544+0000][64][info ][gc,heap     ] GC(2) Archive regions: 2->2
[2023-06-24T05:12:08.545+0000][64][info ][gc,heap     ] GC(2) Humongous regions: 0->0
[2023-06-24T05:12:08.545+0000][64][info ][gc,metaspace] GC(2) Metaspace: 17249K(17664K)->17249K(17664K) NonClass: 15262K(15488K)->15262K(15488K) Class: 1987K(2176K)->1987K(2176K)
[2023-06-24T05:12:08.545+0000][64][info ][gc          ] GC(2) Pause Young (Normal) (G1 Evacuation Pause) 92M->13M(1024M) 8.163ms
[2023-06-24T05:12:08.546+0000][64][info ][gc,cpu      ] GC(2) User=0.01s Sys=0.01s Real=0.00s
[2023-06-24T05:12:08.546+0000][64][info ][safepoint   ] Safepoint "G1CollectForAllocation", Time since last: 6580541 ns, Reaching safepoint: 2250 ns, Cleanup: 33917 ns, At safepoint: 8774625 ns, Total: 8810792 ns
[2023-06-24T05:12:08.608+0000][64][info ][safepoint   ] Safepoint "ICBufferFull", Time since last: 62197833 ns, Reaching safepoint: 2584 ns, Cleanup: 105208 ns, At safepoint: 10250 ns, Total: 118042 ns
[2023-06-24T05:12:08.767+0000][64][info ][gc,start    ] GC(3) Pause Young (Concurrent Start) (Metadata GC Threshold)
[2023-06-24T05:12:08.768+0000][64][info ][gc,task     ] GC(3) Using 5 workers of 5 for evacuation
[2023-06-24T05:12:08.769+0000][64][debug][gc,age      ] GC(3) Desired survivor size 20971520 bytes, new threshold 15 (max threshold 15)
[2023-06-24T05:12:08.772+0000][64][info ][gc,phases   ] GC(3)   Pre Evacuate Collection Set: 0.1ms
[2023-06-24T05:12:08.773+0000][64][info ][gc,phases   ] GC(3)   Merge Heap Roots: 0.1ms
[2023-06-24T05:12:08.773+0000][64][info ][gc,phases   ] GC(3)   Evacuate Collection Set: 2.3ms
[2023-06-24T05:12:08.774+0000][64][info ][gc,phases   ] GC(3)   Post Evacuate Collection Set: 0.4ms
[2023-06-24T05:12:08.774+0000][64][info ][gc,phases   ] GC(3)   Other: 0.9ms
[2023-06-24T05:12:08.775+0000][64][trace][gc,age      ] GC(3) Age table with threshold 15 (max threshold 15)
[2023-06-24T05:12:08.776+0000][64][trace][gc,age      ] GC(3) - age   1:    2213400 bytes,    2213400 total
[2023-06-24T05:12:08.776+0000][64][trace][gc,age      ] GC(3) - age   2:    1528128 bytes,    3741528 total
[2023-06-24T05:12:08.777+0000][64][trace][gc,age      ] GC(3) - age   3:    2789080 bytes,    6530608 total
[2023-06-24T05:12:08.777+0000][64][info ][gc,heap     ] GC(3) Eden regions: 26->0(151)
[2023-06-24T05:12:08.778+0000][64][info ][gc,heap     ] GC(3) Survivor regions: 2->2(10)
[2023-06-24T05:12:08.778+0000][64][info ][gc,heap     ] GC(3) Old regions: 2->2
[2023-06-24T05:12:08.779+0000][64][info ][gc,heap     ] GC(3) Archive regions: 2->2
[2023-06-24T05:12:08.779+0000][64][info ][gc,heap     ] GC(3) Humongous regions: 0->0
[2023-06-24T05:12:08.780+0000][64][info ][gc,metaspace] GC(3) Metaspace: 21060K(21504K)->21060K(21504K) NonClass: 18698K(18944K)->18698K(18944K) Class: 2361K(2560K)->2361K(2560K)
[2023-06-24T05:12:08.780+0000][64][info ][gc          ] GC(3) Pause Young (Concurrent Start) (Metadata GC Threshold) 115M->15M(1024M) 12.856ms
[2023-06-24T05:12:08.780+0000][64][info ][gc,cpu      ] GC(3) User=0.01s Sys=0.00s Real=0.01s
[2023-06-24T05:12:08.781+0000][64][info ][safepoint   ] Safepoint "CollectForMetadataAllocation", Time since last: 158664459 ns, Reaching safepoint: 155833 ns, Cleanup: 98250 ns, At safepoint: 14325667 ns, Total: 14579750 ns
[2023-06-24T05:12:08.780+0000][64][info ][gc          ] GC(4) Concurrent Mark Cycle
[2023-06-24T05:12:08.782+0000][64][info ][gc,marking  ] GC(4) Concurrent Scan Root Regions
[2023-06-24T05:12:08.786+0000][64][info ][gc,marking  ] GC(4) Concurrent Scan Root Regions 4.015ms
[2023-06-24T05:12:08.787+0000][64][info ][gc,marking  ] GC(4) Concurrent Mark
[2023-06-24T05:12:08.788+0000][64][info ][gc,marking  ] GC(4) Concurrent Mark From Roots
[2023-06-24T05:12:08.788+0000][64][info ][gc,task     ] GC(4) Using 1 workers of 1 for marking
[2023-06-24T05:12:08.792+0000][64][info ][safepoint   ] Safepoint "CollectForMetadataAllocation", Time since last: 10138083 ns, Reaching safepoint: 52708 ns, Cleanup: 56000 ns, At safepoint: 113625 ns, Total: 222333 ns
[2023-06-24T05:12:08.792+0000][64][info ][gc,marking  ] GC(4) Concurrent Mark From Roots 4.500ms
[2023-06-24T05:12:08.793+0000][64][info ][gc,marking  ] GC(4) Concurrent Preclean
[2023-06-24T05:12:08.794+0000][64][info ][gc,marking  ] GC(4) Concurrent Preclean 0.545ms
[2023-06-24T05:12:08.794+0000][64][info ][gc,start    ] GC(4) Pause Remark
[2023-06-24T05:12:08.798+0000][64][info ][gc          ] GC(4) Pause Remark 18M->18M(1024M) 3.650ms
[2023-06-24T05:12:08.799+0000][64][info ][gc,cpu      ] GC(4) User=0.01s Sys=0.00s Real=0.01s
[2023-06-24T05:12:08.799+0000][64][info ][safepoint   ] Safepoint "G1PauseRemark", Time since last: 2510000 ns, Reaching safepoint: 97750 ns, Cleanup: 19584 ns, At safepoint: 4676583 ns, Total: 4793917 ns
[2023-06-24T05:12:08.800+0000][64][info ][gc,marking  ] GC(4) Concurrent Mark 12.564ms
[2023-06-24T05:12:08.800+0000][64][info ][gc,marking  ] GC(4) Concurrent Rebuild Remembered Sets and Scrub Regions
[2023-06-24T05:12:08.802+0000][64][info ][gc,marking  ] GC(4) Concurrent Rebuild Remembered Sets and Scrub Regions 1.920ms
[2023-06-24T05:12:08.802+0000][64][info ][gc,start    ] GC(4) Pause Cleanup
[2023-06-24T05:12:08.803+0000][64][info ][gc          ] GC(4) Pause Cleanup 18M->18M(1024M) 0.545ms
[2023-06-24T05:12:08.803+0000][64][info ][gc,cpu      ] GC(4) User=0.00s Sys=0.00s Real=0.00s
[2023-06-24T05:12:08.804+0000][64][info ][safepoint   ] Safepoint "G1PauseCleanup", Time since last: 3297167 ns, Reaching safepoint: 105583 ns, Cleanup: 49708 ns, At safepoint: 1452959 ns, Total: 1608250 ns
[2023-06-24T05:12:08.804+0000][64][info ][gc,marking  ] GC(4) Concurrent Clear Claimed Marks
[2023-06-24T05:12:08.805+0000][64][info ][gc,marking  ] GC(4) Concurrent Clear Claimed Marks 0.429ms
[2023-06-24T05:12:08.805+0000][64][info ][gc,marking  ] GC(4) Concurrent Cleanup for Next Mark
[2023-06-24T05:12:08.806+0000][64][info ][gc,marking  ] GC(4) Concurrent Cleanup for Next Mark 1.045ms
[2023-06-24T05:12:08.807+0000][64][info ][gc          ] GC(4) Concurrent Mark Cycle 26.215ms
[2023-06-24T05:12:08.926+0000][64][info ][safepoint   ] Safepoint "ICBufferFull", Time since last: 121630541 ns, Reaching safepoint: 3375 ns, Cleanup: 184375 ns, At safepoint: 10084 ns, Total: 197834 ns
[2023-06-24T05:12:09.047+0000][64][info ][safepoint   ] Safepoint "ICBufferFull", Time since last: 120699875 ns, Reaching safepoint: 2791 ns, Cleanup: 136834 ns, At safepoint: 9750 ns, Total: 149375 ns
[2023-06-24T05:12:09.185+0000][64][info ][safepoint   ] Safepoint "ICBufferFull", Time since last: 137847000 ns, Reaching safepoint: 3125 ns, Cleanup: 115916 ns, At safepoint: 1667 ns, Total: 120708 ns
[2023-06-24T05:12:09.376+0000][64][info ][safepoint   ] Safepoint "ICBufferFull", Time since last: 190843417 ns, Reaching safepoint: 3917 ns, Cleanup: 137583 ns, At safepoint: 9083 ns, Total: 150583 ns
[2023-06-24T05:12:09.536+0000][64][info ][safepoint   ] Safepoint "ICBufferFull", Time since last: 160169625 ns, Reaching safepoint: 5167 ns, Cleanup: 112708 ns, At safepoint: 2125 ns, Total: 120000 ns
[2023-06-24T05:12:09.732+0000][64][info ][safepoint   ] Safepoint "ICBufferFull", Time since last: 195622000 ns, Reaching safepoint: 3167 ns, Cleanup: 118167 ns, At safepoint: 5208 ns, Total: 126542 ns
[2023-06-24T05:12:09.807+0000][64][info ][gc,start    ] GC(5) Pause Young (Normal) (G1 Evacuation Pause)
[2023-06-24T05:12:09.808+0000][64][info ][gc,task     ] GC(5) Using 5 workers of 5 for evacuation
[2023-06-24T05:12:09.808+0000][64][debug][gc,age      ] GC(5) Desired survivor size 41943040 bytes, new threshold 15 (max threshold 15)
[2023-06-24T05:12:09.826+0000][64][info ][gc,phases   ] GC(5)   Pre Evacuate Collection Set: 0.1ms
[2023-06-24T05:12:09.827+0000][64][info ][gc,phases   ] GC(5)   Merge Heap Roots: 0.1ms
[2023-06-24T05:12:09.827+0000][64][info ][gc,phases   ] GC(5)   Evacuate Collection Set: 6.9ms
[2023-06-24T05:12:09.829+0000][64][info ][gc,phases   ] GC(5)   Post Evacuate Collection Set: 10.3ms
[2023-06-24T05:12:09.830+0000][64][info ][gc,phases   ] GC(5)   Other: 1.0ms
[2023-06-24T05:12:09.830+0000][64][trace][gc,age      ] GC(5) Age table with threshold 15 (max threshold 15)
[2023-06-24T05:12:09.831+0000][64][trace][gc,age      ] GC(5) - age   1:   13877344 bytes,   13877344 total
[2023-06-24T05:12:09.831+0000][64][trace][gc,age      ] GC(5) - age   2:    2185784 bytes,   16063128 total
[2023-06-24T05:12:09.832+0000][64][trace][gc,age      ] GC(5) - age   3:    1525496 bytes,   17588624 total
[2023-06-24T05:12:09.832+0000][64][trace][gc,age      ] GC(5) - age   4:    2784840 bytes,   20373464 total
[2023-06-24T05:12:09.832+0000][64][info ][gc,heap     ] GC(5) Eden regions: 151->0(147)
[2023-06-24T05:12:09.833+0000][64][info ][gc,heap     ] GC(5) Survivor regions: 2->6(20)
[2023-06-24T05:12:09.833+0000][64][info ][gc,heap     ] GC(5) Old regions: 2->2
[2023-06-24T05:12:09.833+0000][64][info ][gc,heap     ] GC(5) Archive regions: 2->2
[2023-06-24T05:12:09.834+0000][64][info ][gc,heap     ] GC(5) Humongous regions: 0->0
[2023-06-24T05:12:09.834+0000][64][info ][gc,metaspace] GC(5) Metaspace: 31494K(32256K)->31494K(32256K) NonClass: 27853K(28288K)->27853K(28288K) Class: 3640K(3968K)->3640K(3968K)
[2023-06-24T05:12:09.834+0000][64][info ][gc          ] GC(5) Pause Young (Normal) (G1 Evacuation Pause) 619M->29M(1024M) 27.189ms
[2023-06-24T05:12:09.835+0000][64][info ][gc,cpu      ] GC(5) User=0.03s Sys=0.00s Real=0.02s
[2023-06-24T05:12:09.835+0000][64][info ][safepoint   ] Safepoint "G1CollectForAllocation", Time since last: 75376542 ns, Reaching safepoint: 3791 ns, Cleanup: 63000 ns, At safepoint: 27840459 ns, Total: 27907250 ns
[2023-06-24T05:12:10.303+0000][64][info ][safepoint   ] Safepoint "ICBufferFull", Time since last: 468179500 ns, Reaching safepoint: 88167 ns, Cleanup: 129291 ns, At safepoint: 10209 ns, Total: 227667 ns
[2023-06-24T05:12:10.440+0000][64][info ][safepoint   ] Safepoint "ICBufferFull", Time since last: 136176916 ns, Reaching safepoint: 2959 ns, Cleanup: 96375 ns, At safepoint: 6250 ns, Total: 105584 ns
[2023-06-24T05:12:10.465+0000][64][info ][gc,start    ] GC(6) Pause Young (Concurrent Start) (Metadata GC Threshold)
[2023-06-24T05:12:10.466+0000][64][info ][gc,task     ] GC(6) Using 5 workers of 5 for evacuation
[2023-06-24T05:12:10.466+0000][64][debug][gc,age      ] GC(6) Desired survivor size 41943040 bytes, new threshold 15 (max threshold 15)
[2023-06-24T05:12:10.474+0000][64][info ][gc,phases   ] GC(6)   Pre Evacuate Collection Set: 0.2ms
[2023-06-24T05:12:10.475+0000][64][info ][gc,phases   ] GC(6)   Merge Heap Roots: 0.1ms
[2023-06-24T05:12:10.475+0000][64][info ][gc,phases   ] GC(6)   Evacuate Collection Set: 5.9ms
[2023-06-24T05:12:10.475+0000][64][info ][gc,phases   ] GC(6)   Post Evacuate Collection Set: 1.1ms
[2023-06-24T05:12:10.476+0000][64][info ][gc,phases   ] GC(6)   Other: 0.9ms
[2023-06-24T05:12:10.476+0000][64][trace][gc,age      ] GC(6) Age table with threshold 15 (max threshold 15)
[2023-06-24T05:12:10.477+0000][64][trace][gc,age      ] GC(6) - age   1:    8048640 bytes,    8048640 total
[2023-06-24T05:12:10.477+0000][64][trace][gc,age      ] GC(6) - age   2:   12276160 bytes,   20324800 total
[2023-06-24T05:12:10.477+0000][64][trace][gc,age      ] GC(6) - age   3:    2180848 bytes,   22505648 total
[2023-06-24T05:12:10.478+0000][64][trace][gc,age      ] GC(6) - age   4:    1380568 bytes,   23886216 total
[2023-06-24T05:12:10.478+0000][64][trace][gc,age      ] GC(6) - age   5:    2778056 bytes,   26664272 total
[2023-06-24T05:12:10.479+0000][64][info ][gc,heap     ] GC(6) Eden regions: 136->0(130)
[2023-06-24T05:12:10.479+0000][64][info ][gc,heap     ] GC(6) Survivor regions: 6->7(20)
[2023-06-24T05:12:10.479+0000][64][info ][gc,heap     ] GC(6) Old regions: 2->2
[2023-06-24T05:12:10.480+0000][64][info ][gc,heap     ] GC(6) Archive regions: 2->2
[2023-06-24T05:12:10.480+0000][64][info ][gc,heap     ] GC(6) Humongous regions: 0->0
[2023-06-24T05:12:10.480+0000][64][info ][gc,metaspace] GC(6) Metaspace: 35582K(36480K)->35582K(36480K) NonClass: 31407K(31936K)->31407K(31936K) Class: 4174K(4544K)->4174K(4544K)
[2023-06-24T05:12:10.481+0000][64][info ][gc          ] GC(6) Pause Young (Concurrent Start) (Metadata GC Threshold) 571M->36M(1024M) 15.534ms
[2023-06-24T05:12:10.481+0000][64][info ][gc          ] GC(7) Concurrent Mark Cycle
[2023-06-24T05:12:10.481+0000][64][info ][gc,marking  ] GC(7) Concurrent Scan Root Regions
[2023-06-24T05:12:10.481+0000][64][info ][gc,cpu      ] GC(6) User=0.02s Sys=0.00s Real=0.02s
[2023-06-24T05:12:10.482+0000][64][info ][safepoint   ] Safepoint "CollectForMetadataAllocation", Time since last: 25465791 ns, Reaching safepoint: 2834 ns, Cleanup: 35833 ns, At safepoint: 16900042 ns, Total: 16938709 ns
[2023-06-24T05:12:10.487+0000][64][info ][gc,marking  ] GC(7) Concurrent Scan Root Regions 6.069ms
[2023-06-24T05:12:10.488+0000][64][info ][gc,marking  ] GC(7) Concurrent Mark
[2023-06-24T05:12:10.488+0000][64][info ][gc,marking  ] GC(7) Concurrent Mark From Roots
[2023-06-24T05:12:10.489+0000][64][info ][gc,task     ] GC(7) Using 1 workers of 1 for marking
[2023-06-24T05:12:10.492+0000][64][info ][gc,marking  ] GC(7) Concurrent Mark From Roots 3.869ms
[2023-06-24T05:12:10.493+0000][64][info ][gc,marking  ] GC(7) Concurrent Preclean
[2023-06-24T05:12:10.493+0000][64][info ][safepoint   ] Safepoint "CollectForMetadataAllocation", Time since last: 11106291 ns, Reaching safepoint: 3417 ns, Cleanup: 59458 ns, At safepoint: 87000 ns, Total: 149875 ns
[2023-06-24T05:12:10.493+0000][64][info ][gc,marking  ] GC(7) Concurrent Preclean 0.544ms
[2023-06-24T05:12:10.494+0000][64][info ][gc,start    ] GC(7) Pause Remark
[2023-06-24T05:12:10.497+0000][64][info ][gc          ] GC(7) Pause Remark 39M->39M(1024M) 2.770ms
[2023-06-24T05:12:10.497+0000][64][info ][gc,cpu      ] GC(7) User=0.01s Sys=0.00s Real=0.01s
[2023-06-24T05:12:10.497+0000][64][info ][safepoint   ] Safepoint "G1PauseRemark", Time since last: 591000 ns, Reaching safepoint: 92209 ns, Cleanup: 20291 ns, At safepoint: 3515209 ns, Total: 3627709 ns
[2023-06-24T05:12:10.498+0000][64][info ][gc,marking  ] GC(7) Concurrent Mark 9.945ms
[2023-06-24T05:12:10.498+0000][64][info ][gc,marking  ] GC(7) Concurrent Rebuild Remembered Sets and Scrub Regions
[2023-06-24T05:12:10.500+0000][64][info ][gc,marking  ] GC(7) Concurrent Rebuild Remembered Sets and Scrub Regions 1.593ms
[2023-06-24T05:12:10.501+0000][64][info ][gc,start    ] GC(7) Pause Cleanup
[2023-06-24T05:12:10.501+0000][64][info ][gc          ] GC(7) Pause Cleanup 39M->39M(1024M) 0.408ms
[2023-06-24T05:12:10.501+0000][64][info ][gc,cpu      ] GC(7) User=0.00s Sys=0.00s Real=0.00s
[2023-06-24T05:12:10.502+0000][64][info ][safepoint   ] Safepoint "G1PauseCleanup", Time since last: 2927583 ns, Reaching safepoint: 86000 ns, Cleanup: 33750 ns, At safepoint: 1118250 ns, Total: 1238000 ns
[2023-06-24T05:12:10.502+0000][64][info ][gc,marking  ] GC(7) Concurrent Clear Claimed Marks
[2023-06-24T05:12:10.502+0000][64][info ][gc,marking  ] GC(7) Concurrent Clear Claimed Marks 0.311ms
[2023-06-24T05:12:10.502+0000][64][info ][gc,marking  ] GC(7) Concurrent Cleanup for Next Mark
[2023-06-24T05:12:10.504+0000][64][info ][gc,marking  ] GC(7) Concurrent Cleanup for Next Mark 1.150ms
[2023-06-24T05:12:10.504+0000][64][info ][gc          ] GC(7) Concurrent Mark Cycle 22.937ms
[2023-06-24T05:12:10.774+0000][64][info ][safepoint   ] Safepoint "ICBufferFull", Time since last: 272013125 ns, Reaching safepoint: 3042 ns, Cleanup: 107083 ns, At safepoint: 13084 ns, Total: 123209 ns
[2023-06-24T05:12:10.882+0000][64][info ][safepoint   ] Safepoint "ICBufferFull", Time since last: 108589916 ns, Reaching safepoint: 3292 ns, Cleanup: 122458 ns, At safepoint: 2500 ns, Total: 128250 ns
[2023-06-24T05:12:11.036+0000][64][info ][safepoint   ] Safepoint "ICBufferFull", Time since last: 153853000 ns, Reaching safepoint: 3084 ns, Cleanup: 110708 ns, At safepoint: 5833 ns, Total: 119625 ns
[2023-06-24T05:12:11.515+0000][64][info ][safepoint   ] Safepoint "ICBufferFull", Time since last: 478575667 ns, Reaching safepoint: 2959 ns, Cleanup: 104458 ns, At safepoint: 12625 ns, Total: 120042 ns
[2023-06-24T05:12:11.702+0000][64][info ][safepoint   ] Safepoint "ICBufferFull", Time since last: 186538167 ns, Reaching safepoint: 97166 ns, Cleanup: 97625 ns, At safepoint: 16209 ns, Total: 211000 ns
[2023-06-24T05:12:11.775+0000][64][info ][safepoint   ] Safepoint "ICBufferFull", Time since last: 72665958 ns, Reaching safepoint: 3458 ns, Cleanup: 103875 ns, At safepoint: 6417 ns, Total: 113750 ns
[2023-06-24T05:12:11.899+0000][64][info ][safepoint   ] Safepoint "ICBufferFull", Time since last: 124049958 ns, Reaching safepoint: 3084 ns, Cleanup: 106750 ns, At safepoint: 6416 ns, Total: 116250 ns
[2023-06-24T05:12:12.213+0000][64][info ][gc,start    ] GC(8) Pause Young (Concurrent Start) (Metadata GC Threshold)
[2023-06-24T05:12:12.214+0000][64][info ][gc,task     ] GC(8) Using 5 workers of 5 for evacuation
[2023-06-24T05:12:12.214+0000][64][debug][gc,age      ] GC(8) Desired survivor size 37748736 bytes, new threshold 15 (max threshold 15)
[2023-06-24T05:12:12.231+0000][64][info ][gc,phases   ] GC(8)   Pre Evacuate Collection Set: 0.1ms
[2023-06-24T05:12:12.232+0000][64][info ][gc,phases   ] GC(8)   Merge Heap Roots: 0.1ms
[2023-06-24T05:12:12.232+0000][64][info ][gc,phases   ] GC(8)   Evacuate Collection Set: 14.7ms
[2023-06-24T05:12:12.232+0000][64][info ][gc,phases   ] GC(8)   Post Evacuate Collection Set: 1.3ms
[2023-06-24T05:12:12.233+0000][64][info ][gc,phases   ] GC(8)   Other: 0.9ms
[2023-06-24T05:12:12.233+0000][64][trace][gc,age      ] GC(8) Age table with threshold 15 (max threshold 15)
[2023-06-24T05:12:12.233+0000][64][trace][gc,age      ] GC(8) - age   1:   25141008 bytes,   25141008 total
[2023-06-24T05:12:12.234+0000][64][trace][gc,age      ] GC(8) - age   2:    7783112 bytes,   32924120 total
[2023-06-24T05:12:12.234+0000][64][trace][gc,age      ] GC(8) - age   3:   12234272 bytes,   45158392 total
[2023-06-24T05:12:12.235+0000][64][trace][gc,age      ] GC(8) - age   4:    2174264 bytes,   47332656 total
[2023-06-24T05:12:12.235+0000][64][trace][gc,age      ] GC(8) - age   5:    1374424 bytes,   48707080 total
[2023-06-24T05:12:12.235+0000][64][trace][gc,age      ] GC(8) - age   6:    2730448 bytes,   51437528 total
[2023-06-24T05:12:12.236+0000][64][info ][gc,heap     ] GC(8) Eden regions: 114->0(130)
[2023-06-24T05:12:12.236+0000][64][info ][gc,heap     ] GC(8) Survivor regions: 7->13(18)
[2023-06-24T05:12:12.236+0000][64][info ][gc,heap     ] GC(8) Old regions: 2->2
[2023-06-24T05:12:12.237+0000][64][info ][gc,heap     ] GC(8) Archive regions: 2->2
[2023-06-24T05:12:12.237+0000][64][info ][gc,heap     ] GC(8) Humongous regions: 0->0
[2023-06-24T05:12:12.237+0000][64][info ][gc,metaspace] GC(8) Metaspace: 60062K(61440K)->60062K(61440K) NonClass: 52454K(53248K)->52454K(53248K) Class: 7607K(8192K)->7607K(8192K)
[2023-06-24T05:12:12.237+0000][64][info ][gc          ] GC(8) Pause Young (Concurrent Start) (Metadata GC Threshold) 492M->58M(1024M) 24.385ms
[2023-06-24T05:12:12.238+0000][64][info ][gc,cpu      ] GC(8) User=0.06s Sys=0.00s Real=0.03s
[2023-06-24T05:12:12.238+0000][64][info ][gc          ] GC(9) Concurrent Mark Cycle
[2023-06-24T05:12:12.239+0000][64][info ][gc,marking  ] GC(9) Concurrent Scan Root Regions
[2023-06-24T05:12:12.240+0000][64][info ][safepoint   ] Safepoint "CollectForMetadataAllocation", Time since last: 314100376 ns, Reaching safepoint: 4500 ns, Cleanup: 128833 ns, At safepoint: 25284958 ns, Total: 25418291 ns
[2023-06-24T05:12:12.258+0000][64][info ][gc,marking  ] GC(9) Concurrent Scan Root Regions 19.380ms
[2023-06-24T05:12:12.259+0000][64][info ][gc,marking  ] GC(9) Concurrent Mark
[2023-06-24T05:12:12.260+0000][64][info ][gc,marking  ] GC(9) Concurrent Mark From Roots
[2023-06-24T05:12:12.260+0000][64][info ][gc,task     ] GC(9) Using 1 workers of 1 for marking
[2023-06-24T05:12:12.261+0000][64][info ][safepoint   ] Safepoint "CollectForMetadataAllocation", Time since last: 22808125 ns, Reaching safepoint: 40542 ns, Cleanup: 85125 ns, At safepoint: 72875 ns, Total: 198542 ns
[2023-06-24T05:12:12.263+0000][64][info ][gc,marking  ] GC(9) Concurrent Mark From Roots 3.806ms
[2023-06-24T05:12:12.264+0000][64][info ][gc,marking  ] GC(9) Concurrent Preclean
[2023-06-24T05:12:12.264+0000][64][info ][gc,marking  ] GC(9) Concurrent Preclean 0.323ms
[2023-06-24T05:12:12.265+0000][64][info ][gc,start    ] GC(9) Pause Remark
[2023-06-24T05:12:12.269+0000][64][info ][gc          ] GC(9) Pause Remark 62M->62M(1024M) 4.131ms
[2023-06-24T05:12:12.269+0000][64][info ][gc,cpu      ] GC(9) User=0.01s Sys=0.00s Real=0.01s
[2023-06-24T05:12:12.269+0000][64][info ][safepoint   ] Safepoint "G1PauseRemark", Time since last: 3065208 ns, Reaching safepoint: 90542 ns, Cleanup: 48542 ns, At safepoint: 4899083 ns, Total: 5038167 ns
[2023-06-24T05:12:12.270+0000][64][info ][gc,marking  ] GC(9) Concurrent Mark 10.857ms
[2023-06-24T05:12:12.270+0000][64][info ][gc,marking  ] GC(9) Concurrent Rebuild Remembered Sets and Scrub Regions
[2023-06-24T05:12:12.272+0000][64][info ][gc,marking  ] GC(9) Concurrent Rebuild Remembered Sets and Scrub Regions 1.590ms
[2023-06-24T05:12:12.272+0000][64][info ][gc,start    ] GC(9) Pause Cleanup
[2023-06-24T05:12:12.273+0000][64][info ][gc          ] GC(9) Pause Cleanup 62M->62M(1024M) 0.417ms
[2023-06-24T05:12:12.273+0000][64][info ][gc,cpu      ] GC(9) User=0.00s Sys=0.00s Real=0.00s
[2023-06-24T05:12:12.273+0000][64][info ][safepoint   ] Safepoint "G1PauseCleanup", Time since last: 2486458 ns, Reaching safepoint: 96917 ns, Cleanup: 78208 ns, At safepoint: 1106667 ns, Total: 1281792 ns
[2023-06-24T05:12:12.274+0000][64][info ][gc,marking  ] GC(9) Concurrent Clear Claimed Marks
[2023-06-24T05:12:12.275+0000][64][info ][gc,marking  ] GC(9) Concurrent Clear Claimed Marks 0.570ms
[2023-06-24T05:12:12.275+0000][64][info ][gc,marking  ] GC(9) Concurrent Cleanup for Next Mark
[2023-06-24T05:12:12.276+0000][64][info ][gc,marking  ] GC(9) Concurrent Cleanup for Next Mark 1.055ms
[2023-06-24T05:12:12.277+0000][64][info ][gc          ] GC(9) Concurrent Mark Cycle 38.659ms
[2023-06-24T05:12:12.682+0000][64][info ][safepoint   ] Safepoint "ICBufferFull", Time since last: 408923125 ns, Reaching safepoint: 139958 ns, Cleanup: 113167 ns, At safepoint: 10000 ns, Total: 263125 ns
[2023-06-24T05:12:13.011+0000][64][info ][safepoint   ] Safepoint "ICBufferFull", Time since last: 328868292 ns, Reaching safepoint: 3167 ns, Cleanup: 134625 ns, At safepoint: 7250 ns, Total: 145042 ns
[2023-06-24T05:12:13.755+0000][64][info ][safepoint   ] Safepoint "ICBufferFull", Time since last: 743450208 ns, Reaching safepoint: 3584 ns, Cleanup: 131750 ns, At safepoint: 4875 ns, Total: 140209 ns
[2023-06-24T05:12:13.903+0000][64][info ][safepoint   ] Safepoint "ICBufferFull", Time since last: 148362208 ns, Reaching safepoint: 3833 ns, Cleanup: 92709 ns, At safepoint: 1583 ns, Total: 98125 ns
[2023-06-24T05:12:14.085+0000][64][info ][safepoint   ] Safepoint "ICBufferFull", Time since last: 181114208 ns, Reaching safepoint: 4292 ns, Cleanup: 105750 ns, At safepoint: 1667 ns, Total: 111709 ns
[2023-06-24T05:12:14.261+0000][64][info ][gc,start    ] GC(10) Pause Young (Concurrent Start) (Metadata GC Threshold)
[2023-06-24T05:12:14.262+0000][64][info ][gc,task     ] GC(10) Using 5 workers of 5 for evacuation
[2023-06-24T05:12:14.262+0000][64][debug][gc,age      ] GC(10) Desired survivor size 37748736 bytes, new threshold 3 (max threshold 15)
[2023-06-24T05:12:14.297+0000][64][info ][gc,phases   ] GC(10)   Pre Evacuate Collection Set: 0.1ms
[2023-06-24T05:12:14.297+0000][64][info ][gc,phases   ] GC(10)   Merge Heap Roots: 0.0ms
[2023-06-24T05:12:14.298+0000][64][info ][gc,phases   ] GC(10)   Evacuate Collection Set: 32.3ms
[2023-06-24T05:12:14.298+0000][64][info ][gc,phases   ] GC(10)   Post Evacuate Collection Set: 1.7ms
[2023-06-24T05:12:14.298+0000][64][info ][gc,phases   ] GC(10)   Other: 0.9ms
[2023-06-24T05:12:14.299+0000][64][trace][gc,age      ] GC(10) Age table with threshold 3 (max threshold 15)
[2023-06-24T05:12:14.299+0000][64][trace][gc,age      ] GC(10) - age   1:   17081784 bytes,   17081784 total
[2023-06-24T05:12:14.300+0000][64][trace][gc,age      ] GC(10) - age   2:   24593112 bytes,   41674896 total
[2023-06-24T05:12:14.300+0000][64][trace][gc,age      ] GC(10) - age   3:    7722168 bytes,   49397064 total
[2023-06-24T05:12:14.300+0000][64][info ][gc,heap     ] GC(10) Eden regions: 118->0(53)
[2023-06-24T05:12:14.300+0000][64][info ][gc,heap     ] GC(10) Survivor regions: 13->13(18)
[2023-06-24T05:12:14.301+0000][64][info ][gc,heap     ] GC(10) Old regions: 2->6
[2023-06-24T05:12:14.301+0000][64][info ][gc,heap     ] GC(10) Archive regions: 2->2
[2023-06-24T05:12:14.302+0000][64][info ][gc,heap     ] GC(10) Humongous regions: 0->0
[2023-06-24T05:12:14.302+0000][64][info ][gc,metaspace] GC(10) Metaspace: 100358K(103296K)->100358K(103296K) NonClass: 86745K(88320K)->86745K(88320K) Class: 13612K(14976K)->13612K(14976K)
[2023-06-24T05:12:14.302+0000][64][info ][gc          ] GC(10) Pause Young (Concurrent Start) (Metadata GC Threshold) 528M->76M(1024M) 41.133ms
[2023-06-24T05:12:14.302+0000][64][info ][gc,cpu      ] GC(10) User=0.09s Sys=0.00s Real=0.04s
[2023-06-24T05:12:14.302+0000][64][info ][gc          ] GC(11) Concurrent Mark Cycle
[2023-06-24T05:12:14.303+0000][64][info ][gc,marking  ] GC(11) Concurrent Scan Root Regions
[2023-06-24T05:12:14.309+0000][64][info ][safepoint   ] Safepoint "CollectForMetadataAllocation", Time since last: 176154042 ns, Reaching safepoint: 3416 ns, Cleanup: 77875 ns, At safepoint: 47627584 ns, Total: 47708875 ns
[2023-06-24T05:12:14.329+0000][64][info ][safepoint   ] Safepoint "CollectForMetadataAllocation", Time since last: 20229875 ns, Reaching safepoint: 2791 ns, Cleanup: 50709 ns, At safepoint: 94958 ns, Total: 148458 ns
[2023-06-24T05:12:14.332+0000][64][info ][gc,marking  ] GC(11) Concurrent Scan Root Regions 29.187ms
[2023-06-24T05:12:14.333+0000][64][info ][gc,marking  ] GC(11) Concurrent Mark
[2023-06-24T05:12:14.333+0000][64][info ][gc,marking  ] GC(11) Concurrent Mark From Roots
[2023-06-24T05:12:14.333+0000][64][info ][gc,task     ] GC(11) Using 1 workers of 1 for marking
[2023-06-24T05:12:14.338+0000][64][info ][gc,marking  ] GC(11) Concurrent Mark From Roots 4.509ms
[2023-06-24T05:12:14.338+0000][64][info ][gc,marking  ] GC(11) Concurrent Preclean
[2023-06-24T05:12:14.338+0000][64][info ][gc,marking  ] GC(11) Concurrent Preclean 0.428ms
[2023-06-24T05:12:14.339+0000][64][info ][gc,start    ] GC(11) Pause Remark
[2023-06-24T05:12:14.343+0000][64][info ][gc          ] GC(11) Pause Remark 82M->82M(1024M) 3.807ms
[2023-06-24T05:12:14.343+0000][64][info ][gc,cpu      ] GC(11) User=0.01s Sys=0.00s Real=0.00s
[2023-06-24T05:12:14.343+0000][64][info ][safepoint   ] Safepoint "G1PauseRemark", Time since last: 9727417 ns, Reaching safepoint: 202500 ns, Cleanup: 38791 ns, At safepoint: 4524500 ns, Total: 4765791 ns
[2023-06-24T05:12:14.344+0000][64][info ][gc,marking  ] GC(11) Concurrent Mark 11.014ms
[2023-06-24T05:12:14.344+0000][64][info ][gc,marking  ] GC(11) Concurrent Rebuild Remembered Sets and Scrub Regions
[2023-06-24T05:12:14.350+0000][64][info ][gc,marking  ] GC(11) Concurrent Rebuild Remembered Sets and Scrub Regions 5.525ms
[2023-06-24T05:12:14.350+0000][64][info ][gc,start    ] GC(11) Pause Cleanup
[2023-06-24T05:12:14.351+0000][64][info ][gc          ] GC(11) Pause Cleanup 82M->82M(1024M) 0.404ms
[2023-06-24T05:12:14.351+0000][64][info ][gc,cpu      ] GC(11) User=0.00s Sys=0.00s Real=0.00s
[2023-06-24T05:12:14.351+0000][64][info ][safepoint   ] Safepoint "G1PauseCleanup", Time since last: 6557834 ns, Reaching safepoint: 107583 ns, Cleanup: 50458 ns, At safepoint: 1306209 ns, Total: 1464250 ns
[2023-06-24T05:12:14.352+0000][64][info ][gc,marking  ] GC(11) Concurrent Clear Claimed Marks
[2023-06-24T05:12:14.352+0000][64][info ][gc,marking  ] GC(11) Concurrent Clear Claimed Marks 0.439ms
[2023-06-24T05:12:14.352+0000][64][info ][gc,marking  ] GC(11) Concurrent Cleanup for Next Mark
[2023-06-24T05:12:14.353+0000][64][info ][gc,marking  ] GC(11) Concurrent Cleanup for Next Mark 0.662ms
[2023-06-24T05:12:14.353+0000][64][info ][gc          ] GC(11) Concurrent Mark Cycle 50.909ms
[2023-06-24T05:12:14.557+0000][64][info ][safepoint   ] Safepoint "ICBufferFull", Time since last: 205149500 ns, Reaching safepoint: 3500 ns, Cleanup: 105291 ns, At safepoint: 5000 ns, Total: 113791 ns
[2023-06-24T05:12:14.649+0000][64][info ][safepoint   ] Safepoint "ICBufferFull", Time since last: 91883209 ns, Reaching safepoint: 2875 ns, Cleanup: 104708 ns, At safepoint: 2375 ns, Total: 109958 ns
[2023-06-24T05:12:14.933+0000][64][info ][safepoint   ] Safepoint "ICBufferFull", Time since last: 283992125 ns, Reaching safepoint: 170125 ns, Cleanup: 114542 ns, At safepoint: 6750 ns, Total: 291417 ns
[2023-06-24T05:12:15.026+0000][64][info ][safepoint   ] Safepoint "ICBufferFull", Time since last: 93346958 ns, Reaching safepoint: 4500 ns, Cleanup: 105542 ns, At safepoint: 2583 ns, Total: 112625 ns
[2023-06-24T05:12:15.334+0000][64][info ][safepoint   ] Safepoint "ICBufferFull", Time since last: 307682834 ns, Reaching safepoint: 5666 ns, Cleanup: 174000 ns, At safepoint: 1500 ns, Total: 181166 ns
[2023-06-24T05:12:16.335+0000][64][info ][safepoint   ] Safepoint "Cleanup", Time since last: 1000454084 ns, Reaching safepoint: 41209 ns, Cleanup: 76375 ns, At safepoint: 6500 ns, Total: 124084 ns
[2023-06-24T05:12:17.335+0000][64][info ][safepoint   ] Safepoint "Cleanup", Time since last: 1000740583 ns, Reaching safepoint: 10000 ns, Cleanup: 43708 ns, At safepoint: 2042 ns, Total: 55750 ns
[2023-06-24T05:12:18.339+0000][64][info ][safepoint   ] Safepoint "Cleanup", Time since last: 1003293250 ns, Reaching safepoint: 10709 ns, Cleanup: 57250 ns, At safepoint: 2791 ns, Total: 70750 ns
[2023-06-24T05:12:19.341+0000][64][info ][safepoint   ] Safepoint "Cleanup", Time since last: 1002363376 ns, Reaching safepoint: 67583 ns, Cleanup: 248959 ns, At safepoint: 11333 ns, Total: 327875 ns
[2023-06-24T05:12:20.497+0000][64][info ][safepoint   ] Safepoint "Cleanup", Time since last: 1155684751 ns, Reaching safepoint: 2750 ns, Cleanup: 69958 ns, At safepoint: 7042 ns, Total: 79750 ns
[2023-06-24T05:12:21.502+0000][64][info ][safepoint   ] Safepoint "Cleanup", Time since last: 1004158083 ns, Reaching safepoint: 145125 ns, Cleanup: 213625 ns, At safepoint: 9625 ns, Total: 368375 ns
[2023-06-24T05:12:26.544+0000][64][info ][safepoint   ] Safepoint "Cleanup", Time since last: 5041781128 ns, Reaching safepoint: 58041 ns, Cleanup: 164209 ns, At safepoint: 10958 ns, Total: 233208 ns
[2023-06-24T05:12:27.548+0000][64][info ][safepoint   ] Safepoint "Cleanup", Time since last: 1004322959 ns, Reaching safepoint: 33542 ns, Cleanup: 139291 ns, At safepoint: 6709 ns, Total: 179542 ns
[2023-06-24T05:12:28.551+0000][64][info ][safepoint   ] Safepoint "Cleanup", Time since last: 1002377583 ns, Reaching safepoint: 24917 ns, Cleanup: 91708 ns, At safepoint: 3959 ns, Total: 120584 ns
[2023-06-24T05:12:42.580+0000][64][info ][safepoint   ] Safepoint "Cleanup", Time since last: 14028384548 ns, Reaching safepoint: 134417 ns, Cleanup: 519583 ns, At safepoint: 10417 ns, Total: 664417 ns
[2023-06-24T05:12:43.589+0000][64][info ][safepoint   ] Safepoint "Cleanup", Time since last: 1007524209 ns, Reaching safepoint: 1238791 ns, Cleanup: 333209 ns, At safepoint: 6500 ns, Total: 1578500 ns
[2023-06-24T05:12:45.597+0000][64][info ][safepoint   ] Safepoint "Cleanup", Time since last: 2008179167 ns, Reaching safepoint: 56125 ns, Cleanup: 255542 ns, At safepoint: 9375 ns, Total: 321042 ns
[2023-06-24T05:12:46.603+0000][64][info ][safepoint   ] Safepoint "Cleanup", Time since last: 1004958459 ns, Reaching safepoint: 70250 ns, Cleanup: 189208 ns, At safepoint: 15417 ns, Total: 274875 ns
[2023-06-24T05:12:47.614+0000][64][info ][safepoint   ] Safepoint "Cleanup", Time since last: 1011350333 ns, Reaching safepoint: 34291 ns, Cleanup: 190042 ns, At safepoint: 7750 ns, Total: 232083 ns
[2023-06-24T05:12:50.624+0000][64][info ][safepoint   ] Safepoint "Cleanup", Time since last: 3009567918 ns, Reaching safepoint: 61375 ns, Cleanup: 179750 ns, At safepoint: 6459 ns, Total: 247584 ns
[2023-06-24T05:12:53.631+0000][64][info ][safepoint   ] Safepoint "Cleanup", Time since last: 3006463876 ns, Reaching safepoint: 47792 ns, Cleanup: 549833 ns, At safepoint: 42708 ns, Total: 640333 ns
[2023-06-24T05:12:54.639+0000][64][info ][safepoint   ] Safepoint "Cleanup", Time since last: 1007897126 ns, Reaching safepoint: 8791 ns, Cleanup: 39500 ns, At safepoint: 2375 ns, Total: 50666 ns
[2023-06-24T05:13:03.667+0000][64][info ][safepoint   ] Safepoint "Cleanup", Time since last: 9026833213 ns, Reaching safepoint: 368708 ns, Cleanup: 322500 ns, At safepoint: 12000 ns, Total: 703208 ns
[2023-06-24T05:13:12.698+0000][64][info ][safepoint   ] Safepoint "Cleanup", Time since last: 9030014296 ns, Reaching safepoint: 898125 ns, Cleanup: 529375 ns, At safepoint: 31084 ns, Total: 1458584 ns
[2023-06-24T05:13:14.708+0000][64][info ][safepoint   ] Safepoint "Cleanup", Time since last: 2008971542 ns, Reaching safepoint: 59959 ns, Cleanup: 207583 ns, At safepoint: 9958 ns, Total: 277500 ns
[2023-06-24T05:13:15.723+0000][64][info ][safepoint   ] Safepoint "Cleanup", Time since last: 1014695584 ns, Reaching safepoint: 62250 ns, Cleanup: 221834 ns, At safepoint: 9791 ns, Total: 293875 ns
[2023-06-24T05:13:17.736+0000][64][info ][safepoint   ] Safepoint "Cleanup", Time since last: 2013588459 ns, Reaching safepoint: 109875 ns, Cleanup: 282875 ns, At safepoint: 11667 ns, Total: 404417 ns
[2023-06-24T05:13:22.751+0000][64][info ][safepoint   ] Safepoint "Cleanup", Time since last: 5014322752 ns, Reaching safepoint: 31667 ns, Cleanup: 122250 ns, At safepoint: 7250 ns, Total: 161167 ns
[2023-06-24T05:13:44.813+0000][64][info ][safepoint   ] Safepoint "Cleanup", Time since last: 22060715385 ns, Reaching safepoint: 97292 ns, Cleanup: 1000167 ns, At safepoint: 10416 ns, Total: 1107875 ns
[2023-06-24T05:13:45.819+0000][64][info ][safepoint   ] Safepoint "Cleanup", Time since last: 1005813001 ns, Reaching safepoint: 47542 ns, Cleanup: 240708 ns, At safepoint: 8833 ns, Total: 297083 ns
[2023-06-24T05:13:53.840+0000][64][info ][safepoint   ] Safepoint "Cleanup", Time since last: 8021508920 ns, Reaching safepoint: 120292 ns, Cleanup: 171458 ns, At safepoint: 9500 ns, Total: 301250 ns
[2023-06-24T05:13:55.852+0000][64][info ][safepoint   ] Safepoint "Cleanup", Time since last: 2011990710 ns, Reaching safepoint: 49416 ns, Cleanup: 118334 ns, At safepoint: 11333 ns, Total: 179083 ns
[2023-06-24T05:13:56.870+0000][64][info ][safepoint   ] Safepoint "Cleanup", Time since last: 1017279292 ns, Reaching safepoint: 60334 ns, Cleanup: 326500 ns, At safepoint: 13458 ns, Total: 400292 ns
[2023-06-24T05:14:03.885+0000][64][info ][safepoint   ] Safepoint "Cleanup", Time since last: 7014232962 ns, Reaching safepoint: 60416 ns, Cleanup: 233584 ns, At safepoint: 8041 ns, Total: 302041 ns
[2023-06-24T05:14:18.938+0000][64][info ][safepoint   ] Safepoint "Cleanup", Time since last: 15053706757 ns, Reaching safepoint: 47500 ns, Cleanup: 175500 ns, At safepoint: 8958 ns, Total: 231958 ns
[2023-06-24T05:14:20.943+0000][64][info ][safepoint   ] Safepoint "Cleanup", Time since last: 2004046501 ns, Reaching safepoint: 249583 ns, Cleanup: 230459 ns, At safepoint: 12958 ns, Total: 493000 ns
[2023-06-24T05:14:21.949+0000][64][info ][safepoint   ] Safepoint "Cleanup", Time since last: 1005687792 ns, Reaching safepoint: 71709 ns, Cleanup: 293750 ns, At safepoint: 13333 ns, Total: 378792 ns
[2023-06-24T05:14:41.002+0000][64][info ][safepoint   ] Safepoint "Cleanup", Time since last: 19053235759 ns, Reaching safepoint: 64792 ns, Cleanup: 224250 ns, At safepoint: 11166 ns, Total: 300208 ns
[2023-06-24T05:14:43.013+0000][64][info ][safepoint   ] Safepoint "Cleanup", Time since last: 2010346918 ns, Reaching safepoint: 47250 ns, Cleanup: 127542 ns, At safepoint: 7000 ns, Total: 181792 ns
[2023-06-24T05:14:46.015+0000][64][info ][safepoint   ] Safepoint "Cleanup", Time since last: 3002389709 ns, Reaching safepoint: 102417 ns, Cleanup: 245625 ns, At safepoint: 18333 ns, Total: 366375 ns
[2023-06-24T05:14:57.027+0000][64][info ][safepoint   ] Safepoint "Cleanup", Time since last: 11011621130 ns, Reaching safepoint: 479333 ns, Cleanup: 212125 ns, At safepoint: 10083 ns, Total: 701541 ns
[2023-06-24T05:15:04.045+0000][64][info ][safepoint   ] Safepoint "Cleanup", Time since last: 7017920545 ns, Reaching safepoint: 63167 ns, Cleanup: 149792 ns, At safepoint: 8000 ns, Total: 220959 ns
[2023-06-24T05:15:05.048+0000][64][info ][safepoint   ] Safepoint "Cleanup", Time since last: 1002517125 ns, Reaching safepoint: 60125 ns, Cleanup: 232375 ns, At safepoint: 13833 ns, Total: 306333 ns
[2023-06-24T05:15:15.083+0000][64][info ][safepoint   ] Safepoint "Cleanup", Time since last: 10035221214 ns, Reaching safepoint: 41708 ns, Cleanup: 178292 ns, At safepoint: 8666 ns, Total: 228666 ns
[2023-06-24T05:15:19.103+0000][64][info ][safepoint   ] Safepoint "Cleanup", Time since last: 4019391710 ns, Reaching safepoint: 69208 ns, Cleanup: 250625 ns, At safepoint: 10584 ns, Total: 330417 ns
[2023-06-24T05:15:24.129+0000][64][info ][safepoint   ] Safepoint "Cleanup", Time since last: 5025528794 ns, Reaching safepoint: 250375 ns, Cleanup: 196291 ns, At safepoint: 11709 ns, Total: 458375 ns
[2023-06-24T05:15:29.150+0000][64][info ][safepoint   ] Safepoint "Cleanup", Time since last: 5019907544 ns, Reaching safepoint: 65875 ns, Cleanup: 144458 ns, At safepoint: 8500 ns, Total: 218833 ns
[2023-06-24T05:15:45.190+0000][64][info ][safepoint   ] Safepoint "Cleanup", Time since last: 16039638299 ns, Reaching safepoint: 60792 ns, Cleanup: 202292 ns, At safepoint: 676708 ns, Total: 939792 ns
[2023-06-24T05:16:07.240+0000][64][info ][safepoint   ] Safepoint "Cleanup", Time since last: 22050079510 ns, Reaching safepoint: 216666 ns, Cleanup: 180959 ns, At safepoint: 8333 ns, Total: 405958 ns
[2023-06-24T05:16:10.259+0000][64][info ][safepoint   ] Safepoint "Cleanup", Time since last: 3018436127 ns, Reaching safepoint: 39416 ns, Cleanup: 121250 ns, At safepoint: 8459 ns, Total: 169125 ns
[2023-06-24T05:16:13.274+0000][64][info ][safepoint   ] Safepoint "Cleanup", Time since last: 3015054626 ns, Reaching safepoint: 24042 ns, Cleanup: 232583 ns, At safepoint: 6083 ns, Total: 262708 ns
[2023-06-24T05:16:15.278+0000][64][info ][safepoint   ] Safepoint "Cleanup", Time since last: 2003807585 ns, Reaching safepoint: 51500 ns, Cleanup: 174041 ns, At safepoint: 8792 ns, Total: 234333 ns
[2023-06-24T05:16:16.285+0000][64][info ][safepoint   ] Safepoint "Cleanup", Time since last: 1006622750 ns, Reaching safepoint: 52792 ns, Cleanup: 136375 ns, At safepoint: 8167 ns, Total: 197334 ns
[2023-06-24T05:16:24.325+0000][64][info ][safepoint   ] Safepoint "Cleanup", Time since last: 8039183420 ns, Reaching safepoint: 136083 ns, Cleanup: 251750 ns, At safepoint: 5958 ns, Total: 393791 ns
[2023-06-24T05:16:25.328+0000][64][info ][safepoint   ] Safepoint "Cleanup", Time since last: 1002587167 ns, Reaching safepoint: 43459 ns, Cleanup: 135000 ns, At safepoint: 5083 ns, Total: 183542 ns
[2023-06-24T05:16:29.342+0000][64][info ][safepoint   ] Safepoint "Cleanup", Time since last: 4013808044 ns, Reaching safepoint: 48291 ns, Cleanup: 152459 ns, At safepoint: 7125 ns, Total: 207875 ns
[2023-06-24T05:16:38.370+0000][64][info ][safepoint   ] Safepoint "Cleanup", Time since last: 9028659379 ns, Reaching safepoint: 18542 ns, Cleanup: 74333 ns, At safepoint: 4125 ns, Total: 97000 ns
[2023-06-24T05:17:15.450+0000][64][info ][safepoint   ] Safepoint "Cleanup", Time since last: 37080020517 ns, Reaching safepoint: 26709 ns, Cleanup: 129541 ns, At safepoint: 4959 ns, Total: 161209 ns
[2023-06-24T05:17:18.469+0000][64][info ][safepoint   ] Safepoint "Cleanup", Time since last: 3018712084 ns, Reaching safepoint: 1044625 ns, Cleanup: 129833 ns, At safepoint: 15000 ns, Total: 1189458 ns
[2023-06-24T05:17:19.482+0000][64][info ][safepoint   ] Safepoint "Cleanup", Time since last: 1011842750 ns, Reaching safepoint: 119209 ns, Cleanup: 224666 ns, At safepoint: 47375 ns, Total: 391250 ns
[2023-06-24T05:17:45.545+0000][64][info ][safepoint   ] Safepoint "Cleanup", Time since last: 26063192304 ns, Reaching safepoint: 66292 ns, Cleanup: 187417 ns, At safepoint: 10333 ns, Total: 264042 ns
[2023-06-24T05:18:15.620+0000][64][info ][safepoint   ] Safepoint "Cleanup", Time since last: 30073997097 ns, Reaching safepoint: 72083 ns, Cleanup: 223792 ns, At safepoint: 13125 ns, Total: 309000 ns
[2023-06-24T05:18:18.629+0000][64][info ][safepoint   ] Safepoint "Cleanup", Time since last: 3009480334 ns, Reaching safepoint: 73834 ns, Cleanup: 216250 ns, At safepoint: 10208 ns, Total: 300292 ns
[2023-06-24T05:18:32.693+0000][64][info ][safepoint   ] Safepoint "Cleanup", Time since last: 14063612965 ns, Reaching safepoint: 93667 ns, Cleanup: 174958 ns, At safepoint: 12500 ns, Total: 281125 ns
[2023-06-24T05:18:42.717+0000][64][info ][safepoint   ] Safepoint "Cleanup", Time since last: 10024035505 ns, Reaching safepoint: 64916 ns, Cleanup: 113834 ns, At safepoint: 10875 ns, Total: 189625 ns
[2023-06-24T05:18:53.741+0000][64][info ][safepoint   ] Safepoint "Cleanup", Time since last: 11022448421 ns, Reaching safepoint: 46125 ns, Cleanup: 101375 ns, At safepoint: 5709 ns, Total: 153209 ns
[2023-06-24T05:18:54.746+0000][64][info ][safepoint   ] Safepoint "Cleanup", Time since last: 1004381500 ns, Reaching safepoint: 68625 ns, Cleanup: 161500 ns, At safepoint: 10167 ns, Total: 240292 ns
[2023-06-24T05:19:15.772+0000][64][info ][safepoint   ] Safepoint "Cleanup", Time since last: 21026271093 ns, Reaching safepoint: 58834 ns, Cleanup: 222750 ns, At safepoint: 13666 ns, Total: 295250 ns
[2023-06-24T05:19:23.794+0000][64][info ][safepoint   ] Safepoint "Cleanup", Time since last: 8022691254 ns, Reaching safepoint: 126083 ns, Cleanup: 673125 ns, At safepoint: 15292 ns, Total: 814500 ns
[2023-06-24T05:20:15.871+0000][64][info ][safepoint   ] Safepoint "Cleanup", Time since last: 52077581107 ns, Reaching safepoint: 90250 ns, Cleanup: 281083 ns, At safepoint: 10375 ns, Total: 381708 ns
[2023-06-24T05:20:50.920+0000][64][info ][safepoint   ] Safepoint "Cleanup", Time since last: 35048783307 ns, Reaching safepoint: 67833 ns, Cleanup: 233167 ns, At safepoint: 11500 ns, Total: 312500 ns
[2023-06-24T05:22:30.028+0000][64][info ][safepoint   ] Safepoint "Cleanup", Time since last: 99108770253 ns, Reaching safepoint: 100708 ns, Cleanup: 274042 ns, At safepoint: 30000 ns, Total: 404750 ns
[2023-06-24T05:22:59.068+0000][64][info ][safepoint   ] Safepoint "Cleanup", Time since last: 29039557347 ns, Reaching safepoint: 121500 ns, Cleanup: 270375 ns, At safepoint: 12416 ns, Total: 404291 ns
[2023-06-24T05:25:16.289+0000][64][info ][safepoint   ] Safepoint "Cleanup", Time since last: 137221896980 ns, Reaching safepoint: 64333 ns, Cleanup: 188125 ns, At safepoint: 15375 ns, Total: 267833 ns
[2023-06-24T05:25:29.309+0000][64][info ][safepoint   ] Safepoint "Cleanup", Time since last: 13020034381 ns, Reaching safepoint: 75750 ns, Cleanup: 273208 ns, At safepoint: 13833 ns, Total: 362791 ns
[2023-06-24T05:25:46.332+0000][64][info ][safepoint   ] Safepoint "Cleanup", Time since last: 17021049342 ns, Reaching safepoint: 420000 ns, Cleanup: 1473541 ns, At safepoint: 17000 ns, Total: 1910541 ns
[2023-06-24T05:26:04.373+0000][64][info ][safepoint   ] Safepoint "Cleanup", Time since last: 18039767134 ns, Reaching safepoint: 50791 ns, Cleanup: 509417 ns, At safepoint: 10167 ns, Total: 570375 ns
[2023-06-24T05:26:45.490+0000][64][info ][safepoint   ] Safepoint "Cleanup", Time since last: 41116502894 ns, Reaching safepoint: 58125 ns, Cleanup: 180291 ns, At safepoint: 8500 ns, Total: 246916 ns
[2023-06-24T05:26:55.533+0000][64][info ][safepoint   ] Safepoint "Cleanup", Time since last: 10043818630 ns, Reaching safepoint: 487500 ns, Cleanup: 191667 ns, At safepoint: 9375 ns, Total: 688542 ns
[2023-06-24T05:27:15.576+0000][64][info ][safepoint   ] Safepoint "Cleanup", Time since last: 20042469759 ns, Reaching safepoint: 31875 ns, Cleanup: 122917 ns, At safepoint: 5541 ns, Total: 160333 ns
[2023-06-24T05:27:23.585+0000][64][info ][safepoint   ] Safepoint "Cleanup", Time since last: 8016554754 ns, Reaching safepoint: 55583 ns, Cleanup: 173250 ns, At safepoint: 12917 ns, Total: 241750 ns
[2023-06-24T05:27:24.595+0000][64][info ][safepoint   ] Safepoint "Cleanup", Time since last: 1009649709 ns, Reaching safepoint: 55416 ns, Cleanup: 255375 ns, At safepoint: 10459 ns, Total: 321250 ns
[2023-06-24T05:27:25.601+0000][64][info ][safepoint   ] Safepoint "Cleanup", Time since last: 1004778792 ns, Reaching safepoint: 66750 ns, Cleanup: 631833 ns, At safepoint: 9709 ns, Total: 708292 ns
[2023-06-24T05:27:45.660+0000][64][info ][safepoint   ] Safepoint "Cleanup", Time since last: 20057240759 ns, Reaching safepoint: 84833 ns, Cleanup: 2190375 ns, At safepoint: 12667 ns, Total: 2287875 ns
[2023-06-24T05:28:12.730+0000][64][info ][safepoint   ] Safepoint "Cleanup", Time since last: 27072192346 ns, Reaching safepoint: 305666 ns, Cleanup: 206167 ns, At safepoint: 11833 ns, Total: 523666 ns
[2023-06-24T05:28:38.816+0000][64][info ][safepoint   ] Safepoint "Cleanup", Time since last: 26085720346 ns, Reaching safepoint: 63708 ns, Cleanup: 323708 ns, At safepoint: 24167 ns, Total: 411583 ns
[2023-06-24T05:30:16.033+0000][64][info ][safepoint   ] Safepoint "Cleanup", Time since last: 97217142628 ns, Reaching safepoint: 362250 ns, Cleanup: 194000 ns, At safepoint: 27125 ns, Total: 583375 ns
[2023-06-24T05:31:16.181+0000][64][info ][safepoint   ] Safepoint "Cleanup", Time since last: 60149007111 ns, Reaching safepoint: 64083 ns, Cleanup: 387292 ns, At safepoint: 12625 ns, Total: 464000 ns
[2023-06-24T05:32:15.334+0000][64][info ][safepoint   ] Safepoint "Cleanup", Time since last: 59153740235 ns, Reaching safepoint: 52167 ns, Cleanup: 199333 ns, At safepoint: 11375 ns, Total: 262875 ns
[2023-06-24T05:33:24.546+0000][64][info ][safepoint   ] Safepoint "Cleanup", Time since last: 69212173948 ns, Reaching safepoint: 284792 ns, Cleanup: 237500 ns, At safepoint: 11458 ns, Total: 533750 ns
[2023-06-24T05:33:39.613+0000][64][info ][safepoint   ] Safepoint "Cleanup", Time since last: 15065621841 ns, Reaching safepoint: 65208 ns, Cleanup: 322958 ns, At safepoint: 17375 ns, Total: 405541 ns
[2023-06-24T05:34:15.689+0000][64][info ][safepoint   ] Safepoint "Cleanup", Time since last: 36076629892 ns, Reaching safepoint: 52833 ns, Cleanup: 276583 ns, At safepoint: 12209 ns, Total: 341625 ns
[2023-06-24T05:34:19.702+0000][64][info ][safepoint   ] Safepoint "Cleanup", Time since last: 4012633751 ns, Reaching safepoint: 195959 ns, Cleanup: 229583 ns, At safepoint: 21333 ns, Total: 446875 ns
[2023-06-24T05:34:45.783+0000][64][info ][safepoint   ] Safepoint "Cleanup", Time since last: 26081372888 ns, Reaching safepoint: 62250 ns, Cleanup: 234791 ns, At safepoint: 14625 ns, Total: 311666 ns
[2023-06-24T05:34:58.818+0000][64][info ][safepoint   ] Safepoint "Cleanup", Time since last: 13036140839 ns, Reaching safepoint: 237667 ns, Cleanup: 309292 ns, At safepoint: 9916 ns, Total: 556875 ns
[2023-06-24T05:35:15.857+0000][64][info ][safepoint   ] Safepoint "Cleanup", Time since last: 17039340175 ns, Reaching safepoint: 53875 ns, Cleanup: 188334 ns, At safepoint: 10083 ns, Total: 252292 ns
[2023-06-24T05:35:16.863+0000][64][info ][safepoint   ] Safepoint "Cleanup", Time since last: 1005873125 ns, Reaching safepoint: 53084 ns, Cleanup: 216291 ns, At safepoint: 9917 ns, Total: 279292 ns
[2023-06-24T05:35:45.955+0000][64][info ][safepoint   ] Safepoint "Cleanup", Time since last: 29089957096 ns, Reaching safepoint: 68167 ns, Cleanup: 249292 ns, At safepoint: 11458 ns, Total: 328917 ns
[2023-06-24T05:35:54.977+0000][64][info ][safepoint   ] Safepoint "Cleanup", Time since last: 9021834712 ns, Reaching safepoint: 345625 ns, Cleanup: 214000 ns, At safepoint: 88167 ns, Total: 647792 ns
[2023-06-24T05:36:16.022+0000][64][info ][safepoint   ] Safepoint "Cleanup", Time since last: 21045079760 ns, Reaching safepoint: 23208 ns, Cleanup: 131833 ns, At safepoint: 4667 ns, Total: 159708 ns
[2023-06-24T05:36:46.063+0000][64][info ][safepoint   ] Safepoint "Cleanup", Time since last: 30040369139 ns, Reaching safepoint: 73417 ns, Cleanup: 339458 ns, At safepoint: 16042 ns, Total: 428917 ns
[2023-06-24T05:38:16.270+0000][64][info ][safepoint   ] Safepoint "Cleanup", Time since last: 90208656999 ns, Reaching safepoint: 61166 ns, Cleanup: 169000 ns, At safepoint: 51209 ns, Total: 281375 ns
[2023-06-24T05:40:45.892+0000][64][info ][safepoint   ] Safepoint "Cleanup", Time since last: 149623500317 ns, Reaching safepoint: 149334 ns, Cleanup: 208333 ns, At safepoint: 13292 ns, Total: 370959 ns
[2023-06-24T05:41:46.032+0000][64][info ][safepoint   ] Safepoint "Cleanup", Time since last: 60139985568 ns, Reaching safepoint: 83959 ns, Cleanup: 134500 ns, At safepoint: 6916 ns, Total: 225375 ns
[2023-06-24T05:42:10.099+0000][64][info ][safepoint   ] Safepoint "Cleanup", Time since last: 24066407178 ns, Reaching safepoint: 220875 ns, Cleanup: 112875 ns, At safepoint: 9458 ns, Total: 343208 ns
[2023-06-24T05:42:16.123+0000][64][info ][safepoint   ] Safepoint "Cleanup", Time since last: 6023657545 ns, Reaching safepoint: 56958 ns, Cleanup: 167375 ns, At safepoint: 13500 ns, Total: 237833 ns
[2023-06-24T05:42:54.286+0000][64][info ][safepoint   ] Safepoint "Cleanup", Time since last: 38163436933 ns, Reaching safepoint: 218750 ns, Cleanup: 316917 ns, At safepoint: 10375 ns, Total: 546042 ns
[2023-06-24T05:43:16.390+0000][64][info ][safepoint   ] Safepoint "Cleanup", Time since last: 22104192302 ns, Reaching safepoint: 63166 ns, Cleanup: 115209 ns, At safepoint: 11291 ns, Total: 189666 ns
[2023-06-24T05:44:14.655+0000][64][info ][safepoint   ] Safepoint "Cleanup", Time since last: 58264062360 ns, Reaching safepoint: 673708 ns, Cleanup: 483084 ns, At safepoint: 9791 ns, Total: 1166583 ns
[2023-06-24T05:45:15.928+0000][64][info ][safepoint   ] Safepoint "Cleanup", Time since last: 61270403486 ns, Reaching safepoint: 723500 ns, Cleanup: 219542 ns, At safepoint: 64416 ns, Total: 1007458 ns
[2023-06-24T05:45:46.021+0000][64][info ][safepoint   ] Safepoint "Cleanup", Time since last: 30094631931 ns, Reaching safepoint: 240500 ns, Cleanup: 190500 ns, At safepoint: 61875 ns, Total: 492875 ns
[2023-06-24T05:46:16.120+0000][64][info ][safepoint   ] Safepoint "Cleanup", Time since last: 30099064347 ns, Reaching safepoint: 141250 ns, Cleanup: 210250 ns, At safepoint: 13875 ns, Total: 365375 ns
[2023-06-24T05:48:37.902+0000][64][info ][safepoint   ] Safepoint "Cleanup", Time since last: 141783346773 ns, Reaching safepoint: 204834 ns, Cleanup: 181958 ns, At safepoint: 18750 ns, Total: 405542 ns
[2023-06-24T05:48:45.962+0000][64][info ][safepoint   ] Safepoint "Cleanup", Time since last: 8060417337 ns, Reaching safepoint: 42042 ns, Cleanup: 197083 ns, At safepoint: 7625 ns, Total: 246750 ns
[2023-06-24T05:48:46.978+0000][64][info ][safepoint   ] Safepoint "Cleanup", Time since last: 1014509292 ns, Reaching safepoint: 41959 ns, Cleanup: 1190791 ns, At safepoint: 13584 ns, Total: 1246334 ns
[2023-06-24T05:49:46.212+0000][64][info ][safepoint   ] Safepoint "Cleanup", Time since last: 59233607818 ns, Reaching safepoint: 212541 ns, Cleanup: 94250 ns, At safepoint: 5459 ns, Total: 312250 ns
[2023-06-24T05:50:05.327+0000][64][info ][safepoint   ] Safepoint "Cleanup", Time since last: 19110805550 ns, Reaching safepoint: 70333 ns, Cleanup: 4485000 ns, At safepoint: 18084 ns, Total: 4573417 ns
[2023-06-24T05:50:16.398+0000][64][info ][safepoint   ] Safepoint "Cleanup", Time since last: 11066792172 ns, Reaching safepoint: 4566500 ns, Cleanup: 217375 ns, At safepoint: 10833 ns, Total: 4794708 ns
[2023-06-24T05:52:46.094+0000][64][info ][safepoint   ] Safepoint "Cleanup", Time since last: 149701187443 ns, Reaching safepoint: 390959 ns, Cleanup: 361375 ns, At safepoint: 16375 ns, Total: 768709 ns
[2023-06-24T05:52:47.113+0000][64][info ][safepoint   ] Safepoint "Cleanup", Time since last: 1018599709 ns, Reaching safepoint: 14333 ns, Cleanup: 78625 ns, At safepoint: 4833 ns, Total: 97791 ns
[2023-06-24T05:53:16.247+0000][64][info ][safepoint   ] Safepoint "Cleanup", Time since last: 29129067930 ns, Reaching safepoint: 67917 ns, Cleanup: 167708 ns, At safepoint: 14125 ns, Total: 249750 ns
[2023-06-24T05:54:16.611+0000][64][info ][safepoint   ] Safepoint "Cleanup", Time since last: 60364890944 ns, Reaching safepoint: 54459 ns, Cleanup: 529041 ns, At safepoint: 11500 ns, Total: 595000 ns
[2023-06-24T05:54:45.811+0000][64][info ][safepoint   ] Safepoint "Cleanup", Time since last: 29198934805 ns, Reaching safepoint: 99958 ns, Cleanup: 377709 ns, At safepoint: 19041 ns, Total: 496708 ns
[2023-06-24T05:55:00.897+0000][64][info ][safepoint   ] Safepoint "Cleanup", Time since last: 15087269090 ns, Reaching safepoint: 244125 ns, Cleanup: 238667 ns, At safepoint: 12750 ns, Total: 495542 ns
[2023-06-24T05:55:05.919+0000][64][info ][safepoint   ] Safepoint "Cleanup", Time since last: 5021068586 ns, Reaching safepoint: 71666 ns, Cleanup: 307792 ns, At safepoint: 12542 ns, Total: 392000 ns
[2023-06-24T05:55:15.974+0000][64][info ][safepoint   ] Safepoint "Cleanup", Time since last: 10054693879 ns, Reaching safepoint: 48709 ns, Cleanup: 312666 ns, At safepoint: 8709 ns, Total: 370084 ns
[2023-06-24T05:55:46.095+0000][64][info ][safepoint   ] Safepoint "Cleanup", Time since last: 30120527513 ns, Reaching safepoint: 68042 ns, Cleanup: 399833 ns, At safepoint: 14542 ns, Total: 482417 ns
[2023-06-24T05:56:46.466+0000][64][info ][safepoint   ] Safepoint "Cleanup", Time since last: 60371308194 ns, Reaching safepoint: 85542 ns, Cleanup: 155666 ns, At safepoint: 11500 ns, Total: 252708 ns
[2023-06-24T05:57:08.618+0000][64][info ][safepoint   ] Safepoint "Cleanup", Time since last: 22152428635 ns, Reaching safepoint: 294834 ns, Cleanup: 146625 ns, At safepoint: 12625 ns, Total: 454084 ns
[2023-06-24T05:57:11.628+0000][64][info ][safepoint   ] Safepoint "Cleanup", Time since last: 3010089876 ns, Reaching safepoint: 70792 ns, Cleanup: 212500 ns, At safepoint: 13625 ns, Total: 296917 ns
[2023-06-24T05:57:16.662+0000][64][info ][safepoint   ] Safepoint "Cleanup", Time since last: 5033130835 ns, Reaching safepoint: 30709 ns, Cleanup: 200958 ns, At safepoint: 9500 ns, Total: 241167 ns
[2023-06-24T05:58:15.015+0000][64][info ][safepoint   ] Safepoint "Cleanup", Time since last: 58352147693 ns, Reaching safepoint: 76208 ns, Cleanup: 391625 ns, At safepoint: 267750 ns, Total: 735583 ns
[2023-06-24T05:59:46.246+0000][64][info ][safepoint   ] Safepoint "Cleanup", Time since last: 91232610375 ns, Reaching safepoint: 86417 ns, Cleanup: 232958 ns, At safepoint: 181000 ns, Total: 500375 ns
[2023-06-24T06:00:17.342+0000][64][info ][safepoint   ] Safepoint "Cleanup", Time since last: 31095756098 ns, Reaching safepoint: 46042 ns, Cleanup: 160625 ns, At safepoint: 76541 ns, Total: 283208 ns
[2023-06-24T06:00:46.438+0000][64][info ][safepoint   ] Safepoint "Cleanup", Time since last: 29096607305 ns, Reaching safepoint: 15834 ns, Cleanup: 107791 ns, At safepoint: 5209 ns, Total: 128834 ns
[2023-06-24T06:02:15.824+0000][64][info ][safepoint   ] Safepoint "Cleanup", Time since last: 89387315498 ns, Reaching safepoint: 69458 ns, Cleanup: 1101417 ns, At safepoint: 14916 ns, Total: 1185791 ns
[2023-06-24T06:02:38.952+0000][64][info ][safepoint   ] Safepoint "Cleanup", Time since last: 23122018635 ns, Reaching safepoint: 1645209 ns, Cleanup: 202250 ns, At safepoint: 15083 ns, Total: 1862542 ns
[2023-06-24T06:02:40.963+0000][64][info ][safepoint   ] Safepoint "Cleanup", Time since last: 2010262543 ns, Reaching safepoint: 72083 ns, Cleanup: 496750 ns, At safepoint: 12500 ns, Total: 581333 ns
[2023-06-24T06:03:07.059+0000][64][info ][safepoint   ] Safepoint "Cleanup", Time since last: 26097775845 ns, Reaching safepoint: 921542 ns, Cleanup: 185750 ns, At safepoint: 11625 ns, Total: 1118917 ns
[2023-06-24T06:04:16.333+0000][64][info ][safepoint   ] Safepoint "Cleanup", Time since last: 69271453824 ns, Reaching safepoint: 620500 ns, Cleanup: 346208 ns, At safepoint: 12125 ns, Total: 978833 ns
[2023-06-24T06:04:17.342+0000][64][info ][safepoint   ] Safepoint "Cleanup", Time since last: 1009267459 ns, Reaching safepoint: 71250 ns, Cleanup: 341792 ns, At safepoint: 15125 ns, Total: 428167 ns
[2023-06-24T06:04:21.357+0000][64][info ][safepoint   ] Safepoint "Cleanup", Time since last: 4016970876 ns, Reaching safepoint: 63959 ns, Cleanup: 302833 ns, At safepoint: 15583 ns, Total: 382375 ns
[2023-06-24T06:04:47.491+0000][64][info ][safepoint   ] Safepoint "Cleanup", Time since last: 26133448638 ns, Reaching safepoint: 74083 ns, Cleanup: 231625 ns, At safepoint: 12625 ns, Total: 318333 ns
[2023-06-24T06:06:56.024+0000][64][info ][safepoint   ] Safepoint "Cleanup", Time since last: 128534324974 ns, Reaching safepoint: 68625 ns, Cleanup: 329417 ns, At safepoint: 9958 ns, Total: 408000 ns
[2023-06-24T06:10:14.880+0000][64][info ][safepoint   ] Safepoint "Cleanup", Time since last: 198857218174 ns, Reaching safepoint: 225917 ns, Cleanup: 215375 ns, At safepoint: 12750 ns, Total: 454042 ns
[2023-06-24T06:10:16.890+0000][64][info ][safepoint   ] Safepoint "Cleanup", Time since last: 2009823876 ns, Reaching safepoint: 51208 ns, Cleanup: 169667 ns, At safepoint: 10833 ns, Total: 231708 ns
[2023-06-24T06:12:15.217+0000][64][info ][safepoint   ] Safepoint "Cleanup", Time since last: 118328311971 ns, Reaching safepoint: 54500 ns, Cleanup: 507667 ns, At safepoint: 22125 ns, Total: 584292 ns
[2023-06-24T06:12:17.226+0000][64][info ][safepoint   ] Safepoint "Cleanup", Time since last: 2009131834 ns, Reaching safepoint: 102000 ns, Cleanup: 161958 ns, At safepoint: 8584 ns, Total: 272542 ns
[2023-06-24T06:13:02.433+0000][64][info ][gc,start    ] GC(12) Pause Young (Normal) (G1 Evacuation Pause)
[2023-06-24T06:13:02.436+0000][64][info ][gc,task     ] GC(12) Using 5 workers of 5 for evacuation
[2023-06-24T06:13:02.438+0000][64][debug][gc,age      ] GC(12) Desired survivor size 18874368 bytes, new threshold 2 (max threshold 15)
[2023-06-24T06:13:02.535+0000][64][info ][gc,phases   ] GC(12)   Pre Evacuate Collection Set: 1.8ms
[2023-06-24T06:13:02.536+0000][64][info ][gc,phases   ] GC(12)   Merge Heap Roots: 0.6ms
[2023-06-24T06:13:02.536+0000][64][info ][gc,phases   ] GC(12)   Evacuate Collection Set: 89.4ms
[2023-06-24T06:13:02.537+0000][64][info ][gc,phases   ] GC(12)   Post Evacuate Collection Set: 2.7ms
[2023-06-24T06:13:02.537+0000][64][info ][gc,phases   ] GC(12)   Other: 4.4ms
[2023-06-24T06:13:02.538+0000][64][trace][gc,age      ] GC(12) Age table with threshold 2 (max threshold 15)
[2023-06-24T06:13:02.538+0000][64][trace][gc,age      ] GC(12) - age   1:    9027808 bytes,    9027808 total
[2023-06-24T06:13:02.538+0000][64][trace][gc,age      ] GC(12) - age   2:   16056848 bytes,   25084656 total
[2023-06-24T06:13:02.539+0000][64][info ][gc,heap     ] GC(12) Eden regions: 53->0(135)
[2023-06-24T06:13:02.539+0000][64][info ][gc,heap     ] GC(12) Survivor regions: 13->7(9)
[2023-06-24T06:13:02.539+0000][64][info ][gc,heap     ] GC(12) Old regions: 6->14
[2023-06-24T06:13:02.540+0000][64][info ][gc,heap     ] GC(12) Archive regions: 2->2
[2023-06-24T06:13:02.540+0000][64][info ][gc,heap     ] GC(12) Humongous regions: 2->2
[2023-06-24T06:13:02.541+0000][64][info ][gc,metaspace] GC(12) Metaspace: 116289K(119552K)->116289K(119552K) NonClass: 100347K(102080K)->100347K(102080K) Class: 15942K(17472K)->15942K(17472K)
[2023-06-24T06:13:02.541+0000][64][info ][gc          ] GC(12) Pause Young (Normal) (G1 Evacuation Pause) 296M->96M(1024M) 108.185ms
[2023-06-24T06:13:02.541+0000][64][info ][gc,cpu      ] GC(12) User=0.45s Sys=0.00s Real=0.11s
[2023-06-24T06:13:02.542+0000][64][info ][safepoint   ] Safepoint "G1CollectForAllocation", Time since last: 45206988894 ns, Reaching safepoint: 56458 ns, Cleanup: 115417 ns, At safepoint: 109154375 ns, Total: 109326250 ns
[2023-06-24T06:13:03.544+0000][64][info ][safepoint   ] Safepoint "Cleanup", Time since last: 1001627709 ns, Reaching safepoint: 55458 ns, Cleanup: 158334 ns, At safepoint: 10458 ns, Total: 224250 ns
[2023-06-24T06:13:46.789+0000][64][info ][safepoint   ] Safepoint "Cleanup", Time since last: 43191706604 ns, Reaching safepoint: 225583 ns, Cleanup: 179708 ns, At safepoint: 11959 ns, Total: 417250 ns
[2023-06-24T06:13:47.795+0000][64][info ][safepoint   ] Safepoint "Cleanup", Time since last: 1005659875 ns, Reaching safepoint: 58292 ns, Cleanup: 192125 ns, At safepoint: 11416 ns, Total: 261833 ns
[2023-06-24T06:14:16.905+0000][64][info ][safepoint   ] Safepoint "Cleanup", Time since last: 29109521764 ns, Reaching safepoint: 88958 ns, Cleanup: 134333 ns, At safepoint: 18084 ns, Total: 241375 ns
[2023-06-24T06:14:36.956+0000][64][info ][safepoint   ] Safepoint "Cleanup", Time since last: 20050162342 ns, Reaching safepoint: 59667 ns, Cleanup: 124667 ns, At safepoint: 23416 ns, Total: 207750 ns
[2023-06-24T06:14:46.986+0000][64][info ][safepoint   ] Safepoint "Cleanup", Time since last: 10029782588 ns, Reaching safepoint: 56042 ns, Cleanup: 140292 ns, At safepoint: 10125 ns, Total: 206459 ns
[2023-06-24T06:15:17.037+0000][64][info ][safepoint   ] Safepoint "Cleanup", Time since last: 30051335555 ns, Reaching safepoint: 27333 ns, Cleanup: 143875 ns, At safepoint: 4958 ns, Total: 176166 ns
[2023-06-24T06:16:17.197+0000][64][info ][safepoint   ] Safepoint "Cleanup", Time since last: 60158906319 ns, Reaching safepoint: 108375 ns, Cleanup: 188125 ns, At safepoint: 22250 ns, Total: 318750 ns
[2023-06-24T06:16:47.264+0000][64][info ][safepoint   ] Safepoint "Cleanup", Time since last: 30066241639 ns, Reaching safepoint: 148250 ns, Cleanup: 144000 ns, At safepoint: 16542 ns, Total: 308792 ns
[2023-06-24T06:17:17.339+0000][64][info ][safepoint   ] Safepoint "Cleanup", Time since last: 30075292263 ns, Reaching safepoint: 64834 ns, Cleanup: 154875 ns, At safepoint: 9583 ns, Total: 229292 ns
[2023-06-24T06:17:27.359+0000][64][info ][safepoint   ] Safepoint "Cleanup", Time since last: 10018878588 ns, Reaching safepoint: 230041 ns, Cleanup: 168000 ns, At safepoint: 11250 ns, Total: 409291 ns
[2023-06-24T06:21:16.894+0000][64][info ][safepoint   ] Safepoint "Cleanup", Time since last: 229534434438 ns, Reaching safepoint: 245209 ns, Cleanup: 176083 ns, At safepoint: 26625 ns, Total: 447917 ns
[2023-06-24T06:22:14.023+0000][64][info ][safepoint   ] Safepoint "Cleanup", Time since last: 57128050526 ns, Reaching safepoint: 229000 ns, Cleanup: 162166 ns, At safepoint: 27667 ns, Total: 418833 ns
[2023-06-24T06:22:15.027+0000][64][info ][safepoint   ] Safepoint "Cleanup", Time since last: 1003583875 ns, Reaching safepoint: 182959 ns, Cleanup: 93250 ns, At safepoint: 7166 ns, Total: 283375 ns
[2023-06-24T06:22:18.034+0000][64][info ][safepoint   ] Safepoint "Cleanup", Time since last: 3007059252 ns, Reaching safepoint: 113458 ns, Cleanup: 160792 ns, At safepoint: 12166 ns, Total: 286416 ns
[2023-06-24T06:22:25.053+0000][64][info ][safepoint   ] Safepoint "Cleanup", Time since last: 7018062795 ns, Reaching safepoint: 172042 ns, Cleanup: 300708 ns, At safepoint: 31625 ns, Total: 504375 ns
[2023-06-24T06:23:50.224+0000][64][info ][safepoint   ] Safepoint "Cleanup", Time since last: 85170619081 ns, Reaching safepoint: 81458 ns, Cleanup: 116250 ns, At safepoint: 4667 ns, Total: 202375 ns
[2023-06-24T06:29:17.990+0000][64][info ][safepoint   ] Safepoint "Cleanup", Time since last: 327764841942 ns, Reaching safepoint: 204375 ns, Cleanup: 174791 ns, At safepoint: 10584 ns, Total: 389750 ns
[2023-06-24T06:34:07.715+0000][64][info ][safepoint   ] Safepoint "Cleanup", Time since last: 289722672173 ns, Reaching safepoint: 252375 ns, Cleanup: 175833 ns, At safepoint: 22667 ns, Total: 450875 ns
[2023-06-24T06:34:13.736+0000][64][info ][safepoint   ] Safepoint "Cleanup", Time since last: 6020980461 ns, Reaching safepoint: 105167 ns, Cleanup: 179083 ns, At safepoint: 13917 ns, Total: 298167 ns
[2023-06-24T06:34:15.744+0000][64][info ][safepoint   ] Safepoint "Cleanup", Time since last: 2008267917 ns, Reaching safepoint: 56459 ns, Cleanup: 229916 ns, At safepoint: 12125 ns, Total: 298500 ns
[2023-06-24T06:34:17.755+0000][64][info ][safepoint   ] Safepoint "Cleanup", Time since last: 2010117835 ns, Reaching safepoint: 56833 ns, Cleanup: 383583 ns, At safepoint: 14750 ns, Total: 455166 ns
[2023-06-24T06:35:18.019+0000][64][info ][safepoint   ] Safepoint "Cleanup", Time since last: 60263074444 ns, Reaching safepoint: 207042 ns, Cleanup: 293667 ns, At safepoint: 11625 ns, Total: 512334 ns
[2023-06-24T06:37:46.672+0000][64][info ][safepoint   ] Safepoint "Cleanup", Time since last: 148651530692 ns, Reaching safepoint: 260875 ns, Cleanup: 211000 ns, At safepoint: 10417 ns, Total: 482292 ns
[2023-06-24T06:37:47.685+0000][64][info ][safepoint   ] Safepoint "Cleanup", Time since last: 1012982500 ns, Reaching safepoint: 152917 ns, Cleanup: 322083 ns, At safepoint: 14542 ns, Total: 489542 ns
[2023-06-24T06:38:21.882+0000][64][info ][safepoint   ] Safepoint "Cleanup", Time since last: 34196706390 ns, Reaching safepoint: 59875 ns, Cleanup: 176917 ns, At safepoint: 237958 ns, Total: 474750 ns
[2023-06-24T06:39:48.105+0000][64][info ][safepoint   ] Safepoint "Cleanup", Time since last: 86221476831 ns, Reaching safepoint: 224917 ns, Cleanup: 224541 ns, At safepoint: 23125 ns, Total: 472583 ns
[2023-06-24T06:39:51.117+0000][64][info ][safepoint   ] Safepoint "Cleanup", Time since last: 3012555501 ns, Reaching safepoint: 59292 ns, Cleanup: 160875 ns, At safepoint: 12250 ns, Total: 232417 ns
[2023-06-24T06:42:06.662+0000][64][info ][safepoint   ] Safepoint "Cleanup", Time since last: 135543359687 ns, Reaching safepoint: 239500 ns, Cleanup: 245375 ns, At safepoint: 12708 ns, Total: 497583 ns
[2023-06-24T06:42:09.698+0000][64][info ][safepoint   ] Safepoint "Cleanup", Time since last: 3035928918 ns, Reaching safepoint: 30750 ns, Cleanup: 107833 ns, At safepoint: 5667 ns, Total: 144250 ns
[2023-06-24T06:44:18.040+0000][64][info ][safepoint   ] Safepoint "Cleanup", Time since last: 128341593642 ns, Reaching safepoint: 149916 ns, Cleanup: 140042 ns, At safepoint: 7042 ns, Total: 297000 ns
[2023-06-24T06:44:26.081+0000][64][info ][safepoint   ] Safepoint "Cleanup", Time since last: 8035330587 ns, Reaching safepoint: 62416 ns, Cleanup: 332250 ns, At safepoint: 16167 ns, Total: 410833 ns
[2023-06-24T06:44:47.132+0000][64][info ][safepoint   ] Safepoint "Cleanup", Time since last: 21050202510 ns, Reaching safepoint: 271833 ns, Cleanup: 199875 ns, At safepoint: 27000 ns, Total: 498708 ns
[2023-06-24T06:45:48.282+0000][64][info ][safepoint   ] Safepoint "Cleanup", Time since last: 61138319236 ns, Reaching safepoint: 244166 ns, Cleanup: 180209 ns, At safepoint: 11000 ns, Total: 435375 ns
[2023-06-24T06:46:17.344+0000][64][info ][safepoint   ] Safepoint "Cleanup", Time since last: 29060693096 ns, Reaching safepoint: 228667 ns, Cleanup: 291458 ns, At safepoint: 14208 ns, Total: 534333 ns
[2023-06-24T06:46:18.347+0000][64][info ][safepoint   ] Safepoint "Cleanup", Time since last: 1003277084 ns, Reaching safepoint: 62458 ns, Cleanup: 212167 ns, At safepoint: 12917 ns, Total: 287542 ns
[2023-06-24T06:48:18.635+0000][64][info ][safepoint   ] Safepoint "Cleanup", Time since last: 120286239679 ns, Reaching safepoint: 97458 ns, Cleanup: 280042 ns, At safepoint: 9667 ns, Total: 387167 ns
[2023-06-24T06:48:47.748+0000][64][info ][safepoint   ] Safepoint "Cleanup", Time since last: 29112357722 ns, Reaching safepoint: 220416 ns, Cleanup: 150542 ns, At safepoint: 27167 ns, Total: 398125 ns
[2023-06-24T06:50:17.021+0000][64][info ][safepoint   ] Safepoint "Cleanup", Time since last: 89272139540 ns, Reaching safepoint: 212541 ns, Cleanup: 197167 ns, At safepoint: 22167 ns, Total: 431875 ns
[2023-06-24T06:51:17.268+0000][64][info ][safepoint   ] Safepoint "Cleanup", Time since last: 60245967319 ns, Reaching safepoint: 201000 ns, Cleanup: 264083 ns, At safepoint: 31375 ns, Total: 496458 ns
[2023-06-24T06:51:18.277+0000][64][info ][safepoint   ] Safepoint "Cleanup", Time since last: 1007825417 ns, Reaching safepoint: 62792 ns, Cleanup: 185666 ns, At safepoint: 11542 ns, Total: 260000 ns
[2023-06-24T06:56:46.570+0000][64][info ][safepoint   ] Safepoint "Cleanup", Time since last: 328288778149 ns, Reaching safepoint: 481416 ns, Cleanup: 233000 ns, At safepoint: 10250 ns, Total: 724666 ns
[2023-06-24T06:56:48.583+0000][64][info ][safepoint   ] Safepoint "Cleanup", Time since last: 2013026000 ns, Reaching safepoint: 62250 ns, Cleanup: 222542 ns, At safepoint: 12542 ns, Total: 297334 ns
[2023-06-24T07:00:47.486+0000][64][info ][safepoint   ] Safepoint "Cleanup", Time since last: 238901207818 ns, Reaching safepoint: 234625 ns, Cleanup: 206709 ns, At safepoint: 30333 ns, Total: 471667 ns
[2023-06-24T07:02:15.707+0000][64][info ][safepoint   ] Safepoint "Cleanup", Time since last: 88219051664 ns, Reaching safepoint: 61417 ns, Cleanup: 220583 ns, At safepoint: 177042 ns, Total: 459042 ns
[2023-06-24T07:04:17.059+0000][64][info ][safepoint   ] Safepoint "Cleanup", Time since last: 121350628013 ns, Reaching safepoint: 232166 ns, Cleanup: 364250 ns, At safepoint: 20959 ns, Total: 617375 ns
[2023-06-24T07:04:19.075+0000][64][info ][safepoint   ] Safepoint "Cleanup", Time since last: 2014822916 ns, Reaching safepoint: 66125 ns, Cleanup: 257042 ns, At safepoint: 9750 ns, Total: 332917 ns
[2023-06-24T07:09:48.399+0000][64][info ][safepoint   ] Safepoint "Cleanup", Time since last: 329321494276 ns, Reaching safepoint: 222333 ns, Cleanup: 161292 ns, At safepoint: 47208 ns, Total: 430833 ns
[2023-06-24T07:10:48.652+0000][64][info ][safepoint   ] Safepoint "Cleanup", Time since last: 60252159444 ns, Reaching safepoint: 190042 ns, Cleanup: 191791 ns, At safepoint: 10917 ns, Total: 392750 ns
[2023-06-24T07:11:16.768+0000][64][info ][safepoint   ] Safepoint "Cleanup", Time since last: 28114888972 ns, Reaching safepoint: 229791 ns, Cleanup: 147334 ns, At safepoint: 23250 ns, Total: 400375 ns
[2023-06-24T07:17:19.182+0000][64][info ][safepoint   ] Safepoint "Cleanup", Time since last: 362418604039 ns, Reaching safepoint: 58416 ns, Cleanup: 185917 ns, At safepoint: 13208 ns, Total: 257541 ns
[2023-06-24T07:17:49.365+0000][64][info ][safepoint   ] Safepoint "Cleanup", Time since last: 30182066223 ns, Reaching safepoint: 584750 ns, Cleanup: 446000 ns, At safepoint: 14333 ns, Total: 1045083 ns
[2023-06-24T07:18:17.472+0000][64][info ][safepoint   ] Safepoint "Cleanup", Time since last: 28105859722 ns, Reaching safepoint: 62750 ns, Cleanup: 178958 ns, At safepoint: 13250 ns, Total: 254958 ns
[2023-06-24T07:18:18.476+0000][64][info ][safepoint   ] Safepoint "Cleanup", Time since last: 1003974834 ns, Reaching safepoint: 102375 ns, Cleanup: 385208 ns, At safepoint: 14084 ns, Total: 501667 ns
[2023-06-24T07:19:16.743+0000][64][info ][safepoint   ] Safepoint "Cleanup", Time since last: 58266857401 ns, Reaching safepoint: 177292 ns, Cleanup: 147958 ns, At safepoint: 6000 ns, Total: 331250 ns
[2023-06-24T07:19:18.764+0000][64][info ][safepoint   ] Safepoint "Cleanup", Time since last: 2019941710 ns, Reaching safepoint: 51916 ns, Cleanup: 191459 ns, At safepoint: 12125 ns, Total: 255500 ns
[2023-06-24T07:19:48.919+0000][64][info ][safepoint   ] Safepoint "Cleanup", Time since last: 30154562346 ns, Reaching safepoint: 226500 ns, Cleanup: 428167 ns, At safepoint: 14666 ns, Total: 669333 ns
[2023-06-24T07:20:19.020+0000][64][info ][safepoint   ] Safepoint "Cleanup", Time since last: 30099963347 ns, Reaching safepoint: 197417 ns, Cleanup: 238750 ns, At safepoint: 12417 ns, Total: 448584 ns
[2023-06-24T07:25:49.105+0000][64][info ][safepoint   ] Safepoint "Cleanup", Time since last: 330082389400 ns, Reaching safepoint: 238291 ns, Cleanup: 240792 ns, At safepoint: 28292 ns, Total: 507375 ns
[2023-06-24T07:26:49.372+0000][64][info ][safepoint   ] Safepoint "Cleanup", Time since last: 60266397194 ns, Reaching safepoint: 100417 ns, Cleanup: 120875 ns, At safepoint: 67667 ns, Total: 288959 ns
[2023-06-24T07:36:16.487+0000][64][info ][safepoint   ] Safepoint "Cleanup", Time since last: 567110990592 ns, Reaching safepoint: 270666 ns, Cleanup: 100417 ns, At safepoint: 15542 ns, Total: 386625 ns
[2023-06-24T07:37:00.690+0000][64][info ][safepoint   ] Safepoint "Cleanup", Time since last: 44201632852 ns, Reaching safepoint: 215709 ns, Cleanup: 150125 ns, At safepoint: 12208 ns, Total: 378042 ns
[2023-06-24T07:37:40.909+0000][64][info ][safepoint   ] Safepoint "Cleanup", Time since last: 40218737060 ns, Reaching safepoint: 212667 ns, Cleanup: 176791 ns, At safepoint: 12500 ns, Total: 401958 ns
[2023-06-24T07:43:16.043+0000][64][info ][safepoint   ] Safepoint "Cleanup", Time since last: 335131234319 ns, Reaching safepoint: 65584 ns, Cleanup: 218208 ns, At safepoint: 176667 ns, Total: 460459 ns
[2023-06-24T07:50:16.643+0000][64][info ][safepoint   ] Safepoint "Cleanup", Time since last: 420627772691 ns, Reaching safepoint: 362292 ns, Cleanup: 180750 ns, At safepoint: 76583 ns, Total: 619625 ns
[2023-06-24T07:52:50.158+0000][64][info ][safepoint   ] Safepoint "Cleanup", Time since last: 153514454902 ns, Reaching safepoint: 214667 ns, Cleanup: 304208 ns, At safepoint: 32667 ns, Total: 551542 ns
[2023-06-24T07:53:47.418+0000][64][info ][safepoint   ] Safepoint "Cleanup", Time since last: 57260666443 ns, Reaching safepoint: 222333 ns, Cleanup: 209334 ns, At safepoint: 25458 ns, Total: 457125 ns
[2023-06-24T07:54:19.567+0000][64][info ][safepoint   ] Safepoint "Cleanup", Time since last: 32148798972 ns, Reaching safepoint: 221583 ns, Cleanup: 316542 ns, At safepoint: 32208 ns, Total: 570333 ns
[2023-06-24T07:56:26.027+0000][64][info ][safepoint   ] Safepoint "Cleanup", Time since last: 126459100515 ns, Reaching safepoint: 181167 ns, Cleanup: 241333 ns, At safepoint: 20917 ns, Total: 443417 ns
[2023-06-24T08:00:12.050+0000][64][info ][safepoint   ] Safepoint "Cleanup", Time since last: 226023499603 ns, Reaching safepoint: 229125 ns, Cleanup: 138334 ns, At safepoint: 10250 ns, Total: 377709 ns
[2023-06-24T08:00:20.081+0000][64][info ][safepoint   ] Safepoint "Cleanup", Time since last: 8030690794 ns, Reaching safepoint: 59042 ns, Cleanup: 174458 ns, At safepoint: 10667 ns, Total: 244167 ns
[2023-06-24T08:03:19.858+0000][64][info ][safepoint   ] Safepoint "Cleanup", Time since last: 179776585248 ns, Reaching safepoint: 89833 ns, Cleanup: 659833 ns, At safepoint: 14459 ns, Total: 764125 ns
[2023-06-24T08:03:49.979+0000][64][info ][safepoint   ] Safepoint "Cleanup", Time since last: 30120867846 ns, Reaching safepoint: 227834 ns, Cleanup: 242875 ns, At safepoint: 31583 ns, Total: 502292 ns
[2023-06-24T08:24:20.447+0000][64][info ][safepoint   ] Safepoint "Cleanup", Time since last: 1230475202979 ns, Reaching safepoint: 236416 ns, Cleanup: 329625 ns, At safepoint: 13250 ns, Total: 579291 ns
[2023-06-24T08:30:50.104+0000][64][info ][safepoint   ] Safepoint "Cleanup", Time since last: 389657755261 ns, Reaching safepoint: 146042 ns, Cleanup: 181708 ns, At safepoint: 10584 ns, Total: 338334 ns
[2023-06-24T08:31:18.225+0000][64][info ][safepoint   ] Safepoint "Cleanup", Time since last: 28120754388 ns, Reaching safepoint: 355417 ns, Cleanup: 178125 ns, At safepoint: 28375 ns, Total: 561917 ns
[2023-06-24T08:31:20.238+0000][64][info ][safepoint   ] Safepoint "Cleanup", Time since last: 2013042167 ns, Reaching safepoint: 60333 ns, Cleanup: 176250 ns, At safepoint: 12583 ns, Total: 249166 ns
[2023-06-24T08:41:50.552+0000][64][info ][safepoint   ] Safepoint "Cleanup", Time since last: 630315632372 ns, Reaching safepoint: 228625 ns, Cleanup: 339708 ns, At safepoint: 10375 ns, Total: 578708 ns
[2023-06-24T08:42:47.727+0000][64][info ][safepoint   ] Safepoint "Cleanup", Time since last: 57173671901 ns, Reaching safepoint: 232584 ns, Cleanup: 788708 ns, At safepoint: 14375 ns, Total: 1035667 ns
[2023-06-24T08:46:14.511+0000][64][info ][safepoint   ] Safepoint "Cleanup", Time since last: 206793740094 ns, Reaching safepoint: 226625 ns, Cleanup: 134625 ns, At safepoint: 9041 ns, Total: 370291 ns
[2023-06-24T08:46:50.628+0000][64][info ][safepoint   ] Safepoint "Cleanup", Time since last: 36129910683 ns, Reaching safepoint: 233750 ns, Cleanup: 338083 ns, At safepoint: 43042 ns, Total: 614875 ns
[2023-06-24T08:50:09.466+0000][64][info ][safepoint   ] Safepoint "Cleanup", Time since last: 198845310674 ns, Reaching safepoint: 253709 ns, Cleanup: 258333 ns, At safepoint: 12417 ns, Total: 524459 ns
[2023-06-24T08:53:48.240+0000][64][info ][safepoint   ] Safepoint "Cleanup", Time since last: 218770482268 ns, Reaching safepoint: 218666 ns, Cleanup: 169459 ns, At safepoint: 77625 ns, Total: 465750 ns
[2023-06-24T08:53:52.247+0000][64][info ][safepoint   ] Safepoint "Cleanup", Time since last: 4012973459 ns, Reaching safepoint: 61750 ns, Cleanup: 282917 ns, At safepoint: 14833 ns, Total: 359500 ns
[2023-06-24T08:57:43.102+0000][64][info ][safepoint   ] Safepoint "Cleanup", Time since last: 230851064190 ns, Reaching safepoint: 206958 ns, Cleanup: 142834 ns, At safepoint: 8916 ns, Total: 358708 ns
[2023-06-24T08:58:18.268+0000][64][info ][safepoint   ] Safepoint "Cleanup", Time since last: 35170916058 ns, Reaching safepoint: 468417 ns, Cleanup: 315583 ns, At safepoint: 156083 ns, Total: 940083 ns
[2023-06-24T09:10:51.194+0000][64][info ][safepoint   ] Safepoint "Cleanup", Time since last: 752928605510 ns, Reaching safepoint: 213167 ns, Cleanup: 687291 ns, At safepoint: 30500 ns, Total: 930958 ns
[2023-06-24T09:27:48.045+0000][64][info ][safepoint   ] Safepoint "Cleanup", Time since last: 1016843357175 ns, Reaching safepoint: 65791 ns, Cleanup: 106084 ns, At safepoint: 4083 ns, Total: 175958 ns
[2023-06-24T09:27:52.066+0000][64][info ][safepoint   ] Safepoint "Cleanup", Time since last: 4026422585 ns, Reaching safepoint: 64958 ns, Cleanup: 188584 ns, At safepoint: 11833 ns, Total: 265375 ns
[2023-06-24T09:28:18.194+0000][64][info ][safepoint   ] Safepoint "Cleanup", Time since last: 26128327721 ns, Reaching safepoint: 56042 ns, Cleanup: 119666 ns, At safepoint: 9417 ns, Total: 185125 ns
[2023-06-24T09:28:21.215+0000][64][info ][safepoint   ] Safepoint "Cleanup", Time since last: 3015163709 ns, Reaching safepoint: 52458 ns, Cleanup: 386792 ns, At safepoint: 13500 ns, Total: 452750 ns
[2023-06-24T09:28:48.318+0000][64][info ][safepoint   ] Safepoint "Cleanup", Time since last: 27102888679 ns, Reaching safepoint: 213584 ns, Cleanup: 160583 ns, At safepoint: 24167 ns, Total: 398334 ns
[2023-06-24T09:28:51.328+0000][64][info ][safepoint   ] Safepoint "Cleanup", Time since last: 3010097626 ns, Reaching safepoint: 95958 ns, Cleanup: 173333 ns, At safepoint: 11459 ns, Total: 280750 ns
[2023-06-24T09:47:22.496+0000][64][info ][safepoint   ] Safepoint "Cleanup", Time since last: 1111173485507 ns, Reaching safepoint: 67083 ns, Cleanup: 700959 ns, At safepoint: 11875 ns, Total: 779917 ns
[2023-06-24T10:08:22.295+0000][64][info ][safepoint   ] Safepoint "Cleanup", Time since last: 1259803883992 ns, Reaching safepoint: 46333 ns, Cleanup: 153125 ns, At safepoint: 156584 ns, Total: 356042 ns
[2023-06-24T10:27:52.602+0000][64][info ][safepoint   ] Safepoint "Cleanup", Time since last: 1170318423702 ns, Reaching safepoint: 52083 ns, Cleanup: 54833 ns, At safepoint: 9792 ns, Total: 116708 ns
[2023-06-24T10:32:18.589+0000][64][info ][safepoint   ] Safepoint "Cleanup", Time since last: 265989236871 ns, Reaching safepoint: 62209 ns, Cleanup: 183750 ns, At safepoint: 10041 ns, Total: 256000 ns
[2023-06-24T10:32:22.616+0000][64][info ][safepoint   ] Safepoint "Cleanup", Time since last: 4020640460 ns, Reaching safepoint: 51166 ns, Cleanup: 315834 ns, At safepoint: 14708 ns, Total: 381708 ns
[2023-06-24T10:32:48.732+0000][64][info ][safepoint   ] Safepoint "Cleanup", Time since last: 26114941596 ns, Reaching safepoint: 243875 ns, Cleanup: 160792 ns, At safepoint: 20625 ns, Total: 425292 ns
[2023-06-24T10:32:52.768+0000][64][info ][safepoint   ] Safepoint "Cleanup", Time since last: 4036126376 ns, Reaching safepoint: 65208 ns, Cleanup: 213584 ns, At safepoint: 27875 ns, Total: 306667 ns
[2023-06-24T10:47:02.928+0000][64][info ][safepoint   ] Safepoint "Cleanup", Time since last: 850090373515 ns, Reaching safepoint: 263125 ns, Cleanup: 179917 ns, At safepoint: 24833 ns, Total: 467875 ns
[2023-06-24T10:47:23.011+0000][64][info ][safepoint   ] Safepoint "Cleanup", Time since last: 20082280593 ns, Reaching safepoint: 50041 ns, Cleanup: 150334 ns, At safepoint: 9458 ns, Total: 209833 ns
[2023-06-24T10:48:23.117+0000][64][info ][safepoint   ] Safepoint "Cleanup", Time since last: 60105462277 ns, Reaching safepoint: 55000 ns, Cleanup: 168833 ns, At safepoint: 13292 ns, Total: 237125 ns
[2023-06-24T10:56:23.885+0000][64][info ][safepoint   ] Safepoint "Cleanup", Time since last: 480762325260 ns, Reaching safepoint: 304417 ns, Cleanup: 242416 ns, At safepoint: 28250 ns, Total: 575083 ns
[2023-06-24T10:59:53.589+0000][64][info ][safepoint   ] Safepoint "Cleanup", Time since last: 209706388262 ns, Reaching safepoint: 291917 ns, Cleanup: 290250 ns, At safepoint: 32083 ns, Total: 614250 ns
[2023-06-24T11:08:49.525+0000][64][info ][safepoint   ] Safepoint "Cleanup", Time since last: 535935939704 ns, Reaching safepoint: 68708 ns, Cleanup: 291625 ns, At safepoint: 154750 ns, Total: 515083 ns
[2023-06-24T11:11:17.023+0000][64][info ][safepoint   ] Safepoint "Cleanup", Time since last: 147496694525 ns, Reaching safepoint: 196125 ns, Cleanup: 193792 ns, At safepoint: 11417 ns, Total: 401334 ns
[2023-06-24T11:12:23.013+0000][64][info ][gc,start    ] GC(13) Pause Young (Normal) (G1 Evacuation Pause)
[2023-06-24T11:12:23.014+0000][64][info ][gc,task     ] GC(13) Using 5 workers of 5 for evacuation
[2023-06-24T11:12:23.015+0000][64][debug][gc,age      ] GC(13) Desired survivor size 35651584 bytes, new threshold 15 (max threshold 15)
[2023-06-24T11:12:23.038+0000][64][info ][gc,phases   ] GC(13)   Pre Evacuate Collection Set: 0.4ms
[2023-06-24T11:12:23.038+0000][64][info ][gc,phases   ] GC(13)   Merge Heap Roots: 0.2ms
[2023-06-24T11:12:23.039+0000][64][info ][gc,phases   ] GC(13)   Evacuate Collection Set: 18.9ms
[2023-06-24T11:12:23.040+0000][64][info ][gc,phases   ] GC(13)   Post Evacuate Collection Set: 1.9ms
[2023-06-24T11:12:23.040+0000][64][info ][gc,phases   ] GC(13)   Other: 2.0ms
[2023-06-24T11:12:23.041+0000][64][trace][gc,age      ] GC(13) Age table with threshold 15 (max threshold 15)
[2023-06-24T11:12:23.041+0000][64][trace][gc,age      ] GC(13) - age   1:      63040 bytes,      63040 total
[2023-06-24T11:12:23.042+0000][64][trace][gc,age      ] GC(13) - age   2:    8594704 bytes,    8657744 total
[2023-06-24T11:12:23.042+0000][64][trace][gc,age      ] GC(13) - age   3:   15385632 bytes,   24043376 total
[2023-06-24T11:12:23.043+0000][64][info ][gc,heap     ] GC(13) Eden regions: 122->0(146)
[2023-06-24T11:12:23.043+0000][64][info ][gc,heap     ] GC(13) Survivor regions: 7->7(17)
[2023-06-24T11:12:23.044+0000][64][info ][gc,heap     ] GC(13) Old regions: 14->14
[2023-06-24T11:12:23.045+0000][64][info ][gc,heap     ] GC(13) Archive regions: 2->2
[2023-06-24T11:12:23.045+0000][64][info ][gc,heap     ] GC(13) Humongous regions: 2->2
[2023-06-24T11:12:23.046+0000][64][info ][gc,metaspace] GC(13) Metaspace: 116886K(120128K)->116886K(120128K) NonClass: 100941K(102656K)->100941K(102656K) Class: 15944K(17472K)->15944K(17472K)
[2023-06-24T11:12:23.046+0000][64][info ][gc          ] GC(13) Pause Young (Normal) (G1 Evacuation Pause) 584M->94M(1024M) 33.360ms
[2023-06-24T11:12:23.047+0000][64][info ][gc,cpu      ] GC(13) User=0.10s Sys=0.00s Real=0.03s
[2023-06-24T11:12:23.047+0000][64][info ][safepoint   ] Safepoint "G1CollectForAllocation", Time since last: 65988204530 ns, Reaching safepoint: 153500 ns, Cleanup: 145000 ns, At safepoint: 34503541 ns, Total: 34802041 ns
[2023-06-24T11:12:54.179+0000][64][info ][safepoint   ] Safepoint "Cleanup", Time since last: 31131081306 ns, Reaching safepoint: 244958 ns, Cleanup: 207459 ns, At safepoint: 24125 ns, Total: 476542 ns
[2023-06-24T11:13:24.278+0000][64][info ][safepoint   ] Safepoint "Cleanup", Time since last: 30097688680 ns, Reaching safepoint: 59917 ns, Cleanup: 375542 ns, At safepoint: 43750 ns, Total: 479209 ns
[2023-06-24T11:20:54.011+0000][64][info ][safepoint   ] Safepoint "Cleanup", Time since last: 449728973788 ns, Reaching safepoint: 202958 ns, Cleanup: 287167 ns, At safepoint: 29208 ns, Total: 519333 ns
[2023-06-24T11:30:20.254+0000][64][info ][safepoint   ] Safepoint "Cleanup", Time since last: 566243251593 ns, Reaching safepoint: 668791 ns, Cleanup: 216500 ns, At safepoint: 29959 ns, Total: 915250 ns
[2023-06-24T11:30:24.287+0000][64][info ][safepoint   ] Safepoint "Cleanup", Time since last: 4027720126 ns, Reaching safepoint: 58250 ns, Cleanup: 162916 ns, At safepoint: 10750 ns, Total: 231916 ns
[2023-06-24T11:30:27.308+0000][64][info ][safepoint   ] Safepoint "Cleanup", Time since last: 3020518627 ns, Reaching safepoint: 121208 ns, Cleanup: 227000 ns, At safepoint: 15083 ns, Total: 363291 ns
[2023-06-24T11:34:20.205+0000][64][info ][safepoint   ] Safepoint "Cleanup", Time since last: 232900944399 ns, Reaching safepoint: 215959 ns, Cleanup: 152791 ns, At safepoint: 13584 ns, Total: 382334 ns
[2023-06-24T11:36:24.722+0000][64][info ][safepoint   ] Safepoint "Cleanup", Time since last: 124527552722 ns, Reaching safepoint: 395833 ns, Cleanup: 341000 ns, At safepoint: 12250 ns, Total: 749083 ns
[2023-06-24T11:36:54.878+0000][64][info ][safepoint   ] Safepoint "Cleanup", Time since last: 30155208514 ns, Reaching safepoint: 259542 ns, Cleanup: 171333 ns, At safepoint: 23667 ns, Total: 454542 ns
[2023-06-24T11:39:24.412+0000][64][info ][safepoint   ] Safepoint "Cleanup", Time since last: 149532721485 ns, Reaching safepoint: 260083 ns, Cleanup: 304958 ns, At safepoint: 32125 ns, Total: 597166 ns
[2023-06-24T11:40:57.829+0000][64][info ][safepoint   ] Safepoint "Cleanup", Time since last: 93416163835 ns, Reaching safepoint: 267875 ns, Cleanup: 215166 ns, At safepoint: 12584 ns, Total: 495625 ns
[2023-06-24T12:02:20.011+0000][64][info ][safepoint   ] Safepoint "Cleanup", Time since last: 1282182205501 ns, Reaching safepoint: 839209 ns, Cleanup: 556333 ns, At safepoint: 145125 ns, Total: 1540667 ns
[2023-06-24T12:19:50.483+0000][64][info ][safepoint   ] Safepoint "Cleanup", Time since last: 1050474188439 ns, Reaching safepoint: 271959 ns, Cleanup: 206125 ns, At safepoint: 65750 ns, Total: 543834 ns
[2023-06-24T12:28:20.354+0000][64][info ][safepoint   ] Safepoint "Cleanup", Time since last: 509876137231 ns, Reaching safepoint: 91000 ns, Cleanup: 517292 ns, At safepoint: 14708 ns, Total: 623000 ns
[2023-06-24T12:28:25.370+0000][64][info ][safepoint   ] Safepoint "Cleanup", Time since last: 5009243460 ns, Reaching safepoint: 522750 ns, Cleanup: 279834 ns, At safepoint: 34208 ns, Total: 836792 ns
[2023-06-24T12:30:20.600+0000][64][info ][safepoint   ] Safepoint "Cleanup", Time since last: 115237045303 ns, Reaching safepoint: 296333 ns, Cleanup: 188292 ns, At safepoint: 21708 ns, Total: 506333 ns
[2023-06-24T12:33:25.875+0000][64][info ][safepoint   ] Safepoint "Cleanup", Time since last: 185267671793 ns, Reaching safepoint: 57166 ns, Cleanup: 260292 ns, At safepoint: 12125 ns, Total: 329583 ns
[2023-06-24T12:37:25.246+0000][64][info ][safepoint   ] Safepoint "Cleanup", Time since last: 239369735983 ns, Reaching safepoint: 48875 ns, Cleanup: 133334 ns, At safepoint: 10375 ns, Total: 192584 ns
[2023-06-24T12:38:19.351+0000][64][info ][safepoint   ] Safepoint "Cleanup", Time since last: 54104953108 ns, Reaching safepoint: 58875 ns, Cleanup: 112417 ns, At safepoint: 176458 ns, Total: 347750 ns
[2023-06-24T12:38:20.356+0000][64][info ][safepoint   ] Safepoint "Cleanup", Time since last: 1004817709 ns, Reaching safepoint: 57250 ns, Cleanup: 309958 ns, At safepoint: 14375 ns, Total: 381583 ns
[2023-06-24T12:39:50.525+0000][64][info ][safepoint   ] Safepoint "Cleanup", Time since last: 90167802916 ns, Reaching safepoint: 459125 ns, Cleanup: 582458 ns, At safepoint: 10209 ns, Total: 1051792 ns
[2023-06-24T12:40:20.585+0000][64][info ][safepoint   ] Safepoint "Cleanup", Time since last: 30064568597 ns, Reaching safepoint: 212042 ns, Cleanup: 237708 ns, At safepoint: 13833 ns, Total: 463583 ns
[2023-06-24T12:40:55.642+0000][64][info ][safepoint   ] Safepoint "Cleanup", Time since last: 35051872432 ns, Reaching safepoint: 250167 ns, Cleanup: 535791 ns, At safepoint: 35834 ns, Total: 821792 ns
[2023-06-24T13:02:02.143+0000][64][info ][safepoint   ] Safepoint "Cleanup", Time since last: 1266506827077 ns, Reaching safepoint: 343166 ns, Cleanup: 523292 ns, At safepoint: 2626208 ns, Total: 3492666 ns
[2023-06-24T13:16:06.696+0000][64][info ][safepoint   ] Safepoint "Cleanup", Time since last: 841777150759 ns, Reaching safepoint: 110500 ns, Cleanup: 101083 ns, At safepoint: 4375 ns, Total: 215958 ns
[2023-06-24T13:41:19.519+0000][64][info ][safepoint   ] Safepoint "Cleanup", Time since last: 132534635853 ns, Reaching safepoint: 63583 ns, Cleanup: 253417 ns, At safepoint: 168250 ns, Total: 485250 ns
[2023-06-24T13:41:32.557+0000][64][info ][safepoint   ] Safepoint "Cleanup", Time since last: 13037843380 ns, Reaching safepoint: 46250 ns, Cleanup: 146917 ns, At safepoint: 9958 ns, Total: 203125 ns
[2023-06-24T13:50:33.089+0000][64][info ][safepoint   ] Safepoint "Cleanup", Time since last: 540533131869 ns, Reaching safepoint: 259750 ns, Cleanup: 276584 ns, At safepoint: 75125 ns, Total: 611459 ns
[2023-06-24T14:00:33.122+0000][64][info ][safepoint   ] Safepoint "Cleanup", Time since last: 600034277149 ns, Reaching safepoint: 255667 ns, Cleanup: 464333 ns, At safepoint: 50333 ns, Total: 770333 ns
[2023-06-24T14:33:23.691+0000][64][info ][safepoint   ] Safepoint "Cleanup", Time since last: 1970547846440 ns, Reaching safepoint: 271666 ns, Cleanup: 166667 ns, At safepoint: 35083 ns, Total: 473416 ns
[2023-06-24T14:33:24.697+0000][64][info ][safepoint   ] Safepoint "Cleanup", Time since last: 1005820209 ns, Reaching safepoint: 55500 ns, Cleanup: 165208 ns, At safepoint: 11292 ns, Total: 232000 ns
[2023-06-24T14:33:33.731+0000][64][info ][safepoint   ] Safepoint "Cleanup", Time since last: 9027906671 ns, Reaching safepoint: 56791 ns, Cleanup: 182584 ns, At safepoint: 12291 ns, Total: 251666 ns
[2023-06-24T16:16:19.485+0000][64][info ][safepoint   ] Safepoint "Cleanup", Time since last: 6165816274511 ns, Reaching safepoint: 62875 ns, Cleanup: 208375 ns, At safepoint: 167167 ns, Total: 438417 ns
[2023-06-24T16:29:06.365+0000][64][info ][safepoint   ] Safepoint "Cleanup", Time since last: 766892571767 ns, Reaching safepoint: 354208 ns, Cleanup: 318667 ns, At safepoint: 31625 ns, Total: 704500 ns
[2023-06-24T16:35:05.834+0000][64][info ][safepoint   ] Safepoint "Cleanup", Time since last: 359470881412 ns, Reaching safepoint: 246542 ns, Cleanup: 336083 ns, At safepoint: 40500 ns, Total: 623125 ns
[2023-06-24T16:36:06.019+0000][64][info ][safepoint   ] Safepoint "Cleanup", Time since last: 60180351444 ns, Reaching safepoint: 138542 ns, Cleanup: 138583 ns, At safepoint: 8625 ns, Total: 285750 ns
[2023-06-24T16:40:06.024+0000][64][info ][safepoint   ] Safepoint "Cleanup", Time since last: 240005752610 ns, Reaching safepoint: 190041 ns, Cleanup: 179000 ns, At safepoint: 19709 ns, Total: 388750 ns
[2023-06-24T16:44:06.018+0000][64][info ][safepoint   ] Safepoint "Cleanup", Time since last: 239945365524 ns, Reaching safepoint: 224958 ns, Cleanup: 149709 ns, At safepoint: 17791 ns, Total: 392458 ns
[2023-06-24T16:56:06.678+0000][64][info ][safepoint   ] Safepoint "Cleanup", Time since last: 720654436161 ns, Reaching safepoint: 278708 ns, Cleanup: 316125 ns, At safepoint: 32875 ns, Total: 627708 ns
[2023-06-24T17:03:37.143+0000][64][info ][safepoint   ] Safepoint "Cleanup", Time since last: 450462151830 ns, Reaching safepoint: 262208 ns, Cleanup: 162125 ns, At safepoint: 19792 ns, Total: 444125 ns
[2023-06-24T17:14:06.369+0000][64][info ][safepoint   ] Safepoint "Cleanup", Time since last: 629239772785 ns, Reaching safepoint: 231084 ns, Cleanup: 431375 ns, At safepoint: 19583 ns, Total: 682042 ns
[2023-06-24T17:15:19.665+0000][64][info ][safepoint   ] Safepoint "Cleanup", Time since last: 73302034450 ns, Reaching safepoint: 74750 ns, Cleanup: 391458 ns, At safepoint: 18125 ns, Total: 484333 ns
[2023-06-24T17:24:36.777+0000][64][info ][safepoint   ] Safepoint "Cleanup", Time since last: 557105960462 ns, Reaching safepoint: 239083 ns, Cleanup: 149250 ns, At safepoint: 26417 ns, Total: 414750 ns
[2023-06-24T17:35:18.640+0000][64][info ][safepoint   ] Safepoint "Cleanup", Time since last: 641865391502 ns, Reaching safepoint: 257333 ns, Cleanup: 327125 ns, At safepoint: 36209 ns, Total: 620667 ns
[2023-06-24T17:36:36.876+0000][64][info ][gc,start    ] GC(14) Pause Young (Normal) (G1 Evacuation Pause)
[2023-06-24T17:36:36.879+0000][64][info ][gc,task     ] GC(14) Using 5 workers of 5 for evacuation
[2023-06-24T17:36:36.880+0000][64][debug][gc,age      ] GC(14) Desired survivor size 41943040 bytes, new threshold 15 (max threshold 15)
[2023-06-24T17:36:36.933+0000][64][info ][gc,phases   ] GC(14)   Pre Evacuate Collection Set: 1.2ms
[2023-06-24T17:36:36.934+0000][64][info ][gc,phases   ] GC(14)   Merge Heap Roots: 0.5ms
[2023-06-24T17:36:36.934+0000][64][info ][gc,phases   ] GC(14)   Evacuate Collection Set: 47.6ms
[2023-06-24T17:36:36.935+0000][64][info ][gc,phases   ] GC(14)   Post Evacuate Collection Set: 2.8ms
[2023-06-24T17:36:36.935+0000][64][info ][gc,phases   ] GC(14)   Other: 2.1ms
[2023-06-24T17:36:36.935+0000][64][trace][gc,age      ] GC(14) Age table with threshold 15 (max threshold 15)
[2023-06-24T17:36:36.936+0000][64][trace][gc,age      ] GC(14) - age   1:      59728 bytes,      59728 total
[2023-06-24T17:36:36.936+0000][64][trace][gc,age      ] GC(14) - age   2:      53368 bytes,     113096 total
[2023-06-24T17:36:36.937+0000][64][trace][gc,age      ] GC(14) - age   3:    8594448 bytes,    8707544 total
[2023-06-24T17:36:36.937+0000][64][trace][gc,age      ] GC(14) - age   4:   15385632 bytes,   24093176 total
[2023-06-24T17:36:36.937+0000][64][info ][gc,heap     ] GC(14) Eden regions: 146->0(146)
[2023-06-24T17:36:36.938+0000][64][info ][gc,heap     ] GC(14) Survivor regions: 7->7(20)
[2023-06-24T17:36:36.938+0000][64][info ][gc,heap     ] GC(14) Old regions: 14->14
[2023-06-24T17:36:36.939+0000][64][info ][gc,heap     ] GC(14) Archive regions: 2->2
[2023-06-24T17:36:36.939+0000][64][info ][gc,heap     ] GC(14) Humongous regions: 2->2
[2023-06-24T17:36:36.939+0000][64][info ][gc,metaspace] GC(14) Metaspace: 116950K(120192K)->116950K(120192K) NonClass: 101005K(102720K)->101005K(102720K) Class: 15945K(17472K)->15945K(17472K)
[2023-06-24T17:36:36.940+0000][64][info ][gc          ] GC(14) Pause Young (Normal) (G1 Evacuation Pause) 678M->93M(1024M) 64.261ms
[2023-06-24T17:36:36.940+0000][64][info ][gc,cpu      ] GC(14) User=0.25s Sys=0.00s Real=0.07s
[2023-06-24T17:36:36.941+0000][64][info ][safepoint   ] Safepoint "G1CollectForAllocation", Time since last: 78229956577 ns, Reaching safepoint: 71666 ns, Cleanup: 85375 ns, At safepoint: 65192875 ns, Total: 65349916 ns
[2023-06-24T18:09:27.332+0000][64][info ][safepoint   ] Safepoint "Cleanup", Time since last: 1970399481563 ns, Reaching safepoint: 208666 ns, Cleanup: 547417 ns, At safepoint: 43917 ns, Total: 800000 ns
[2023-06-24T18:19:08.554+0000][64][info ][safepoint   ] Safepoint "Cleanup", Time since last: 581242332140 ns, Reaching safepoint: 223208 ns, Cleanup: 533709 ns, At safepoint: 46750 ns, Total: 803667 ns
[2023-06-24T18:19:20.592+0000][64][info ][safepoint   ] Safepoint "Cleanup", Time since last: 12037731755 ns, Reaching safepoint: 65792 ns, Cleanup: 170042 ns, At safepoint: 14000 ns, Total: 249834 ns
[2023-06-24T18:23:26.587+0000][64][info ][safepoint   ] Safepoint "Cleanup", Time since last: 245993738237 ns, Reaching safepoint: 244167 ns, Cleanup: 192542 ns, At safepoint: 18583 ns, Total: 455292 ns
[2023-06-24T18:37:27.966+0000][64][info ][safepoint   ] Safepoint "Cleanup", Time since last: 841385663260 ns, Reaching safepoint: 267500 ns, Cleanup: 195792 ns, At safepoint: 10416 ns, Total: 473708 ns
[2023-06-24T18:37:39.012+0000][64][info ][safepoint   ] Safepoint "Cleanup", Time since last: 11040660463 ns, Reaching safepoint: 230792 ns, Cleanup: 212375 ns, At safepoint: 22708 ns, Total: 465875 ns
[2023-06-24T18:55:39.131+0000][64][info ][safepoint   ] Safepoint "Cleanup", Time since last: 1080108093909 ns, Reaching safepoint: 301625 ns, Cleanup: 190750 ns, At safepoint: 22833 ns, Total: 515208 ns
[2023-06-24T19:17:09.037+0000][64][info ][safepoint   ] Safepoint "Cleanup", Time since last: 1289878508255 ns, Reaching safepoint: 311667 ns, Cleanup: 210083 ns, At safepoint: 18709 ns, Total: 540459 ns
[2023-06-24T19:23:09.492+0000][64][info ][safepoint   ] Safepoint "Cleanup", Time since last: 360448979663 ns, Reaching safepoint: 247292 ns, Cleanup: 196291 ns, At safepoint: 36917 ns, Total: 480500 ns
[2023-06-24T19:53:57.633+0000][64][info ][safepoint   ] Safepoint "Cleanup", Time since last: 1848143599300 ns, Reaching safepoint: 159917 ns, Cleanup: 184916 ns, At safepoint: 23959 ns, Total: 368792 ns
[2023-06-24T20:03:10.879+0000][64][info ][safepoint   ] Safepoint "Cleanup", Time since last: 553249995960 ns, Reaching safepoint: 264458 ns, Cleanup: 343792 ns, At safepoint: 32458 ns, Total: 640708 ns
[2023-06-24T20:21:41.033+0000][64][info ][safepoint   ] Safepoint "Cleanup", Time since last: 1110154046504 ns, Reaching safepoint: 258750 ns, Cleanup: 201167 ns, At safepoint: 24458 ns, Total: 484375 ns
[2023-06-24T20:25:27.535+0000][64][info ][safepoint   ] Safepoint "Cleanup", Time since last: 226509105437 ns, Reaching safepoint: 59291 ns, Cleanup: 161209 ns, At safepoint: 13458 ns, Total: 233958 ns
[2023-06-24T20:26:40.671+0000][64][info ][safepoint   ] Safepoint "Cleanup", Time since last: 73128410533 ns, Reaching safepoint: 262417 ns, Cleanup: 136875 ns, At safepoint: 45833 ns, Total: 445125 ns
[2023-06-24T20:27:57.856+0000][64][info ][safepoint   ] Safepoint "Cleanup", Time since last: 77183319868 ns, Reaching safepoint: 379375 ns, Cleanup: 226459 ns, At safepoint: 14458 ns, Total: 620292 ns
[2023-06-24T20:28:10.877+0000][64][info ][safepoint   ] Safepoint "Cleanup", Time since last: 13020993798 ns, Reaching safepoint: 142708 ns, Cleanup: 516667 ns, At safepoint: 13708 ns, Total: 673083 ns
[2023-06-24T20:29:41.018+0000][64][info ][safepoint   ] Safepoint "Cleanup", Time since last: 90141027875 ns, Reaching safepoint: 235708 ns, Cleanup: 141625 ns, At safepoint: 9792 ns, Total: 387125 ns
[2023-06-24T20:29:52.027+0000][64][info ][safepoint   ] Safepoint "Cleanup", Time since last: 11008331713 ns, Reaching safepoint: 56750 ns, Cleanup: 113959 ns, At safepoint: 10958 ns, Total: 181667 ns
[2023-06-24T20:30:58.151+0000][64][info ][safepoint   ] Safepoint "Cleanup", Time since last: 66123292405 ns, Reaching safepoint: 240583 ns, Cleanup: 223250 ns, At safepoint: 10250 ns, Total: 474083 ns
[2023-06-24T20:31:11.167+0000][64][info ][safepoint   ] Safepoint "Cleanup", Time since last: 13022483547 ns, Reaching safepoint: 256167 ns, Cleanup: 186833 ns, At safepoint: 21667 ns, Total: 464667 ns
[2023-06-24T20:31:28.218+0000][64][info ][safepoint   ] Safepoint "Cleanup", Time since last: 17050856841 ns, Reaching safepoint: 68542 ns, Cleanup: 204000 ns, At safepoint: 13583 ns, Total: 286125 ns
[2023-06-24T20:33:57.482+0000][64][info ][safepoint   ] Safepoint "Cleanup", Time since last: 149256769318 ns, Reaching safepoint: 197291 ns, Cleanup: 148167 ns, At safepoint: 9042 ns, Total: 354500 ns
[2023-06-24T20:34:27.551+0000][64][info ][safepoint   ] Safepoint "Cleanup", Time since last: 30068153138 ns, Reaching safepoint: 253958 ns, Cleanup: 154375 ns, At safepoint: 24709 ns, Total: 433042 ns
[2023-06-24T20:49:41.265+0000][64][info ][safepoint   ] Safepoint "Cleanup", Time since last: 913728856330 ns, Reaching safepoint: 213959 ns, Cleanup: 185166 ns, At safepoint: 22625 ns, Total: 421750 ns
[2023-06-24T20:50:41.446+0000][64][info ][safepoint   ] Safepoint "Cleanup", Time since last: 60179407153 ns, Reaching safepoint: 200083 ns, Cleanup: 764709 ns, At safepoint: 40625 ns, Total: 1005417 ns
[2023-06-24T20:51:41.734+0000][64][info ][safepoint   ] Safepoint "Cleanup", Time since last: 60286884944 ns, Reaching safepoint: 274834 ns, Cleanup: 194916 ns, At safepoint: 23334 ns, Total: 493084 ns
[2023-06-24T20:52:02.833+0000][64][info ][safepoint   ] Safepoint "Cleanup", Time since last: 21098453010 ns, Reaching safepoint: 282708 ns, Cleanup: 179750 ns, At safepoint: 90583 ns, Total: 553041 ns
[2023-06-24T20:53:13.022+0000][64][info ][safepoint   ] Safepoint "Cleanup", Time since last: 70197950324 ns, Reaching safepoint: 201625 ns, Cleanup: 221708 ns, At safepoint: 10834 ns, Total: 434167 ns
[2023-06-24T21:14:41.813+0000][64][info ][safepoint   ] Safepoint "Cleanup", Time since last: 1288788030210 ns, Reaching safepoint: 357917 ns, Cleanup: 245875 ns, At safepoint: 25250 ns, Total: 629042 ns
[2023-06-24T22:05:20.027+0000][64][info ][safepoint   ] Safepoint "Cleanup", Time since last: 3038202058260 ns, Reaching safepoint: 147583 ns, Cleanup: 175000 ns, At safepoint: 250708 ns, Total: 573291 ns
[2023-06-24T22:16:43.238+0000][64][info ][safepoint   ] Safepoint "Cleanup", Time since last: 683204777186 ns, Reaching safepoint: 58791 ns, Cleanup: 322042 ns, At safepoint: 197833 ns, Total: 578666 ns
[2023-06-24T22:45:19.647+0000][64][info ][safepoint   ] Safepoint "Cleanup", Time since last: 1716458607408 ns, Reaching safepoint: 66666 ns, Cleanup: 498625 ns, At safepoint: 172375 ns, Total: 737666 ns
[2023-06-24T22:55:19.805+0000][64][info ][safepoint   ] Safepoint "Cleanup", Time since last: 600114512147 ns, Reaching safepoint: 70541 ns, Cleanup: 327250 ns, At safepoint: 30584 ns, Total: 428375 ns
[2023-06-24T23:08:59.265+0000][64][info ][safepoint   ] Safepoint "Cleanup", Time since last: 819448814080 ns, Reaching safepoint: 207375 ns, Cleanup: 159833 ns, At safepoint: 11875 ns, Total: 379083 ns
[2023-06-24T23:20:19.485+0000][64][info ][safepoint   ] Safepoint "Cleanup", Time since last: 680216565894 ns, Reaching safepoint: 47166 ns, Cleanup: 119042 ns, At safepoint: 10750 ns, Total: 176958 ns
[2023-06-24T23:20:44.524+0000][64][info ][safepoint   ] Safepoint "Cleanup", Time since last: 25038326345 ns, Reaching safepoint: 27792 ns, Cleanup: 164625 ns, At safepoint: 24875 ns, Total: 217292 ns
[2023-06-24T23:30:19.415+0000][64][info ][safepoint   ] Safepoint "Cleanup", Time since last: 574900612887 ns, Reaching safepoint: 47834 ns, Cleanup: 1031208 ns, At safepoint: 109625 ns, Total: 1188667 ns
[2023-06-24T23:38:59.644+0000][64][info ][gc,start    ] GC(15) Pause Young (Normal) (G1 Evacuation Pause)
[2023-06-24T23:38:59.649+0000][64][info ][gc,task     ] GC(15) Using 5 workers of 5 for evacuation
[2023-06-24T23:38:59.652+0000][64][debug][gc,age      ] GC(15) Desired survivor size 41943040 bytes, new threshold 15 (max threshold 15)
[2023-06-24T23:38:59.712+0000][64][info ][gc,phases   ] GC(15)   Pre Evacuate Collection Set: 1.4ms
[2023-06-24T23:38:59.713+0000][64][info ][gc,phases   ] GC(15)   Merge Heap Roots: 0.4ms
[2023-06-24T23:38:59.714+0000][64][info ][gc,phases   ] GC(15)   Evacuate Collection Set: 53.6ms
[2023-06-24T23:38:59.714+0000][64][info ][gc,phases   ] GC(15)   Post Evacuate Collection Set: 3.0ms
[2023-06-24T23:38:59.715+0000][64][info ][gc,phases   ] GC(15)   Other: 4.8ms
[2023-06-24T23:38:59.715+0000][64][trace][gc,age      ] GC(15) Age table with threshold 15 (max threshold 15)
[2023-06-24T23:38:59.716+0000][64][trace][gc,age      ] GC(15) - age   1:      26736 bytes,      26736 total
[2023-06-24T23:38:59.716+0000][64][trace][gc,age      ] GC(15) - age   2:      43720 bytes,      70456 total
[2023-06-24T23:38:59.717+0000][64][trace][gc,age      ] GC(15) - age   3:      44904 bytes,     115360 total
[2023-06-24T23:38:59.717+0000][64][trace][gc,age      ] GC(15) - age   4:    8594088 bytes,    8709448 total
[2023-06-24T23:38:59.717+0000][64][trace][gc,age      ] GC(15) - age   5:   15385632 bytes,   24095080 total
[2023-06-24T23:38:59.718+0000][64][info ][gc,heap     ] GC(15) Eden regions: 146->0(146)
[2023-06-24T23:38:59.718+0000][64][info ][gc,heap     ] GC(15) Survivor regions: 7->7(20)
[2023-06-24T23:38:59.719+0000][64][info ][gc,heap     ] GC(15) Old regions: 14->14
[2023-06-24T23:38:59.719+0000][64][info ][gc,heap     ] GC(15) Archive regions: 2->2
[2023-06-24T23:38:59.720+0000][64][info ][gc,heap     ] GC(15) Humongous regions: 2->2
[2023-06-24T23:38:59.720+0000][64][info ][gc,metaspace] GC(15) Metaspace: 116973K(120256K)->116973K(120256K) NonClass: 101028K(102784K)->101028K(102784K) Class: 15945K(17472K)->15945K(17472K)
[2023-06-24T23:38:59.720+0000][64][info ][gc          ] GC(15) Pause Young (Normal) (G1 Evacuation Pause) 677M->94M(1024M) 76.674ms
[2023-06-24T23:38:59.721+0000][64][info ][gc,cpu      ] GC(15) User=0.26s Sys=0.00s Real=0.07s
[2023-06-24T23:38:59.721+0000][64][info ][safepoint   ] Safepoint "G1CollectForAllocation", Time since last: 520227581319 ns, Reaching safepoint: 85333 ns, Cleanup: 149292 ns, At safepoint: 77790583 ns, Total: 78025208 ns
[2023-06-25T00:05:15.494+0000][64][info ][safepoint   ] Safepoint "Cleanup", Time since last: 1575759450508 ns, Reaching safepoint: 114792 ns, Cleanup: 117083 ns, At safepoint: 13250 ns, Total: 245125 ns
[2023-06-25T00:06:15.614+0000][64][info ][safepoint   ] Safepoint "Cleanup", Time since last: 60124765569 ns, Reaching safepoint: 252834 ns, Cleanup: 248708 ns, At safepoint: 25833 ns, Total: 527375 ns
[2023-06-25T00:27:46.299+0000][64][info ][safepoint   ] Safepoint "Cleanup", Time since last: 1290679045630 ns, Reaching safepoint: 161916 ns, Cleanup: 169959 ns, At safepoint: 10041 ns, Total: 341916 ns
[2023-06-25T00:30:19.606+0000][64][info ][safepoint   ] Safepoint "Cleanup", Time since last: 153347041945 ns, Reaching safepoint: 58333 ns, Cleanup: 143042 ns, At safepoint: 12166 ns, Total: 213541 ns
[2023-06-25T00:45:19.324+0000][64][info ][safepoint   ] Safepoint "Cleanup", Time since last: 899727398369 ns, Reaching safepoint: 54834 ns, Cleanup: 153666 ns, At safepoint: 142667 ns, Total: 351167 ns
[2023-06-25T01:02:16.270+0000][64][info ][safepoint   ] Safepoint "Cleanup", Time since last: 1016917556295 ns, Reaching safepoint: 205209 ns, Cleanup: 181166 ns, At safepoint: 72084 ns, Total: 458459 ns
[2023-06-25T01:05:19.020+0000][64][info ][safepoint   ] Safepoint "Cleanup", Time since last: 182747982375 ns, Reaching safepoint: 216333 ns, Cleanup: 138000 ns, At safepoint: 16792 ns, Total: 371125 ns
[2023-06-25T01:14:16.496+0000][64][info ][safepoint   ] Safepoint "Cleanup", Time since last: 537474497661 ns, Reaching safepoint: 144792 ns, Cleanup: 116458 ns, At safepoint: 17458 ns, Total: 278708 ns
[2023-06-25T01:25:03.567+0000][64][info ][safepoint   ] Safepoint "Cleanup", Time since last: 647068656340 ns, Reaching safepoint: 62083 ns, Cleanup: 328833 ns, At safepoint: 10459 ns, Total: 401375 ns
[2023-06-25T01:25:17.602+0000][64][info ][safepoint   ] Safepoint "Cleanup", Time since last: 14039684297 ns, Reaching safepoint: 120042 ns, Cleanup: 259916 ns, At safepoint: 14334 ns, Total: 394292 ns
[2023-06-25T01:25:19.609+0000][64][info ][safepoint   ] Safepoint "Cleanup", Time since last: 2006815876 ns, Reaching safepoint: 100083 ns, Cleanup: 365208 ns, At safepoint: 12084 ns, Total: 477375 ns
[2023-06-25T01:25:28.632+0000][64][info ][safepoint   ] Safepoint "Cleanup", Time since last: 9022299879 ns, Reaching safepoint: 64958 ns, Cleanup: 197459 ns, At safepoint: 12458 ns, Total: 274875 ns
[2023-06-25T01:25:30.639+0000][64][info ][safepoint   ] Safepoint "Cleanup", Time since last: 2006321042 ns, Reaching safepoint: 432542 ns, Cleanup: 168458 ns, At safepoint: 24042 ns, Total: 625042 ns
[2023-06-25T01:25:47.671+0000][64][info ][safepoint   ] Safepoint "Cleanup", Time since last: 17026578758 ns, Reaching safepoint: 64083 ns, Cleanup: 243458 ns, At safepoint: 11792 ns, Total: 319333 ns
[2023-06-25T01:35:00.710+0000][64][info ][safepoint   ] Safepoint "Cleanup", Time since last: 553089592128 ns, Reaching safepoint: 324833 ns, Cleanup: 228292 ns, At safepoint: 11250 ns, Total: 564375 ns
[2023-06-25T01:35:17.796+0000][64][info ][safepoint   ] Safepoint "Cleanup", Time since last: 17075356549 ns, Reaching safepoint: 225875 ns, Cleanup: 309084 ns, At safepoint: 31958 ns, Total: 566917 ns
[2023-06-25T01:37:17.168+0000][64][info ][safepoint   ] Safepoint "Cleanup", Time since last: 119375053679 ns, Reaching safepoint: 242833 ns, Cleanup: 219584 ns, At safepoint: 27458 ns, Total: 489875 ns
[2023-06-25T01:40:47.042+0000][64][info ][safepoint   ] Safepoint "Cleanup", Time since last: 209883126387 ns, Reaching safepoint: 96166 ns, Cleanup: 87292 ns, At safepoint: 11583 ns, Total: 195041 ns
[2023-06-25T01:44:48.008+0000][64][info ][safepoint   ] Safepoint "Cleanup", Time since last: 240968471818 ns, Reaching safepoint: 257375 ns, Cleanup: 236791 ns, At safepoint: 23125 ns, Total: 517291 ns
[2023-06-25T01:52:15.882+0000][64][info ][safepoint   ] Safepoint "Cleanup", Time since last: 447878767163 ns, Reaching safepoint: 334875 ns, Cleanup: 217042 ns, At safepoint: 25500 ns, Total: 577417 ns
[2023-06-25T01:53:03.051+0000][64][info ][safepoint   ] Safepoint "Cleanup", Time since last: 47170558896 ns, Reaching safepoint: 55416 ns, Cleanup: 147209 ns, At safepoint: 9916 ns, Total: 212541 ns
[2023-06-25T02:15:20.011+0000][64][info ][safepoint   ] Safepoint "Cleanup", Time since last: 1336955166111 ns, Reaching safepoint: 128875 ns, Cleanup: 162291 ns, At safepoint: 17667 ns, Total: 308833 ns
[2023-06-25T02:21:19.515+0000][64][info ][safepoint   ] Safepoint "Cleanup", Time since last: 359494304871 ns, Reaching safepoint: 55458 ns, Cleanup: 155167 ns, At safepoint: 10625 ns, Total: 221250 ns
[2023-06-25T02:26:19.791+0000][64][info ][safepoint   ] Safepoint "Cleanup", Time since last: 300283294471 ns, Reaching safepoint: 65083 ns, Cleanup: 323292 ns, At safepoint: 205625 ns, Total: 594000 ns
[2023-06-25T02:40:20.014+0000][64][info ][safepoint   ] Safepoint "Cleanup", Time since last: 840205651467 ns, Reaching safepoint: 70875 ns, Cleanup: 265375 ns, At safepoint: 396041 ns, Total: 732291 ns
[2023-06-25T02:59:31.092+0000][64][info ][safepoint   ] Safepoint "Cleanup", Time since last: 1151076158150 ns, Reaching safepoint: 241959 ns, Cleanup: 159875 ns, At safepoint: 23541 ns, Total: 425375 ns
[2023-06-25T03:04:55.825+0000][64][info ][safepoint   ] Safepoint "Cleanup", Time since last: 324726367232 ns, Reaching safepoint: 238875 ns, Cleanup: 191625 ns, At safepoint: 39208 ns, Total: 469708 ns
[2023-06-25T03:12:19.903+0000][64][info ][safepoint   ] Safepoint "Cleanup", Time since last: 444055800161 ns, Reaching safepoint: 350959 ns, Cleanup: 288791 ns, At safepoint: 43292 ns, Total: 683042 ns
[2023-06-25T03:19:20.015+0000][64][info ][safepoint   ] Safepoint "Cleanup", Time since last: 420113757317 ns, Reaching safepoint: 141917 ns, Cleanup: 361750 ns, At safepoint: 33667 ns, Total: 537334 ns
[2023-06-25T03:28:20.018+0000][64][info ][safepoint   ] Safepoint "Cleanup", Time since last: 539992608621 ns, Reaching safepoint: 245166 ns, Cleanup: 223375 ns, At safepoint: 27375 ns, Total: 495916 ns
[2023-06-25T03:36:49.546+0000][64][info ][safepoint   ] Safepoint "Cleanup", Time since last: 509556485731 ns, Reaching safepoint: 163042 ns, Cleanup: 149583 ns, At safepoint: 11459 ns, Total: 324084 ns
[2023-06-25T03:47:50.156+0000][64][info ][safepoint   ] Safepoint "Cleanup", Time since last: 660610310468 ns, Reaching safepoint: 470250 ns, Cleanup: 230667 ns, At safepoint: 27583 ns, Total: 728500 ns
[2023-06-25T03:52:20.660+0000][64][info ][safepoint   ] Safepoint "Cleanup", Time since last: 270503028124 ns, Reaching safepoint: 127167 ns, Cleanup: 172000 ns, At safepoint: 22042 ns, Total: 321209 ns
[2023-06-25T04:24:21.536+0000][64][info ][safepoint   ] Safepoint "Cleanup", Time since last: 1920897944545 ns, Reaching safepoint: 295083 ns, Cleanup: 333500 ns, At safepoint: 26750 ns, Total: 655333 ns
[2023-06-25T04:31:21.013+0000][64][info ][safepoint   ] Safepoint "Cleanup", Time since last: 419472731898 ns, Reaching safepoint: 64709 ns, Cleanup: 161250 ns, At safepoint: 8541 ns, Total: 234500 ns
[2023-06-25T04:31:51.062+0000][64][info ][safepoint   ] Safepoint "Cleanup", Time since last: 30041475598 ns, Reaching safepoint: 152125 ns, Cleanup: 124000 ns, At safepoint: 8000 ns, Total: 284125 ns
[2023-06-25T04:32:02.085+0000][64][info ][safepoint   ] Safepoint "Cleanup", Time since last: 11022307422 ns, Reaching safepoint: 64666 ns, Cleanup: 195709 ns, At safepoint: 12416 ns, Total: 272791 ns
[2023-06-25T04:32:51.264+0000][64][info ][safepoint   ] Safepoint "Cleanup", Time since last: 49178736939 ns, Reaching safepoint: 243666 ns, Cleanup: 187500 ns, At safepoint: 22084 ns, Total: 453250 ns
[2023-06-25T04:33:21.364+0000][64][info ][safepoint   ] Safepoint "Cleanup", Time since last: 30107777055 ns, Reaching safepoint: 240125 ns, Cleanup: 215291 ns, At safepoint: 26125 ns, Total: 481541 ns
[2023-06-25T04:48:51.889+0000][64][info ][safepoint   ] Safepoint "Cleanup", Time since last: 930519297881 ns, Reaching safepoint: 251292 ns, Cleanup: 336833 ns, At safepoint: 44667 ns, Total: 632792 ns
[2023-06-25T05:01:02.579+0000][64][info ][safepoint   ] Safepoint "Cleanup", Time since last: 730660160916 ns, Reaching safepoint: 216500 ns, Cleanup: 258958 ns, At safepoint: 22125 ns, Total: 497583 ns
[2023-06-25T05:02:52.017+0000][64][info ][safepoint   ] Safepoint "Cleanup", Time since last: 109436901675 ns, Reaching safepoint: 216375 ns, Cleanup: 227833 ns, At safepoint: 11875 ns, Total: 456083 ns
[2023-06-25T05:03:52.165+0000][64][info ][safepoint   ] Safepoint "Cleanup", Time since last: 60146279569 ns, Reaching safepoint: 249459 ns, Cleanup: 395000 ns, At safepoint: 30250 ns, Total: 674709 ns
[2023-06-25T05:35:18.681+0000][64][info ][safepoint   ] Safepoint "Cleanup", Time since last: 1886508490317 ns, Reaching safepoint: 262875 ns, Cleanup: 241292 ns, At safepoint: 32916 ns, Total: 537083 ns
[2023-06-25T05:35:33.257+0000][64][info ][gc,start    ] GC(16) Pause Young (Normal) (G1 Evacuation Pause)
[2023-06-25T05:35:33.259+0000][64][info ][gc,task     ] GC(16) Using 5 workers of 5 for evacuation
[2023-06-25T05:35:33.260+0000][64][debug][gc,age      ] GC(16) Desired survivor size 41943040 bytes, new threshold 15 (max threshold 15)
[2023-06-25T05:35:33.302+0000][64][info ][gc,phases   ] GC(16)   Pre Evacuate Collection Set: 0.6ms
[2023-06-25T05:35:33.303+0000][64][info ][gc,phases   ] GC(16)   Merge Heap Roots: 0.4ms
[2023-06-25T05:35:33.303+0000][64][info ][gc,phases   ] GC(16)   Evacuate Collection Set: 37.7ms
[2023-06-25T05:35:33.304+0000][64][info ][gc,phases   ] GC(16)   Post Evacuate Collection Set: 2.8ms
[2023-06-25T05:35:33.304+0000][64][info ][gc,phases   ] GC(16)   Other: 2.0ms
[2023-06-25T05:35:33.305+0000][64][trace][gc,age      ] GC(16) Age table with threshold 15 (max threshold 15)
[2023-06-25T05:35:33.305+0000][64][trace][gc,age      ] GC(16) - age   1:     333568 bytes,     333568 total
[2023-06-25T05:35:33.306+0000][64][trace][gc,age      ] GC(16) - age   2:       8864 bytes,     342432 total
[2023-06-25T05:35:33.306+0000][64][trace][gc,age      ] GC(16) - age   3:      43544 bytes,     385976 total
[2023-06-25T05:35:33.306+0000][64][trace][gc,age      ] GC(16) - age   4:      44736 bytes,     430712 total
[2023-06-25T05:35:33.307+0000][64][trace][gc,age      ] GC(16) - age   5:    8592136 bytes,    9022848 total
[2023-06-25T05:35:33.307+0000][64][trace][gc,age      ] GC(16) - age   6:   15380392 bytes,   24403240 total
[2023-06-25T05:35:33.307+0000][64][info ][gc,heap     ] GC(16) Eden regions: 146->0(146)
[2023-06-25T05:35:33.308+0000][64][info ][gc,heap     ] GC(16) Survivor regions: 7->7(20)
[2023-06-25T05:35:33.308+0000][64][info ][gc,heap     ] GC(16) Old regions: 14->14
[2023-06-25T05:35:33.308+0000][64][info ][gc,heap     ] GC(16) Archive regions: 2->2
[2023-06-25T05:35:33.308+0000][64][info ][gc,heap     ] GC(16) Humongous regions: 2->2
[2023-06-25T05:35:33.309+0000][64][info ][gc,metaspace] GC(16) Metaspace: 117698K(120960K)->117698K(120960K) NonClass: 101625K(103360K)->101625K(103360K) Class: 16073K(17600K)->16073K(17600K)
[2023-06-25T05:35:33.309+0000][64][info ][gc          ] GC(16) Pause Young (Normal) (G1 Evacuation Pause) 678M->93M(1024M) 51.898ms
[2023-06-25T05:35:33.309+0000][64][info ][gc,cpu      ] GC(16) User=0.19s Sys=0.00s Real=0.05s
[2023-06-25T05:35:33.310+0000][64][info ][safepoint   ] Safepoint "G1CollectForAllocation", Time since last: 14582410506 ns, Reaching safepoint: 37167 ns, Cleanup: 61917 ns, At safepoint: 52811292 ns, Total: 52910376 ns
[2023-06-25T05:37:22.825+0000][64][info ][safepoint   ] Safepoint "Cleanup", Time since last: 109512674425 ns, Reaching safepoint: 288666 ns, Cleanup: 339167 ns, At safepoint: 32750 ns, Total: 660583 ns
[2023-06-25T05:39:23.091+0000][64][info ][safepoint   ] Safepoint "Cleanup", Time since last: 120268247597 ns, Reaching safepoint: 255291 ns, Cleanup: 285709 ns, At safepoint: 20250 ns, Total: 561250 ns
[2023-06-25T05:39:52.187+0000][64][info ][safepoint   ] Safepoint "Cleanup", Time since last: 29096158222 ns, Reaching safepoint: 273416 ns, Cleanup: 143875 ns, At safepoint: 28084 ns, Total: 445375 ns
[2023-06-25T05:46:22.693+0000][64][info ][safepoint   ] Safepoint "Cleanup", Time since last: 390494231510 ns, Reaching safepoint: 67333 ns, Cleanup: 300208 ns, At safepoint: 241209 ns, Total: 608750 ns
[2023-06-25T06:10:53.451+0000][64][info ][safepoint   ] Safepoint "Cleanup", Time since last: 1470774206834 ns, Reaching safepoint: 250375 ns, Cleanup: 188667 ns, At safepoint: 24208 ns, Total: 463250 ns
[2023-06-25T06:11:36.608+0000][64][info ][safepoint   ] Safepoint "Cleanup", Time since last: 43162154437 ns, Reaching safepoint: 72167 ns, Cleanup: 258833 ns, At safepoint: 10500 ns, Total: 341500 ns
[2023-06-25T06:11:53.690+0000][64][info ][safepoint   ] Safepoint "Cleanup", Time since last: 17076242882 ns, Reaching safepoint: 263125 ns, Cleanup: 201209 ns, At safepoint: 21666 ns, Total: 486000 ns
[2023-06-25T07:02:54.639+0000][64][info ][safepoint   ] Safepoint "Cleanup", Time since last: 3060954756847 ns, Reaching safepoint: 218625 ns, Cleanup: 381875 ns, At safepoint: 40208 ns, Total: 640708 ns
[2023-06-25T08:48:27.039+0000][64][info ][safepoint   ] Safepoint "Cleanup", Time since last: 6332408262306 ns, Reaching safepoint: 440750 ns, Cleanup: 195292 ns, At safepoint: 23250 ns, Total: 659292 ns
[2023-06-25T10:40:21.034+0000][64][info ][safepoint   ] Safepoint "Cleanup", Time since last: 6714023412803 ns, Reaching safepoint: 305458 ns, Cleanup: 390417 ns, At safepoint: 129167 ns, Total: 825042 ns
[2023-06-25T11:09:06.193+0000][64][info ][safepoint   ] Safepoint "Cleanup", Time since last: 1725176965240 ns, Reaching safepoint: 234208 ns, Cleanup: 331959 ns, At safepoint: 12500 ns, Total: 578667 ns
[2023-06-25T11:10:20.519+0000][64][info ][safepoint   ] Safepoint "Cleanup", Time since last: 74329789784 ns, Reaching safepoint: 128333 ns, Cleanup: 360667 ns, At safepoint: 191417 ns, Total: 680417 ns
[2023-06-25T11:38:41.654+0000][64][info ][gc,start    ] GC(17) Pause Young (Normal) (G1 Evacuation Pause)
[2023-06-25T11:38:41.660+0000][64][info ][gc,task     ] GC(17) Using 5 workers of 5 for evacuation
[2023-06-25T11:38:41.662+0000][64][debug][gc,age      ] GC(17) Desired survivor size 41943040 bytes, new threshold 15 (max threshold 15)
[2023-06-25T11:38:41.726+0000][64][info ][gc,phases   ] GC(17)   Pre Evacuate Collection Set: 1.2ms
[2023-06-25T11:38:41.727+0000][64][info ][gc,phases   ] GC(17)   Merge Heap Roots: 0.6ms
[2023-06-25T11:38:41.727+0000][64][info ][gc,phases   ] GC(17)   Evacuate Collection Set: 58.0ms
[2023-06-25T11:38:41.728+0000][64][info ][gc,phases   ] GC(17)   Post Evacuate Collection Set: 3.0ms
[2023-06-25T11:38:41.728+0000][64][info ][gc,phases   ] GC(17)   Other: 3.6ms
[2023-06-25T11:38:41.728+0000][64][trace][gc,age      ] GC(17) Age table with threshold 15 (max threshold 15)
[2023-06-25T11:38:41.729+0000][64][trace][gc,age      ] GC(17) - age   1:      18616 bytes,      18616 total
[2023-06-25T11:38:41.729+0000][64][trace][gc,age      ] GC(17) - age   2:     300592 bytes,     319208 total
[2023-06-25T11:38:41.730+0000][64][trace][gc,age      ] GC(17) - age   3:       8504 bytes,     327712 total
[2023-06-25T11:38:41.730+0000][64][trace][gc,age      ] GC(17) - age   4:      43512 bytes,     371224 total
[2023-06-25T11:38:41.730+0000][64][trace][gc,age      ] GC(17) - age   5:      44736 bytes,     415960 total
[2023-06-25T11:38:41.731+0000][64][trace][gc,age      ] GC(17) - age   6:    8592136 bytes,    9008096 total
[2023-06-25T11:38:41.731+0000][64][trace][gc,age      ] GC(17) - age   7:   15380392 bytes,   24388488 total
[2023-06-25T11:38:41.732+0000][64][info ][gc,heap     ] GC(17) Eden regions: 146->0(146)
[2023-06-25T11:38:41.732+0000][64][info ][gc,heap     ] GC(17) Survivor regions: 7->7(20)
[2023-06-25T11:38:41.732+0000][64][info ][gc,heap     ] GC(17) Old regions: 14->14
[2023-06-25T11:38:41.733+0000][64][info ][gc,heap     ] GC(17) Archive regions: 2->2
[2023-06-25T11:38:41.733+0000][64][info ][gc,heap     ] GC(17) Humongous regions: 2->2
[2023-06-25T11:38:41.733+0000][64][info ][gc,metaspace] GC(17) Metaspace: 117704K(120960K)->117704K(120960K) NonClass: 101631K(103360K)->101631K(103360K) Class: 16073K(17600K)->16073K(17600K)
[2023-06-25T11:38:41.734+0000][64][info ][gc          ] GC(17) Pause Young (Normal) (G1 Evacuation Pause) 677M->94M(1024M) 80.386ms
[2023-06-25T11:38:41.734+0000][64][info ][gc,cpu      ] GC(17) User=0.29s Sys=0.00s Real=0.08s
[2023-06-25T11:38:41.735+0000][64][info ][safepoint   ] Safepoint "G1CollectForAllocation", Time since last: 1701130181149 ns, Reaching safepoint: 81875 ns, Cleanup: 200791 ns, At safepoint: 81429542 ns, Total: 81712208 ns
[2023-06-25T12:05:01.029+0000][64][info ][safepoint   ] Safepoint "Cleanup", Time since last: 1579276071595 ns, Reaching safepoint: 231375 ns, Cleanup: 141708 ns, At safepoint: 16375 ns, Total: 389458 ns
[2023-06-25T12:20:19.490+0000][64][info ][safepoint   ] Safepoint "Cleanup", Time since last: 918465515089 ns, Reaching safepoint: 202000 ns, Cleanup: 181208 ns, At safepoint: 11292 ns, Total: 394500 ns
[2023-06-25T13:40:20.251+0000][64][info ][safepoint   ] Safepoint "Cleanup", Time since last: 4800798706893 ns, Reaching safepoint: 71666 ns, Cleanup: 141792 ns, At safepoint: 86708 ns, Total: 300166 ns
[2023-06-25T14:27:34.176+0000][64][info ][safepoint   ] Safepoint "Cleanup", Time since last: 2833921982249 ns, Reaching safepoint: 347166 ns, Cleanup: 198625 ns, At safepoint: 31042 ns, Total: 576833 ns
[2023-06-25T15:56:36.841+0000][64][info ][safepoint   ] Safepoint "Cleanup", Time since last: 5342590099099 ns, Reaching safepoint: 89333 ns, Cleanup: 258334 ns, At safepoint: 267583 ns, Total: 615250 ns
[2023-06-25T17:20:20.457+0000][64][info ][safepoint   ] Safepoint "Cleanup", Time since last: 5023698179167 ns, Reaching safepoint: 53375 ns, Cleanup: 144125 ns, At safepoint: 88084 ns, Total: 285584 ns
[2023-06-25T17:40:38.408+0000][64][info ][gc,start    ] GC(18) Pause Young (Normal) (G1 Evacuation Pause)
[2023-06-25T17:40:38.409+0000][64][info ][gc,task     ] GC(18) Using 5 workers of 5 for evacuation
[2023-06-25T17:40:38.410+0000][64][debug][gc,age      ] GC(18) Desired survivor size 41943040 bytes, new threshold 15 (max threshold 15)
[2023-06-25T17:40:38.449+0000][64][info ][gc,phases   ] GC(18)   Pre Evacuate Collection Set: 0.5ms
[2023-06-25T17:40:38.450+0000][64][info ][gc,phases   ] GC(18)   Merge Heap Roots: 0.3ms
[2023-06-25T17:40:38.450+0000][64][info ][gc,phases   ] GC(18)   Evacuate Collection Set: 33.5ms
[2023-06-25T17:40:38.451+0000][64][info ][gc,phases   ] GC(18)   Post Evacuate Collection Set: 2.8ms
[2023-06-25T17:40:38.451+0000][64][info ][gc,phases   ] GC(18)   Other: 2.3ms
[2023-06-25T17:40:38.452+0000][64][trace][gc,age      ] GC(18) Age table with threshold 15 (max threshold 15)
[2023-06-25T17:40:38.452+0000][64][trace][gc,age      ] GC(18) - age   1:      22712 bytes,      22712 total
[2023-06-25T17:40:38.452+0000][64][trace][gc,age      ] GC(18) - age   2:        576 bytes,      23288 total
[2023-06-25T17:40:38.453+0000][64][trace][gc,age      ] GC(18) - age   3:     300416 bytes,     323704 total
[2023-06-25T17:40:38.453+0000][64][trace][gc,age      ] GC(18) - age   4:       8504 bytes,     332208 total
[2023-06-25T17:40:38.454+0000][64][trace][gc,age      ] GC(18) - age   5:      43512 bytes,     375720 total
[2023-06-25T17:40:38.454+0000][64][trace][gc,age      ] GC(18) - age   6:      44736 bytes,     420456 total
[2023-06-25T17:40:38.455+0000][64][trace][gc,age      ] GC(18) - age   7:    8592136 bytes,    9012592 total
[2023-06-25T17:40:38.455+0000][64][trace][gc,age      ] GC(18) - age   8:   15380392 bytes,   24392984 total
[2023-06-25T17:40:38.456+0000][64][info ][gc,heap     ] GC(18) Eden regions: 146->0(146)
[2023-06-25T17:40:38.456+0000][64][info ][gc,heap     ] GC(18) Survivor regions: 7->7(20)
[2023-06-25T17:40:38.457+0000][64][info ][gc,heap     ] GC(18) Old regions: 14->14
[2023-06-25T17:40:38.457+0000][64][info ][gc,heap     ] GC(18) Archive regions: 2->2
[2023-06-25T17:40:38.457+0000][64][info ][gc,heap     ] GC(18) Humongous regions: 2->2
[2023-06-25T17:40:38.458+0000][64][info ][gc,metaspace] GC(18) Metaspace: 117716K(120960K)->117716K(120960K) NonClass: 101643K(103360K)->101643K(103360K) Class: 16073K(17600K)->16073K(17600K)
[2023-06-25T17:40:38.459+0000][64][info ][gc          ] GC(18) Pause Young (Normal) (G1 Evacuation Pause) 678M->93M(1024M) 50.510ms
[2023-06-25T17:40:38.459+0000][64][info ][gc,cpu      ] GC(18) User=0.16s Sys=0.00s Real=0.05s
[2023-06-25T17:40:38.460+0000][64][info ][safepoint   ] Safepoint "G1CollectForAllocation", Time since last: 1217906851428 ns, Reaching safepoint: 19792 ns, Cleanup: 94667 ns, At safepoint: 51419208 ns, Total: 51533667 ns
[2023-06-25T18:57:10.773+0000][64][info ][safepoint   ] Safepoint "Cleanup", Time since last: 4592299475922 ns, Reaching safepoint: 233375 ns, Cleanup: 175584 ns, At safepoint: 22666 ns, Total: 431625 ns
[2023-06-25T18:57:40.934+0000][64][info ][safepoint   ] Safepoint "Cleanup", Time since last: 30167255431 ns, Reaching safepoint: 263041 ns, Cleanup: 205459 ns, At safepoint: 27541 ns, Total: 496041 ns
[2023-06-25T19:05:17.853+0000][64][info ][safepoint   ] Safepoint "Cleanup", Time since last: 456914610625 ns, Reaching safepoint: 268709 ns, Cleanup: 293833 ns, At safepoint: 17167 ns, Total: 579709 ns
[2023-06-25T19:05:40.940+0000][64][info ][safepoint   ] Safepoint "Cleanup", Time since last: 23093316385 ns, Reaching safepoint: 242084 ns, Cleanup: 377666 ns, At safepoint: 35834 ns, Total: 655584 ns
[2023-06-25T19:24:40.375+0000][64][info ][safepoint   ] Safepoint "Cleanup", Time since last: 1139428199685 ns, Reaching safepoint: 296375 ns, Cleanup: 319375 ns, At safepoint: 192209 ns, Total: 807959 ns
[2023-06-25T19:48:11.759+0000][64][info ][safepoint   ] Safepoint "Cleanup", Time since last: 1411432802516 ns, Reaching safepoint: 849917 ns, Cleanup: 305833 ns, At safepoint: 43792 ns, Total: 1199542 ns
[2023-06-25T20:01:41.552+0000][64][info ][safepoint   ] Safepoint "Cleanup", Time since last: 809803912286 ns, Reaching safepoint: 76458 ns, Cleanup: 62042 ns, At safepoint: 9208 ns, Total: 147708 ns
[2023-06-25T20:03:41.851+0000][64][info ][safepoint   ] Safepoint "Cleanup", Time since last: 120304951180 ns, Reaching safepoint: 325666 ns, Cleanup: 190459 ns, At safepoint: 35875 ns, Total: 552000 ns
[2023-06-25T20:04:11.906+0000][64][info ][safepoint   ] Safepoint "Cleanup", Time since last: 30048612680 ns, Reaching safepoint: 309208 ns, Cleanup: 221000 ns, At safepoint: 30292 ns, Total: 560500 ns
[2023-06-25T20:47:43.642+0000][64][info ][safepoint   ] Safepoint "Cleanup", Time since last: 2611721151817 ns, Reaching safepoint: 266875 ns, Cleanup: 220750 ns, At safepoint: 26083 ns, Total: 513708 ns
[2023-06-25T21:07:43.822+0000][64][info ][safepoint   ] Safepoint "Cleanup", Time since last: 1200177752090 ns, Reaching safepoint: 279625 ns, Cleanup: 308375 ns, At safepoint: 38583 ns, Total: 626583 ns
[2023-06-25T21:09:43.291+0000][64][info ][safepoint   ] Safepoint "Cleanup", Time since last: 119445264972 ns, Reaching safepoint: 364625 ns, Cleanup: 291792 ns, At safepoint: 54583 ns, Total: 711000 ns
[2023-06-25T21:10:13.417+0000][64][info ][safepoint   ] Safepoint "Cleanup", Time since last: 30119717431 ns, Reaching safepoint: 243041 ns, Cleanup: 296292 ns, At safepoint: 33667 ns, Total: 573000 ns
[2023-06-25T21:24:13.569+0000][64][info ][safepoint   ] Safepoint "Cleanup", Time since last: 840145666047 ns, Reaching safepoint: 239708 ns, Cleanup: 168750 ns, At safepoint: 26917 ns, Total: 435375 ns
[2023-06-25T21:50:14.702+0000][64][info ][safepoint   ] Safepoint "Cleanup", Time since last: 1561164599293 ns, Reaching safepoint: 345334 ns, Cleanup: 230208 ns, At safepoint: 37583 ns, Total: 613125 ns
[2023-06-25T22:11:12.365+0000][64][info ][safepoint   ] Safepoint "Cleanup", Time since last: 1257669450072 ns, Reaching safepoint: 279667 ns, Cleanup: 386750 ns, At safepoint: 31375 ns, Total: 697792 ns
[2023-06-25T22:13:45.021+0000][64][info ][safepoint   ] Safepoint "Cleanup", Time since last: 152661943485 ns, Reaching safepoint: 147292 ns, Cleanup: 292583 ns, At safepoint: 23250 ns, Total: 463125 ns
[2023-06-25T22:15:42.544+0000][64][info ][safepoint   ] Safepoint "Cleanup", Time since last: 117518096847 ns, Reaching safepoint: 61166 ns, Cleanup: 229292 ns, At safepoint: 202583 ns, Total: 493041 ns
[2023-06-25T22:16:12.714+0000][64][info ][safepoint   ] Safepoint "Cleanup", Time since last: 30162516972 ns, Reaching safepoint: 294917 ns, Cleanup: 189875 ns, At safepoint: 23958 ns, Total: 508750 ns
[2023-06-25T23:00:21.007+0000][64][info ][safepoint   ] Safepoint "Cleanup", Time since last: 2648293708912 ns, Reaching safepoint: 120459 ns, Cleanup: 154083 ns, At safepoint: 11167 ns, Total: 285709 ns
[2023-06-25T23:14:12.924+0000][64][info ][safepoint   ] Safepoint "Cleanup", Time since last: 831924761381 ns, Reaching safepoint: 136750 ns, Cleanup: 160375 ns, At safepoint: 19667 ns, Total: 316792 ns
[2023-06-25T23:22:15.726+0000][64][info ][safepoint   ] Safepoint "Cleanup", Time since last: 482797945761 ns, Reaching safepoint: 276834 ns, Cleanup: 346041 ns, At safepoint: 33334 ns, Total: 656209 ns
[2023-06-25T23:36:46.867+0000][64][info ][safepoint   ] Safepoint "Cleanup", Time since last: 871142525061 ns, Reaching safepoint: 266709 ns, Cleanup: 243916 ns, At safepoint: 76417 ns, Total: 587042 ns
[2023-06-25T23:40:16.411+0000][64][info ][gc,start    ] GC(19) Pause Young (Normal) (G1 Evacuation Pause)
[2023-06-25T23:40:16.415+0000][64][info ][gc,task     ] GC(19) Using 5 workers of 5 for evacuation
[2023-06-25T23:40:16.416+0000][64][debug][gc,age      ] GC(19) Desired survivor size 41943040 bytes, new threshold 15 (max threshold 15)
[2023-06-25T23:40:16.476+0000][64][info ][gc,phases   ] GC(19)   Pre Evacuate Collection Set: 1.0ms
[2023-06-25T23:40:16.477+0000][64][info ][gc,phases   ] GC(19)   Merge Heap Roots: 0.4ms
[2023-06-25T23:40:16.478+0000][64][info ][gc,phases   ] GC(19)   Evacuate Collection Set: 53.9ms
[2023-06-25T23:40:16.478+0000][64][info ][gc,phases   ] GC(19)   Post Evacuate Collection Set: 2.9ms
[2023-06-25T23:40:16.478+0000][64][info ][gc,phases   ] GC(19)   Other: 3.3ms
[2023-06-25T23:40:16.479+0000][64][trace][gc,age      ] GC(19) Age table with threshold 15 (max threshold 15)
[2023-06-25T23:40:16.479+0000][64][trace][gc,age      ] GC(19) - age   1:      22376 bytes,      22376 total
[2023-06-25T23:40:16.480+0000][64][trace][gc,age      ] GC(19) - age   2:       1128 bytes,      23504 total
[2023-06-25T23:40:16.480+0000][64][trace][gc,age      ] GC(19) - age   3:        216 bytes,      23720 total
[2023-06-25T23:40:16.481+0000][64][trace][gc,age      ] GC(19) - age   4:     300416 bytes,     324136 total
[2023-06-25T23:40:16.481+0000][64][trace][gc,age      ] GC(19) - age   5:       8504 bytes,     332640 total
[2023-06-25T23:40:16.481+0000][64][trace][gc,age      ] GC(19) - age   6:      43512 bytes,     376152 total
[2023-06-25T23:40:16.482+0000][64][trace][gc,age      ] GC(19) - age   7:      44736 bytes,     420888 total
[2023-06-25T23:40:16.482+0000][64][trace][gc,age      ] GC(19) - age   8:    8592136 bytes,    9013024 total
[2023-06-25T23:40:16.483+0000][64][trace][gc,age      ] GC(19) - age   9:   15380392 bytes,   24393416 total
[2023-06-25T23:40:16.483+0000][64][info ][gc,heap     ] GC(19) Eden regions: 146->0(146)
[2023-06-25T23:40:16.484+0000][64][info ][gc,heap     ] GC(19) Survivor regions: 7->7(20)
[2023-06-25T23:40:16.484+0000][64][info ][gc,heap     ] GC(19) Old regions: 14->14
[2023-06-25T23:40:16.484+0000][64][info ][gc,heap     ] GC(19) Archive regions: 2->2
[2023-06-25T23:40:16.485+0000][64][info ][gc,heap     ] GC(19) Humongous regions: 2->2
[2023-06-25T23:40:16.485+0000][64][info ][gc,metaspace] GC(19) Metaspace: 117766K(120960K)->117766K(120960K) NonClass: 101692K(103360K)->101692K(103360K) Class: 16073K(17600K)->16073K(17600K)
[2023-06-25T23:40:16.485+0000][64][info ][gc          ] GC(19) Pause Young (Normal) (G1 Evacuation Pause) 677M->92M(1024M) 74.446ms
[2023-06-25T23:40:16.486+0000][64][info ][gc,cpu      ] GC(19) User=0.26s Sys=0.00s Real=0.08s
[2023-06-25T23:40:16.486+0000][64][info ][safepoint   ] Safepoint "G1CollectForAllocation", Time since last: 209543017595 ns, Reaching safepoint: 60792 ns, Cleanup: 153833 ns, At safepoint: 75453000 ns, Total: 75667625 ns
[2023-06-25T23:50:46.798+0000][64][info ][safepoint   ] Safepoint "Cleanup", Time since last: 630311425037 ns, Reaching safepoint: 252000 ns, Cleanup: 173167 ns, At safepoint: 24417 ns, Total: 449584 ns
[2023-06-25T23:51:16.922+0000][64][info ][safepoint   ] Safepoint "Cleanup", Time since last: 30125592972 ns, Reaching safepoint: 132041 ns, Cleanup: 204375 ns, At safepoint: 24167 ns, Total: 360583 ns
[2023-06-26T00:07:17.227+0000][64][info ][safepoint   ] Safepoint "Cleanup", Time since last: 960304066981 ns, Reaching safepoint: 276375 ns, Cleanup: 488084 ns, At safepoint: 42416 ns, Total: 806875 ns
[2023-06-26T00:12:15.149+0000][64][info ][safepoint   ] Safepoint "Cleanup", Time since last: 297927792345 ns, Reaching safepoint: 136166 ns, Cleanup: 173250 ns, At safepoint: 10292 ns, Total: 319708 ns
[2023-06-26T00:20:20.945+0000][64][info ][safepoint   ] Safepoint "Cleanup", Time since last: 485790986429 ns, Reaching safepoint: 55791 ns, Cleanup: 149209 ns, At safepoint: 90208 ns, Total: 295208 ns
[2023-06-26T00:25:17.998+0000][64][info ][safepoint   ] Safepoint "Cleanup", Time since last: 297052802468 ns, Reaching safepoint: 259542 ns, Cleanup: 211833 ns, At safepoint: 24917 ns, Total: 496292 ns
[2023-06-26T00:25:20.007+0000][64][info ][safepoint   ] Safepoint "Cleanup", Time since last: 2009098584 ns, Reaching safepoint: 67709 ns, Cleanup: 247291 ns, At safepoint: 14292 ns, Total: 329292 ns
[2023-06-26T00:52:49.011+0000][64][info ][safepoint   ] Safepoint "Cleanup", Time since last: 1648971881581 ns, Reaching safepoint: 222542 ns, Cleanup: 171167 ns, At safepoint: 20375 ns, Total: 414084 ns
[2023-06-26T01:02:00.017+0000][64][info ][safepoint   ] Safepoint "Cleanup", Time since last: 551008928791 ns, Reaching safepoint: 19625 ns, Cleanup: 90167 ns, At safepoint: 4666 ns, Total: 114458 ns
[2023-06-26T01:30:00.455+0000][64][info ][safepoint   ] Safepoint "Cleanup", Time since last: 1680437943181 ns, Reaching safepoint: 273667 ns, Cleanup: 309208 ns, At safepoint: 14792 ns, Total: 597667 ns
[2023-06-26T02:03:19.886+0000][64][info ][safepoint   ] Safepoint "Cleanup", Time since last: 1999441713332 ns, Reaching safepoint: 186625 ns, Cleanup: 205125 ns, At safepoint: 13334 ns, Total: 405084 ns
[2023-06-26T02:06:50.711+0000][64][info ][safepoint   ] Safepoint "Cleanup", Time since last: 210824316178 ns, Reaching safepoint: 504583 ns, Cleanup: 270583 ns, At safepoint: 43667 ns, Total: 818833 ns
[2023-06-26T02:13:50.332+0000][64][info ][safepoint   ] Safepoint "Cleanup", Time since last: 419616091858 ns, Reaching safepoint: 304584 ns, Cleanup: 314291 ns, At safepoint: 32875 ns, Total: 651750 ns
[2023-06-26T02:14:50.550+0000][64][info ][safepoint   ] Safepoint "Cleanup", Time since last: 60225840069 ns, Reaching safepoint: 181084 ns, Cleanup: 243208 ns, At safepoint: 13208 ns, Total: 437500 ns
[2023-06-26T02:21:20.870+0000][64][info ][safepoint   ] Safepoint "Cleanup", Time since last: 390317072971 ns, Reaching safepoint: 292000 ns, Cleanup: 190666 ns, At safepoint: 11667 ns, Total: 494333 ns
[2023-06-26T02:23:50.428+0000][64][info ][safepoint   ] Safepoint "Cleanup", Time since last: 149558794692 ns, Reaching safepoint: 254792 ns, Cleanup: 166291 ns, At safepoint: 10584 ns, Total: 431667 ns
[2023-06-26T02:24:09.489+0000][64][info ][safepoint   ] Safepoint "Cleanup", Time since last: 19060530425 ns, Reaching safepoint: 226417 ns, Cleanup: 141208 ns, At safepoint: 185959 ns, Total: 553584 ns
[2023-06-26T03:28:22.556+0000][64][info ][safepoint   ] Safepoint "Cleanup", Time since last: 3853050335589 ns, Reaching safepoint: 442583 ns, Cleanup: 218583 ns, At safepoint: 13584 ns, Total: 674750 ns
[2023-06-26T03:30:52.012+0000][64][info ][safepoint   ] Safepoint "Cleanup", Time since last: 149459769901 ns, Reaching safepoint: 238666 ns, Cleanup: 178125 ns, At safepoint: 22334 ns, Total: 439125 ns
[2023-06-26T04:31:23.378+0000][64][info ][safepoint   ] Safepoint "Cleanup", Time since last: 3631371937404 ns, Reaching safepoint: 60417 ns, Cleanup: 236458 ns, At safepoint: 9625 ns, Total: 306500 ns
[2023-06-26T04:31:45.473+0000][64][info ][safepoint   ] Safepoint "Cleanup", Time since last: 22094640260 ns, Reaching safepoint: 176709 ns, Cleanup: 552958 ns, At safepoint: 13417 ns, Total: 743084 ns
[2023-06-26T05:40:21.186+0000][64][info ][gc,start    ] GC(20) Pause Young (Normal) (G1 Evacuation Pause)
[2023-06-26T05:40:21.189+0000][64][info ][gc,task     ] GC(20) Using 5 workers of 5 for evacuation
[2023-06-26T05:40:21.191+0000][64][debug][gc,age      ] GC(20) Desired survivor size 41943040 bytes, new threshold 15 (max threshold 15)
[2023-06-26T05:40:21.247+0000][64][info ][gc,phases   ] GC(20)   Pre Evacuate Collection Set: 1.2ms
[2023-06-26T05:40:21.248+0000][64][info ][gc,phases   ] GC(20)   Merge Heap Roots: 0.7ms
[2023-06-26T05:40:21.248+0000][64][info ][gc,phases   ] GC(20)   Evacuate Collection Set: 49.9ms
[2023-06-26T05:40:21.249+0000][64][info ][gc,phases   ] GC(20)   Post Evacuate Collection Set: 2.6ms
[2023-06-26T05:40:21.249+0000][64][info ][gc,phases   ] GC(20)   Other: 3.3ms
[2023-06-26T05:40:21.250+0000][64][trace][gc,age      ] GC(20) Age table with threshold 15 (max threshold 15)
[2023-06-26T05:40:21.250+0000][64][trace][gc,age      ] GC(20) - age   1:      43144 bytes,      43144 total
[2023-06-26T05:40:21.251+0000][64][trace][gc,age      ] GC(20) - age   2:       3544 bytes,      46688 total
[2023-06-26T05:40:21.251+0000][64][trace][gc,age      ] GC(20) - age   3:        952 bytes,      47640 total
[2023-06-26T05:40:21.251+0000][64][trace][gc,age      ] GC(20) - age   4:        216 bytes,      47856 total
[2023-06-26T05:40:21.252+0000][64][trace][gc,age      ] GC(20) - age   5:     299408 bytes,     347264 total
[2023-06-26T05:40:21.252+0000][64][trace][gc,age      ] GC(20) - age   6:       8504 bytes,     355768 total
[2023-06-26T05:40:21.253+0000][64][trace][gc,age      ] GC(20) - age   7:      43232 bytes,     399000 total
[2023-06-26T05:40:21.253+0000][64][trace][gc,age      ] GC(20) - age   8:      44656 bytes,     443656 total
[2023-06-26T05:40:21.254+0000][64][trace][gc,age      ] GC(20) - age   9:    8592136 bytes,    9035792 total
[2023-06-26T05:40:21.254+0000][64][trace][gc,age      ] GC(20) - age  10:   15380392 bytes,   24416184 total
[2023-06-26T05:40:21.254+0000][64][info ][gc,heap     ] GC(20) Eden regions: 146->0(146)
[2023-06-26T05:40:21.255+0000][64][info ][gc,heap     ] GC(20) Survivor regions: 7->7(20)
[2023-06-26T05:40:21.255+0000][64][info ][gc,heap     ] GC(20) Old regions: 14->14
[2023-06-26T05:40:21.256+0000][64][info ][gc,heap     ] GC(20) Archive regions: 2->2
[2023-06-26T05:40:21.256+0000][64][info ][gc,heap     ] GC(20) Humongous regions: 2->2
[2023-06-26T05:40:21.256+0000][64][info ][gc,metaspace] GC(20) Metaspace: 117788K(121024K)->117788K(121024K) NonClass: 101715K(103424K)->101715K(103424K) Class: 16073K(17600K)->16073K(17600K)
[2023-06-26T05:40:21.257+0000][64][info ][gc          ] GC(20) Pause Young (Normal) (G1 Evacuation Pause) 676M->92M(1024M) 70.923ms
[2023-06-26T05:40:21.257+0000][64][info ][gc,cpu      ] GC(20) User=0.26s Sys=0.00s Real=0.07s
[2023-06-26T05:40:21.258+0000][64][info ][safepoint   ] Safepoint "G1CollectForAllocation", Time since last: 4115780909998 ns, Reaching safepoint: 54041 ns, Cleanup: 280167 ns, At safepoint: 71877917 ns, Total: 72212125 ns
[2023-06-26T09:40:22.340+0000][64][info ][safepoint   ] Safepoint "Cleanup", Time since last: 14401067652306 ns, Reaching safepoint: 69250 ns, Cleanup: 340292 ns, At safepoint: 248167 ns, Total: 657709 ns
[2023-06-26T10:41:00.443+0000][64][info ][safepoint   ] Safepoint "Cleanup", Time since last: 3638069782612 ns, Reaching safepoint: 979209 ns, Cleanup: 310333 ns, At safepoint: 30875 ns, Total: 1320417 ns
[2023-06-26T10:53:31.256+0000][64][info ][safepoint   ] Safepoint "Cleanup", Time since last: 750809134424 ns, Reaching safepoint: 537875 ns, Cleanup: 361042 ns, At safepoint: 24500 ns, Total: 923417 ns
[2023-06-26T10:56:18.659+0000][64][info ][safepoint   ] Safepoint "Cleanup", Time since last: 167401469077 ns, Reaching safepoint: 235833 ns, Cleanup: 230875 ns, At safepoint: 75917 ns, Total: 542625 ns
[2023-06-26T11:42:56.598+0000][64][info ][gc,start    ] GC(21) Pause Young (Normal) (G1 Evacuation Pause)
[2023-06-26T11:42:56.602+0000][64][info ][gc,task     ] GC(21) Using 5 workers of 5 for evacuation
[2023-06-26T11:42:56.605+0000][64][debug][gc,age      ] GC(21) Desired survivor size 41943040 bytes, new threshold 15 (max threshold 15)
[2023-06-26T11:42:56.659+0000][64][info ][gc,phases   ] GC(21)   Pre Evacuate Collection Set: 1.1ms
[2023-06-26T11:42:56.660+0000][64][info ][gc,phases   ] GC(21)   Merge Heap Roots: 0.9ms
[2023-06-26T11:42:56.660+0000][64][info ][gc,phases   ] GC(21)   Evacuate Collection Set: 46.8ms
[2023-06-26T11:42:56.661+0000][64][info ][gc,phases   ] GC(21)   Post Evacuate Collection Set: 3.3ms
[2023-06-26T11:42:56.661+0000][64][info ][gc,phases   ] GC(21)   Other: 4.5ms
[2023-06-26T11:42:56.661+0000][64][trace][gc,age      ] GC(21) Age table with threshold 15 (max threshold 15)
[2023-06-26T11:42:56.662+0000][64][trace][gc,age      ] GC(21) - age   1:      18848 bytes,      18848 total
[2023-06-26T11:42:56.662+0000][64][trace][gc,age      ] GC(21) - age   2:      24896 bytes,      43744 total
[2023-06-26T11:42:56.662+0000][64][trace][gc,age      ] GC(21) - age   3:       3544 bytes,      47288 total
[2023-06-26T11:42:56.663+0000][64][trace][gc,age      ] GC(21) - age   4:        952 bytes,      48240 total
[2023-06-26T11:42:56.663+0000][64][trace][gc,age      ] GC(21) - age   5:        216 bytes,      48456 total
[2023-06-26T11:42:56.664+0000][64][trace][gc,age      ] GC(21) - age   6:     299048 bytes,     347504 total
[2023-06-26T11:42:56.664+0000][64][trace][gc,age      ] GC(21) - age   7:       8504 bytes,     356008 total
[2023-06-26T11:42:56.665+0000][64][trace][gc,age      ] GC(21) - age   8:      43232 bytes,     399240 total
[2023-06-26T11:42:56.665+0000][64][trace][gc,age      ] GC(21) - age   9:      44656 bytes,     443896 total
[2023-06-26T11:42:56.665+0000][64][trace][gc,age      ] GC(21) - age  10:    8592136 bytes,    9036032 total
[2023-06-26T11:42:56.666+0000][64][trace][gc,age      ] GC(21) - age  11:   15380392 bytes,   24416424 total
[2023-06-26T11:42:56.666+0000][64][info ][gc,heap     ] GC(21) Eden regions: 146->0(146)
[2023-06-26T11:42:56.666+0000][64][info ][gc,heap     ] GC(21) Survivor regions: 7->7(20)
[2023-06-26T11:42:56.667+0000][64][info ][gc,heap     ] GC(21) Old regions: 14->14
[2023-06-26T11:42:56.667+0000][64][info ][gc,heap     ] GC(21) Archive regions: 2->2
[2023-06-26T11:42:56.667+0000][64][info ][gc,heap     ] GC(21) Humongous regions: 2->2
[2023-06-26T11:42:56.668+0000][64][info ][gc,metaspace] GC(21) Metaspace: 117799K(121024K)->117799K(121024K) NonClass: 101726K(103424K)->101726K(103424K) Class: 16073K(17600K)->16073K(17600K)
[2023-06-26T11:42:56.668+0000][64][info ][gc          ] GC(21) Pause Young (Normal) (G1 Evacuation Pause) 676M->93M(1024M) 69.998ms
[2023-06-26T11:42:56.669+0000][64][info ][gc,cpu      ] GC(21) User=0.21s Sys=0.00s Real=0.07s
[2023-06-26T11:42:56.669+0000][64][info ][safepoint   ] Safepoint "G1CollectForAllocation", Time since last: 2797956713649 ns, Reaching safepoint: 342416 ns, Cleanup: 259042 ns, At safepoint: 70990625 ns, Total: 71592083 ns
[2023-06-26T12:00:01.814+0000][64][info ][safepoint   ] Safepoint "Cleanup", Time since last: 1025141731338 ns, Reaching safepoint: 140375 ns, Cleanup: 103375 ns, At safepoint: 9667 ns, Total: 253417 ns
[2023-06-26T12:00:19.909+0000][64][info ][safepoint   ] Safepoint "Cleanup", Time since last: 18095373175 ns, Reaching safepoint: 70625 ns, Cleanup: 311000 ns, At safepoint: 15125 ns, Total: 396750 ns
[2023-06-26T12:00:31.959+0000][64][info ][safepoint   ] Safepoint "Cleanup", Time since last: 12048682505 ns, Reaching safepoint: 267333 ns, Cleanup: 117792 ns, At safepoint: 17167 ns, Total: 402292 ns
[2023-06-26T13:04:03.616+0000][64][info ][safepoint   ] Safepoint "Cleanup", Time since last: 3811699025402 ns, Reaching safepoint: 174833 ns, Cleanup: 308959 ns, At safepoint: 13541 ns, Total: 497333 ns
[2023-06-26T13:58:04.379+0000][64][info ][safepoint   ] Safepoint "Cleanup", Time since last: 3240736166512 ns, Reaching safepoint: 251625 ns, Cleanup: 126250 ns, At safepoint: 47583 ns, Total: 425458 ns
[2023-06-26T17:42:34.702+0000][64][info ][gc,start    ] GC(22) Pause Young (Normal) (G1 Evacuation Pause)
[2023-06-26T17:42:34.710+0000][64][info ][gc,task     ] GC(22) Using 5 workers of 5 for evacuation
[2023-06-26T17:42:34.711+0000][64][debug][gc,age      ] GC(22) Desired survivor size 41943040 bytes, new threshold 15 (max threshold 15)
[2023-06-26T17:42:34.740+0000][64][info ][gc,phases   ] GC(22)   Pre Evacuate Collection Set: 0.6ms
[2023-06-26T17:42:34.741+0000][64][info ][gc,phases   ] GC(22)   Merge Heap Roots: 0.4ms
[2023-06-26T17:42:34.741+0000][64][info ][gc,phases   ] GC(22)   Evacuate Collection Set: 23.9ms
[2023-06-26T17:42:34.742+0000][64][info ][gc,phases   ] GC(22)   Post Evacuate Collection Set: 2.1ms
[2023-06-26T17:42:34.743+0000][64][info ][gc,phases   ] GC(22)   Other: 2.9ms
[2023-06-26T17:42:34.744+0000][64][trace][gc,age      ] GC(22) Age table with threshold 15 (max threshold 15)
[2023-06-26T17:42:34.744+0000][64][trace][gc,age      ] GC(22) - age   1:      10320 bytes,      10320 total
[2023-06-26T17:42:34.745+0000][64][trace][gc,age      ] GC(22) - age   2:       9312 bytes,      19632 total
[2023-06-26T17:42:34.745+0000][64][trace][gc,age      ] GC(22) - age   3:      24720 bytes,      44352 total
[2023-06-26T17:42:34.746+0000][64][trace][gc,age      ] GC(22) - age   4:       3544 bytes,      47896 total
[2023-06-26T17:42:34.746+0000][64][trace][gc,age      ] GC(22) - age   5:        952 bytes,      48848 total
[2023-06-26T17:42:34.747+0000][64][trace][gc,age      ] GC(22) - age   6:        216 bytes,      49064 total
[2023-06-26T17:42:34.747+0000][64][trace][gc,age      ] GC(22) - age   7:     299048 bytes,     348112 total
[2023-06-26T17:42:34.748+0000][64][trace][gc,age      ] GC(22) - age   8:       8504 bytes,     356616 total
[2023-06-26T17:42:34.749+0000][64][trace][gc,age      ] GC(22) - age   9:      43232 bytes,     399848 total
[2023-06-26T17:42:34.749+0000][64][trace][gc,age      ] GC(22) - age  10:      44656 bytes,     444504 total
[2023-06-26T17:42:34.750+0000][64][trace][gc,age      ] GC(22) - age  11:    8592136 bytes,    9036640 total
[2023-06-26T17:42:34.750+0000][64][trace][gc,age      ] GC(22) - age  12:   15380392 bytes,   24417032 total
[2023-06-26T17:42:34.750+0000][64][info ][gc,heap     ] GC(22) Eden regions: 146->0(146)
[2023-06-26T17:42:34.751+0000][64][info ][gc,heap     ] GC(22) Survivor regions: 7->7(20)
[2023-06-26T17:42:34.751+0000][64][info ][gc,heap     ] GC(22) Old regions: 14->14
[2023-06-26T17:42:34.752+0000][64][info ][gc,heap     ] GC(22) Archive regions: 2->2
[2023-06-26T17:42:34.752+0000][64][info ][gc,heap     ] GC(22) Humongous regions: 2->2
[2023-06-26T17:42:34.753+0000][64][info ][gc,metaspace] GC(22) Metaspace: 117802K(121024K)->117802K(121024K) NonClass: 101729K(103424K)->101729K(103424K) Class: 16073K(17600K)->16073K(17600K)
[2023-06-26T17:42:34.753+0000][64][info ][gc          ] GC(22) Pause Young (Normal) (G1 Evacuation Pause) 677M->92M(1024M) 51.721ms
[2023-06-26T17:42:34.754+0000][64][info ][gc,cpu      ] GC(22) User=0.10s Sys=0.00s Real=0.05s
[2023-06-26T17:42:34.754+0000][64][info ][safepoint   ] Safepoint "G1CollectForAllocation", Time since last: 13470320497636 ns, Reaching safepoint: 72125 ns, Cleanup: 156417 ns, At safepoint: 52878667 ns, Total: 53107209 ns
[2023-06-26T21:22:15.235+0000][64][info ][safepoint   ] Safepoint "Cleanup", Time since last: 13180514211588 ns, Reaching safepoint: 263750 ns, Cleanup: 208334 ns, At safepoint: 26000 ns, Total: 498084 ns
[2023-06-26T21:36:13.020+0000][64][info ][safepoint   ] Safepoint "Cleanup", Time since last: 837781542549 ns, Reaching safepoint: 198084 ns, Cleanup: 1305958 ns, At safepoint: 13542 ns, Total: 1517584 ns
[2023-06-26T21:45:20.198+0000][64][info ][safepoint   ] Safepoint "Cleanup", Time since last: 547176507331 ns, Reaching safepoint: 255208 ns, Cleanup: 397542 ns, At safepoint: 32792 ns, Total: 685542 ns
[2023-06-26T21:50:17.997+0000][64][info ][safepoint   ] Safepoint "Cleanup", Time since last: 297856560508 ns, Reaching safepoint: 234125 ns, Cleanup: 301834 ns, At safepoint: 77666 ns, Total: 613625 ns
[2023-06-26T23:45:56.611+0000][64][info ][gc,start    ] GC(23) Pause Young (Normal) (G1 Evacuation Pause)
[2023-06-26T23:45:56.617+0000][64][info ][gc,task     ] GC(23) Using 5 workers of 5 for evacuation
[2023-06-26T23:45:56.618+0000][64][debug][gc,age      ] GC(23) Desired survivor size 41943040 bytes, new threshold 15 (max threshold 15)
[2023-06-26T23:45:56.682+0000][64][info ][gc,phases   ] GC(23)   Pre Evacuate Collection Set: 1.4ms
[2023-06-26T23:45:56.683+0000][64][info ][gc,phases   ] GC(23)   Merge Heap Roots: 0.6ms
[2023-06-26T23:45:56.683+0000][64][info ][gc,phases   ] GC(23)   Evacuate Collection Set: 57.0ms
[2023-06-26T23:45:56.684+0000][64][info ][gc,phases   ] GC(23)   Post Evacuate Collection Set: 3.1ms
[2023-06-26T23:45:56.684+0000][64][info ][gc,phases   ] GC(23)   Other: 3.7ms
[2023-06-26T23:45:56.685+0000][64][trace][gc,age      ] GC(23) Age table with threshold 15 (max threshold 15)
[2023-06-26T23:45:56.685+0000][64][trace][gc,age      ] GC(23) - age   1:      18880 bytes,      18880 total
[2023-06-26T23:45:56.686+0000][64][trace][gc,age      ] GC(23) - age   2:       1376 bytes,      20256 total
[2023-06-26T23:45:56.686+0000][64][trace][gc,age      ] GC(23) - age   3:        880 bytes,      21136 total
[2023-06-26T23:45:56.686+0000][64][trace][gc,age      ] GC(23) - age   4:      24720 bytes,      45856 total
[2023-06-26T23:45:56.687+0000][64][trace][gc,age      ] GC(23) - age   5:       3184 bytes,      49040 total
[2023-06-26T23:45:56.687+0000][64][trace][gc,age      ] GC(23) - age   6:        952 bytes,      49992 total
[2023-06-26T23:45:56.688+0000][64][trace][gc,age      ] GC(23) - age   7:        216 bytes,      50208 total
[2023-06-26T23:45:56.688+0000][64][trace][gc,age      ] GC(23) - age   8:     299048 bytes,     349256 total
[2023-06-26T23:45:56.688+0000][64][trace][gc,age      ] GC(23) - age   9:       8504 bytes,     357760 total
[2023-06-26T23:45:56.689+0000][64][trace][gc,age      ] GC(23) - age  10:      43232 bytes,     400992 total
[2023-06-26T23:45:56.689+0000][64][trace][gc,age      ] GC(23) - age  11:      44656 bytes,     445648 total
[2023-06-26T23:45:56.689+0000][64][trace][gc,age      ] GC(23) - age  12:    8592136 bytes,    9037784 total
[2023-06-26T23:45:56.690+0000][64][trace][gc,age      ] GC(23) - age  13:   15380392 bytes,   24418176 total
[2023-06-26T23:45:56.690+0000][64][info ][gc,heap     ] GC(23) Eden regions: 146->0(146)
[2023-06-26T23:45:56.690+0000][64][info ][gc,heap     ] GC(23) Survivor regions: 7->7(20)
[2023-06-26T23:45:56.691+0000][64][info ][gc,heap     ] GC(23) Old regions: 14->14
[2023-06-26T23:45:56.691+0000][64][info ][gc,heap     ] GC(23) Archive regions: 2->2
[2023-06-26T23:45:56.692+0000][64][info ][gc,heap     ] GC(23) Humongous regions: 2->2
[2023-06-26T23:45:56.692+0000][64][info ][gc,metaspace] GC(23) Metaspace: 117824K(121088K)->117824K(121088K) NonClass: 101750K(103488K)->101750K(103488K) Class: 16073K(17600K)->16073K(17600K)
[2023-06-26T23:45:56.692+0000][64][info ][gc          ] GC(23) Pause Young (Normal) (G1 Evacuation Pause) 676M->92M(1024M) 81.231ms
[2023-06-26T23:45:56.693+0000][64][info ][gc,cpu      ] GC(23) User=0.29s Sys=0.00s Real=0.08s
[2023-06-26T23:45:56.693+0000][64][info ][safepoint   ] Safepoint "G1CollectForAllocation", Time since last: 6938534459578 ns, Reaching safepoint: 80625 ns, Cleanup: 137917 ns, At safepoint: 82193458 ns, Total: 82412000 ns
[2023-06-27T01:02:00.184+0000][64][info ][safepoint   ] Safepoint "Cleanup", Time since last: 4563518521117 ns, Reaching safepoint: 296125 ns, Cleanup: 481458 ns, At safepoint: 12375 ns, Total: 789958 ns
[2023-06-27T01:14:10.634+0000][64][info ][safepoint   ] Safepoint "Cleanup", Time since last: 730448806998 ns, Reaching safepoint: 270959 ns, Cleanup: 163583 ns, At safepoint: 24542 ns, Total: 459084 ns
[2023-06-27T01:30:00.536+0000][64][info ][safepoint   ] Safepoint "Cleanup", Time since last: 949899336681 ns, Reaching safepoint: 432917 ns, Cleanup: 218125 ns, At safepoint: 12333 ns, Total: 663375 ns
[2023-06-27T05:48:22.424+0000][64][info ][gc,start    ] GC(24) Pause Young (Normal) (G1 Evacuation Pause)
[2023-06-27T05:48:22.429+0000][64][info ][gc,task     ] GC(24) Using 5 workers of 5 for evacuation
[2023-06-27T05:48:22.431+0000][64][debug][gc,age      ] GC(24) Desired survivor size 41943040 bytes, new threshold 15 (max threshold 15)
[2023-06-27T05:48:22.494+0000][64][info ][gc,phases   ] GC(24)   Pre Evacuate Collection Set: 1.2ms
[2023-06-27T05:48:22.495+0000][64][info ][gc,phases   ] GC(24)   Merge Heap Roots: 0.7ms
[2023-06-27T05:48:22.496+0000][64][info ][gc,phases   ] GC(24)   Evacuate Collection Set: 56.7ms
[2023-06-27T05:48:22.496+0000][64][info ][gc,phases   ] GC(24)   Post Evacuate Collection Set: 3.5ms
[2023-06-27T05:48:22.496+0000][64][info ][gc,phases   ] GC(24)   Other: 3.1ms
[2023-06-27T05:48:22.497+0000][64][trace][gc,age      ] GC(24) Age table with threshold 15 (max threshold 15)
[2023-06-27T05:48:22.497+0000][64][trace][gc,age      ] GC(24) - age   1:      42712 bytes,      42712 total
[2023-06-27T05:48:22.498+0000][64][trace][gc,age      ] GC(24) - age   2:       1008 bytes,      43720 total
[2023-06-27T05:48:22.498+0000][64][trace][gc,age      ] GC(24) - age   3:        920 bytes,      44640 total
[2023-06-27T05:48:22.498+0000][64][trace][gc,age      ] GC(24) - age   4:        800 bytes,      45440 total
[2023-06-27T05:48:22.499+0000][64][trace][gc,age      ] GC(24) - age   5:      23624 bytes,      69064 total
[2023-06-27T05:48:22.499+0000][64][trace][gc,age      ] GC(24) - age   6:       3184 bytes,      72248 total
[2023-06-27T05:48:22.500+0000][64][trace][gc,age      ] GC(24) - age   7:        952 bytes,      73200 total
[2023-06-27T05:48:22.500+0000][64][trace][gc,age      ] GC(24) - age   8:        216 bytes,      73416 total
[2023-06-27T05:48:22.501+0000][64][trace][gc,age      ] GC(24) - age   9:     299048 bytes,     372464 total
[2023-06-27T05:48:22.501+0000][64][trace][gc,age      ] GC(24) - age  10:       8504 bytes,     380968 total
[2023-06-27T05:48:22.501+0000][64][trace][gc,age      ] GC(24) - age  11:      43232 bytes,     424200 total
[2023-06-27T05:48:22.502+0000][64][trace][gc,age      ] GC(24) - age  12:      44656 bytes,     468856 total
[2023-06-27T05:48:22.502+0000][64][trace][gc,age      ] GC(24) - age  13:    8591896 bytes,    9060752 total
[2023-06-27T05:48:22.502+0000][64][trace][gc,age      ] GC(24) - age  14:   15380392 bytes,   24441144 total
[2023-06-27T05:48:22.502+0000][64][info ][gc,heap     ] GC(24) Eden regions: 146->0(146)
[2023-06-27T05:48:22.503+0000][64][info ][gc,heap     ] GC(24) Survivor regions: 7->7(20)
[2023-06-27T05:48:22.503+0000][64][info ][gc,heap     ] GC(24) Old regions: 14->14
[2023-06-27T05:48:22.503+0000][64][info ][gc,heap     ] GC(24) Archive regions: 2->2
[2023-06-27T05:48:22.504+0000][64][info ][gc,heap     ] GC(24) Humongous regions: 2->2
[2023-06-27T05:48:22.504+0000][64][info ][gc,metaspace] GC(24) Metaspace: 117832K(121088K)->117832K(121088K) NonClass: 101758K(103488K)->101758K(103488K) Class: 16073K(17600K)->16073K(17600K)
[2023-06-27T05:48:22.504+0000][64][info ][gc          ] GC(24) Pause Young (Normal) (G1 Evacuation Pause) 676M->93M(1024M) 80.948ms
[2023-06-27T05:48:22.505+0000][64][info ][gc,cpu      ] GC(24) User=0.29s Sys=0.00s Real=0.08s
[2023-06-27T05:48:22.505+0000][64][info ][safepoint   ] Safepoint "G1CollectForAllocation", Time since last: 15501937009430 ns, Reaching safepoint: 245042 ns, Cleanup: 340000 ns, At safepoint: 81933500 ns, Total: 82518542 ns
[2023-06-27T06:08:00.028+0000][64][info ][safepoint   ] Safepoint "Cleanup", Time since last: 1177506019745 ns, Reaching safepoint: 200125 ns, Cleanup: 229167 ns, At safepoint: 25500 ns, Total: 454792 ns
[2023-06-27T09:52:28.016+0000][64][info ][safepoint   ] Safepoint "Cleanup", Time since last: 13467989011958 ns, Reaching safepoint: 362084 ns, Cleanup: 505791 ns, At safepoint: 30750 ns, Total: 898625 ns
[2023-06-27T11:50:48.824+0000][64][info ][gc,start    ] GC(25) Pause Young (Normal) (G1 Evacuation Pause)
[2023-06-27T11:50:48.830+0000][64][info ][gc,task     ] GC(25) Using 5 workers of 5 for evacuation
[2023-06-27T11:50:48.832+0000][64][debug][gc,age      ] GC(25) Desired survivor size 41943040 bytes, new threshold 15 (max threshold 15)
[2023-06-27T11:50:48.900+0000][64][info ][gc,phases   ] GC(25)   Pre Evacuate Collection Set: 1.3ms
[2023-06-27T11:50:48.901+0000][64][info ][gc,phases   ] GC(25)   Merge Heap Roots: 0.4ms
[2023-06-27T11:50:48.902+0000][64][info ][gc,phases   ] GC(25)   Evacuate Collection Set: 61.0ms
[2023-06-27T11:50:48.902+0000][64][info ][gc,phases   ] GC(25)   Post Evacuate Collection Set: 3.2ms
[2023-06-27T11:50:48.903+0000][64][info ][gc,phases   ] GC(25)   Other: 4.1ms
[2023-06-27T11:50:48.903+0000][64][trace][gc,age      ] GC(25) Age table with threshold 15 (max threshold 15)
[2023-06-27T11:50:48.904+0000][64][trace][gc,age      ] GC(25) - age   1:      21032 bytes,      21032 total
[2023-06-27T11:50:48.904+0000][64][trace][gc,age      ] GC(25) - age   2:      17544 bytes,      38576 total
[2023-06-27T11:50:48.905+0000][64][trace][gc,age      ] GC(25) - age   3:       1008 bytes,      39584 total
[2023-06-27T11:50:48.905+0000][64][trace][gc,age      ] GC(25) - age   4:        920 bytes,      40504 total
[2023-06-27T11:50:48.905+0000][64][trace][gc,age      ] GC(25) - age   5:        800 bytes,      41304 total
[2023-06-27T11:50:48.906+0000][64][trace][gc,age      ] GC(25) - age   6:      23264 bytes,      64568 total
[2023-06-27T11:50:48.906+0000][64][trace][gc,age      ] GC(25) - age   7:       3184 bytes,      67752 total
[2023-06-27T11:50:48.906+0000][64][trace][gc,age      ] GC(25) - age   8:        952 bytes,      68704 total
[2023-06-27T11:50:48.907+0000][64][trace][gc,age      ] GC(25) - age   9:        216 bytes,      68920 total
[2023-06-27T11:50:48.907+0000][64][trace][gc,age      ] GC(25) - age  10:     299048 bytes,     367968 total
[2023-06-27T11:50:48.908+0000][64][trace][gc,age      ] GC(25) - age  11:       8504 bytes,     376472 total
[2023-06-27T11:50:48.908+0000][64][trace][gc,age      ] GC(25) - age  12:      43232 bytes,     419704 total
[2023-06-27T11:50:48.909+0000][64][trace][gc,age      ] GC(25) - age  13:      44656 bytes,     464360 total
[2023-06-27T11:50:48.909+0000][64][trace][gc,age      ] GC(25) - age  14:    8591896 bytes,    9056256 total
[2023-06-27T11:50:48.909+0000][64][trace][gc,age      ] GC(25) - age  15:   15380392 bytes,   24436648 total
[2023-06-27T11:50:48.910+0000][64][info ][gc,heap     ] GC(25) Eden regions: 146->0(146)
[2023-06-27T11:50:48.910+0000][64][info ][gc,heap     ] GC(25) Survivor regions: 7->7(20)
[2023-06-27T11:50:48.910+0000][64][info ][gc,heap     ] GC(25) Old regions: 14->14
[2023-06-27T11:50:48.911+0000][64][info ][gc,heap     ] GC(25) Archive regions: 2->2
[2023-06-27T11:50:48.911+0000][64][info ][gc,heap     ] GC(25) Humongous regions: 2->2
[2023-06-27T11:50:48.912+0000][64][info ][gc,metaspace] GC(25) Metaspace: 117832K(121088K)->117832K(121088K) NonClass: 101758K(103488K)->101758K(103488K) Class: 16073K(17600K)->16073K(17600K)
[2023-06-27T11:50:48.912+0000][64][info ][gc          ] GC(25) Pause Young (Normal) (G1 Evacuation Pause) 677M->93M(1024M) 88.707ms
[2023-06-27T11:50:48.913+0000][64][info ][gc,cpu      ] GC(25) User=0.31s Sys=0.00s Real=0.09s
[2023-06-27T11:50:48.913+0000][64][info ][safepoint   ] Safepoint "G1CollectForAllocation", Time since last: 7100809632396 ns, Reaching safepoint: 111625 ns, Cleanup: 401875 ns, At safepoint: 89679083 ns, Total: 90192583 ns
[2023-06-27T12:43:03.868+0000][64][info ][safepoint   ] Safepoint "Cleanup", Time since last: 3135000241305 ns, Reaching safepoint: 234500 ns, Cleanup: 177709 ns, At safepoint: 10250 ns, Total: 422459 ns
[2023-06-27T13:04:33.932+0000][64][info ][safepoint   ] Safepoint "Cleanup", Time since last: 1290031556210 ns, Reaching safepoint: 206000 ns, Cleanup: 180292 ns, At safepoint: 11958 ns, Total: 398250 ns
[2023-06-27T14:56:50.410+0000][64][info ][safepoint   ] Safepoint "Cleanup", Time since last: 5819107103198 ns, Reaching safepoint: 972333 ns, Cleanup: 395250 ns, At safepoint: 207209 ns, Total: 1574792 ns
[2023-06-27T18:11:15.003+0000][64][info ][gc,start    ] GC(26) Pause Young (Normal) (G1 Evacuation Pause)
[2023-06-27T18:11:15.014+0000][64][info ][gc,task     ] GC(26) Using 5 workers of 5 for evacuation
[2023-06-27T18:11:15.016+0000][64][debug][gc,age      ] GC(26) Desired survivor size 41943040 bytes, new threshold 15 (max threshold 15)
[2023-06-27T18:11:15.086+0000][64][info ][gc,phases   ] GC(26)   Pre Evacuate Collection Set: 1.3ms
[2023-06-27T18:11:15.086+0000][64][info ][gc,phases   ] GC(26)   Merge Heap Roots: 0.5ms
[2023-06-27T18:11:15.087+0000][64][info ][gc,phases   ] GC(26)   Evacuate Collection Set: 63.8ms
[2023-06-27T18:11:15.087+0000][64][info ][gc,phases   ] GC(26)   Post Evacuate Collection Set: 2.4ms
[2023-06-27T18:11:15.088+0000][64][info ][gc,phases   ] GC(26)   Other: 3.5ms
[2023-06-27T18:11:15.088+0000][64][trace][gc,age      ] GC(26) Age table with threshold 15 (max threshold 15)
[2023-06-27T18:11:15.089+0000][64][trace][gc,age      ] GC(26) - age   1:      19112 bytes,      19112 total
[2023-06-27T18:11:15.089+0000][64][trace][gc,age      ] GC(26) - age   2:       1840 bytes,      20952 total
[2023-06-27T18:11:15.089+0000][64][trace][gc,age      ] GC(26) - age   3:      17368 bytes,      38320 total
[2023-06-27T18:11:15.090+0000][64][trace][gc,age      ] GC(26) - age   4:       1008 bytes,      39328 total
[2023-06-27T18:11:15.090+0000][64][trace][gc,age      ] GC(26) - age   5:        920 bytes,      40248 total
[2023-06-27T18:11:15.090+0000][64][trace][gc,age      ] GC(26) - age   6:        800 bytes,      41048 total
[2023-06-27T18:11:15.091+0000][64][trace][gc,age      ] GC(26) - age   7:      23264 bytes,      64312 total
[2023-06-27T18:11:15.091+0000][64][trace][gc,age      ] GC(26) - age   8:       3184 bytes,      67496 total
[2023-06-27T18:11:15.092+0000][64][trace][gc,age      ] GC(26) - age   9:        592 bytes,      68088 total
[2023-06-27T18:11:15.092+0000][64][trace][gc,age      ] GC(26) - age  10:        216 bytes,      68304 total
[2023-06-27T18:11:15.092+0000][64][trace][gc,age      ] GC(26) - age  11:     299048 bytes,     367352 total
[2023-06-27T18:11:15.092+0000][64][trace][gc,age      ] GC(26) - age  12:       8504 bytes,     375856 total
[2023-06-27T18:11:15.093+0000][64][trace][gc,age      ] GC(26) - age  13:      43232 bytes,     419088 total
[2023-06-27T18:11:15.093+0000][64][trace][gc,age      ] GC(26) - age  14:      44656 bytes,     463744 total
[2023-06-27T18:11:15.093+0000][64][trace][gc,age      ] GC(26) - age  15:    8591896 bytes,    9055640 total
[2023-06-27T18:11:15.094+0000][64][info ][gc,heap     ] GC(26) Eden regions: 146->0(150)
[2023-06-27T18:11:15.094+0000][64][info ][gc,heap     ] GC(26) Survivor regions: 7->3(20)
[2023-06-27T18:11:15.094+0000][64][info ][gc,heap     ] GC(26) Old regions: 14->18
[2023-06-27T18:11:15.095+0000][64][info ][gc,heap     ] GC(26) Archive regions: 2->2
[2023-06-27T18:11:15.095+0000][64][info ][gc,heap     ] GC(26) Humongous regions: 2->2
[2023-06-27T18:11:15.095+0000][64][info ][gc,metaspace] GC(26) Metaspace: 117832K(121088K)->117832K(121088K) NonClass: 101758K(103488K)->101758K(103488K) Class: 16073K(17600K)->16073K(17600K)
[2023-06-27T18:11:15.096+0000][64][info ][gc          ] GC(26) Pause Young (Normal) (G1 Evacuation Pause) 677M->94M(1024M) 92.627ms
[2023-06-27T18:11:15.096+0000][64][info ][gc,cpu      ] GC(26) User=0.31s Sys=0.00s Real=0.09s
[2023-06-27T18:11:15.097+0000][64][info ][safepoint   ] Safepoint "G1CollectForAllocation", Time since last: 11664610626731 ns, Reaching safepoint: 107500 ns, Cleanup: 226708 ns, At safepoint: 93572667 ns, Total: 93906875 ns
[2023-06-27T18:41:42.002+0000][64][info ][safepoint   ] Safepoint "Cleanup", Time since last: 1826896090623 ns, Reaching safepoint: 41667 ns, Cleanup: 168625 ns, At safepoint: 118500 ns, Total: 328792 ns
[2023-06-27T23:28:59.207+0000][64][info ][safepoint   ] Safepoint "Cleanup", Time since last: 17237246965180 ns, Reaching safepoint: 429834 ns, Cleanup: 368458 ns, At safepoint: 39292 ns, Total: 837584 ns
[2023-06-27T23:29:46.399+0000][64][info ][safepoint   ] Safepoint "Cleanup", Time since last: 47190481938 ns, Reaching safepoint: 255250 ns, Cleanup: 174459 ns, At safepoint: 21291 ns, Total: 451000 ns
[2023-06-28T00:21:30.310+0000][64][info ][safepoint   ] Safepoint "Cleanup", Time since last: 3103942431455 ns, Reaching safepoint: 307667 ns, Cleanup: 379375 ns, At safepoint: 34041 ns, Total: 721083 ns
[2023-06-28T00:21:37.168+0000][64][info ][gc,start    ] GC(27) Pause Young (Normal) (G1 Evacuation Pause)
[2023-06-28T00:21:37.171+0000][64][info ][gc,task     ] GC(27) Using 5 workers of 5 for evacuation
[2023-06-28T00:21:37.173+0000][64][debug][gc,age      ] GC(27) Desired survivor size 41943040 bytes, new threshold 15 (max threshold 15)
[2023-06-28T00:21:37.235+0000][64][info ][gc,phases   ] GC(27)   Pre Evacuate Collection Set: 1.3ms
[2023-06-28T00:21:37.236+0000][64][info ][gc,phases   ] GC(27)   Merge Heap Roots: 0.7ms
[2023-06-28T00:21:37.236+0000][64][info ][gc,phases   ] GC(27)   Evacuate Collection Set: 54.2ms
[2023-06-28T00:21:37.237+0000][64][info ][gc,phases   ] GC(27)   Post Evacuate Collection Set: 3.3ms
[2023-06-28T00:21:37.237+0000][64][info ][gc,phases   ] GC(27)   Other: 4.2ms
[2023-06-28T00:21:37.238+0000][64][trace][gc,age      ] GC(27) Age table with threshold 15 (max threshold 15)
[2023-06-28T00:21:37.238+0000][64][trace][gc,age      ] GC(27) - age   1:      18224 bytes,      18224 total
[2023-06-28T00:21:37.239+0000][64][trace][gc,age      ] GC(27) - age   2:       1184 bytes,      19408 total
[2023-06-28T00:21:37.239+0000][64][trace][gc,age      ] GC(27) - age   3:       1840 bytes,      21248 total
[2023-06-28T00:21:37.240+0000][64][trace][gc,age      ] GC(27) - age   4:      17368 bytes,      38616 total
[2023-06-28T00:21:37.240+0000][64][trace][gc,age      ] GC(27) - age   5:        648 bytes,      39264 total
[2023-06-28T00:21:37.241+0000][64][trace][gc,age      ] GC(27) - age   6:        920 bytes,      40184 total
[2023-06-28T00:21:37.241+0000][64][trace][gc,age      ] GC(27) - age   7:        800 bytes,      40984 total
[2023-06-28T00:21:37.242+0000][64][trace][gc,age      ] GC(27) - age   8:      23264 bytes,      64248 total
[2023-06-28T00:21:37.242+0000][64][trace][gc,age      ] GC(27) - age   9:       3184 bytes,      67432 total
[2023-06-28T00:21:37.243+0000][64][trace][gc,age      ] GC(27) - age  10:        592 bytes,      68024 total
[2023-06-28T00:21:37.243+0000][64][trace][gc,age      ] GC(27) - age  11:        216 bytes,      68240 total
[2023-06-28T00:21:37.243+0000][64][trace][gc,age      ] GC(27) - age  12:     299048 bytes,     367288 total
[2023-06-28T00:21:37.244+0000][64][trace][gc,age      ] GC(27) - age  13:       8504 bytes,     375792 total
[2023-06-28T00:21:37.244+0000][64][trace][gc,age      ] GC(27) - age  14:      43232 bytes,     419024 total
[2023-06-28T00:21:37.244+0000][64][trace][gc,age      ] GC(27) - age  15:      44656 bytes,     463680 total
[2023-06-28T00:21:37.245+0000][64][info ][gc,heap     ] GC(27) Eden regions: 150->0(152)
[2023-06-28T00:21:37.245+0000][64][info ][gc,heap     ] GC(27) Survivor regions: 3->1(20)
[2023-06-28T00:21:37.245+0000][64][info ][gc,heap     ] GC(27) Old regions: 18->21
[2023-06-28T00:21:37.246+0000][64][info ][gc,heap     ] GC(27) Archive regions: 2->2
[2023-06-28T00:21:37.246+0000][64][info ][gc,heap     ] GC(27) Humongous regions: 2->2
[2023-06-28T00:21:37.247+0000][64][info ][gc,metaspace] GC(27) Metaspace: 117834K(121088K)->117834K(121088K) NonClass: 101760K(103488K)->101760K(103488K) Class: 16073K(17600K)->16073K(17600K)
[2023-06-28T00:21:37.247+0000][64][info ][gc          ] GC(27) Pause Young (Normal) (G1 Evacuation Pause) 694M->94M(1024M) 79.253ms
[2023-06-28T00:21:37.247+0000][64][info ][gc,cpu      ] GC(27) User=0.27s Sys=0.00s Real=0.08s
[2023-06-28T00:21:37.248+0000][64][info ][safepoint   ] Safepoint "G1CollectForAllocation", Time since last: 6856976462 ns, Reaching safepoint: 54833 ns, Cleanup: 141375 ns, At safepoint: 80218375 ns, Total: 80414583 ns
[2023-06-28T05:09:59.320+0000][64][info ][safepoint   ] Safepoint "Cleanup", Time since last: 17302043126874 ns, Reaching safepoint: 983750 ns, Cleanup: 425750 ns, At safepoint: 148542 ns, Total: 1558042 ns
[2023-06-28T06:05:35.758+0000][64][info ][safepoint   ] Safepoint "Cleanup", Time since last: 3336482380350 ns, Reaching safepoint: 715583 ns, Cleanup: 705917 ns, At safepoint: 126083 ns, Total: 1547583 ns
[2023-06-28T06:38:00.802+0000][64][info ][gc,start    ] GC(28) Pause Young (Normal) (G1 Evacuation Pause)
[2023-06-28T06:38:00.807+0000][64][info ][gc,task     ] GC(28) Using 5 workers of 5 for evacuation
[2023-06-28T06:38:00.809+0000][64][debug][gc,age      ] GC(28) Desired survivor size 41943040 bytes, new threshold 15 (max threshold 15)
[2023-06-28T06:38:00.856+0000][64][info ][gc,phases   ] GC(28)   Pre Evacuate Collection Set: 5.3ms
[2023-06-28T06:38:00.857+0000][64][info ][gc,phases   ] GC(28)   Merge Heap Roots: 0.4ms
[2023-06-28T06:38:00.858+0000][64][info ][gc,phases   ] GC(28)   Evacuate Collection Set: 32.1ms
[2023-06-28T06:38:00.858+0000][64][info ][gc,phases   ] GC(28)   Post Evacuate Collection Set: 5.0ms
[2023-06-28T06:38:00.859+0000][64][info ][gc,phases   ] GC(28)   Other: 7.0ms
[2023-06-28T06:38:00.860+0000][64][trace][gc,age      ] GC(28) Age table with threshold 15 (max threshold 15)
[2023-06-28T06:38:00.860+0000][64][trace][gc,age      ] GC(28) - age   1:      34920 bytes,      34920 total
[2023-06-28T06:38:00.861+0000][64][trace][gc,age      ] GC(28) - age   2:        728 bytes,      35648 total
[2023-06-28T06:38:00.862+0000][64][trace][gc,age      ] GC(28) - age   3:       1008 bytes,      36656 total
[2023-06-28T06:38:00.862+0000][64][trace][gc,age      ] GC(28) - age   4:       1480 bytes,      38136 total
[2023-06-28T06:38:00.863+0000][64][trace][gc,age      ] GC(28) - age   5:      16352 bytes,      54488 total
[2023-06-28T06:38:00.863+0000][64][trace][gc,age      ] GC(28) - age   6:        648 bytes,      55136 total
[2023-06-28T06:38:00.864+0000][64][trace][gc,age      ] GC(28) - age   7:        920 bytes,      56056 total
[2023-06-28T06:38:00.864+0000][64][trace][gc,age      ] GC(28) - age   8:        800 bytes,      56856 total
[2023-06-28T06:38:00.865+0000][64][trace][gc,age      ] GC(28) - age   9:      23264 bytes,      80120 total
[2023-06-28T06:38:00.865+0000][64][trace][gc,age      ] GC(28) - age  10:       3184 bytes,      83304 total
[2023-06-28T06:38:00.866+0000][64][trace][gc,age      ] GC(28) - age  11:        592 bytes,      83896 total
[2023-06-28T06:38:00.866+0000][64][trace][gc,age      ] GC(28) - age  12:        216 bytes,      84112 total
[2023-06-28T06:38:00.867+0000][64][trace][gc,age      ] GC(28) - age  13:     299048 bytes,     383160 total
[2023-06-28T06:38:00.867+0000][64][trace][gc,age      ] GC(28) - age  14:       8504 bytes,     391664 total
[2023-06-28T06:38:00.867+0000][64][trace][gc,age      ] GC(28) - age  15:      43232 bytes,     434896 total
[2023-06-28T06:38:00.868+0000][64][info ][gc,heap     ] GC(28) Eden regions: 152->0(152)
[2023-06-28T06:38:00.868+0000][64][info ][gc,heap     ] GC(28) Survivor regions: 1->1(20)
[2023-06-28T06:38:00.868+0000][64][info ][gc,heap     ] GC(28) Old regions: 21->21
[2023-06-28T06:38:00.869+0000][64][info ][gc,heap     ] GC(28) Archive regions: 2->2
[2023-06-28T06:38:00.869+0000][64][info ][gc,heap     ] GC(28) Humongous regions: 2->2
[2023-06-28T06:38:00.870+0000][64][info ][gc,metaspace] GC(28) Metaspace: 117840K(121088K)->117840K(121088K) NonClass: 101767K(103488K)->101767K(103488K) Class: 16073K(17600K)->16073K(17600K)
[2023-06-28T06:38:00.870+0000][64][info ][gc          ] GC(28) Pause Young (Normal) (G1 Evacuation Pause) 702M->94M(1024M) 68.242ms
[2023-06-28T06:38:00.870+0000][64][info ][gc,cpu      ] GC(28) User=0.15s Sys=0.00s Real=0.07s
[2023-06-28T06:38:00.871+0000][64][info ][safepoint   ] Safepoint "G1CollectForAllocation", Time since last: 1944995958929 ns, Reaching safepoint: 254750 ns, Cleanup: 266125 ns, At safepoint: 69270958 ns, Total: 69791833 ns
[2023-06-28T12:53:03.120+0000][64][info ][gc,start    ] GC(29) Pause Young (Normal) (G1 Evacuation Pause)
[2023-06-28T12:53:03.134+0000][64][info ][gc,task     ] GC(29) Using 5 workers of 5 for evacuation
[2023-06-28T12:53:03.137+0000][64][debug][gc,age      ] GC(29) Desired survivor size 41943040 bytes, new threshold 15 (max threshold 15)
[2023-06-28T12:53:03.183+0000][64][info ][gc,phases   ] GC(29)   Pre Evacuate Collection Set: 1.5ms
[2023-06-28T12:53:03.184+0000][64][info ][gc,phases   ] GC(29)   Merge Heap Roots: 0.4ms
[2023-06-28T12:53:03.185+0000][64][info ][gc,phases   ] GC(29)   Evacuate Collection Set: 31.3ms
[2023-06-28T12:53:03.185+0000][64][info ][gc,phases   ] GC(29)   Post Evacuate Collection Set: 6.5ms
[2023-06-28T12:53:03.186+0000][64][info ][gc,phases   ] GC(29)   Other: 10.0ms
[2023-06-28T12:53:03.186+0000][64][trace][gc,age      ] GC(29) Age table with threshold 15 (max threshold 15)
[2023-06-28T12:53:03.186+0000][64][trace][gc,age      ] GC(29) - age   1:       9056 bytes,       9056 total
[2023-06-28T12:53:03.187+0000][64][trace][gc,age      ] GC(29) - age   2:      25520 bytes,      34576 total
[2023-06-28T12:53:03.187+0000][64][trace][gc,age      ] GC(29) - age   3:        728 bytes,      35304 total
[2023-06-28T12:53:03.188+0000][64][trace][gc,age      ] GC(29) - age   4:       1008 bytes,      36312 total
[2023-06-28T12:53:03.188+0000][64][trace][gc,age      ] GC(29) - age   5:       1480 bytes,      37792 total
[2023-06-28T12:53:03.189+0000][64][trace][gc,age      ] GC(29) - age   6:      16352 bytes,      54144 total
[2023-06-28T12:53:03.189+0000][64][trace][gc,age      ] GC(29) - age   7:        648 bytes,      54792 total
[2023-06-28T12:53:03.190+0000][64][trace][gc,age      ] GC(29) - age   8:        920 bytes,      55712 total
[2023-06-28T12:53:03.190+0000][64][trace][gc,age      ] GC(29) - age   9:        800 bytes,      56512 total
[2023-06-28T12:53:03.191+0000][64][trace][gc,age      ] GC(29) - age  10:      23264 bytes,      79776 total
[2023-06-28T12:53:03.191+0000][64][trace][gc,age      ] GC(29) - age  11:       3184 bytes,      82960 total
[2023-06-28T12:53:03.192+0000][64][trace][gc,age      ] GC(29) - age  12:        592 bytes,      83552 total
[2023-06-28T12:53:03.192+0000][64][trace][gc,age      ] GC(29) - age  13:        216 bytes,      83768 total
[2023-06-28T12:53:03.193+0000][64][trace][gc,age      ] GC(29) - age  14:     299048 bytes,     382816 total
[2023-06-28T12:53:03.193+0000][64][trace][gc,age      ] GC(29) - age  15:       8504 bytes,     391320 total
[2023-06-28T12:53:03.193+0000][64][info ][gc,heap     ] GC(29) Eden regions: 152->0(152)
[2023-06-28T12:53:03.194+0000][64][info ][gc,heap     ] GC(29) Survivor regions: 1->1(20)
[2023-06-28T12:53:03.194+0000][64][info ][gc,heap     ] GC(29) Old regions: 21->21
[2023-06-28T12:53:03.195+0000][64][info ][gc,heap     ] GC(29) Archive regions: 2->2
[2023-06-28T12:53:03.195+0000][64][info ][gc,heap     ] GC(29) Humongous regions: 2->2
[2023-06-28T12:53:03.195+0000][64][info ][gc,metaspace] GC(29) Metaspace: 117840K(121088K)->117840K(121088K) NonClass: 101767K(103488K)->101767K(103488K) Class: 16073K(17600K)->16073K(17600K)
[2023-06-28T12:53:03.196+0000][64][info ][gc          ] GC(29) Pause Young (Normal) (G1 Evacuation Pause) 702M->94M(1024M) 76.058ms
[2023-06-28T12:53:03.196+0000][64][info ][gc,cpu      ] GC(29) User=0.13s Sys=0.00s Real=0.08s
[2023-06-28T12:53:03.197+0000][64][info ][safepoint   ] Safepoint "G1CollectForAllocation", Time since last: 22502308109798 ns, Reaching safepoint: 355709 ns, Cleanup: 320125 ns, At safepoint: 77282666 ns, Total: 77958500 ns
[2023-06-28T19:08:24.180+0000][64][info ][gc,start    ] GC(30) Pause Young (Normal) (G1 Evacuation Pause)
[2023-06-28T19:08:24.184+0000][64][info ][gc,task     ] GC(30) Using 5 workers of 5 for evacuation
[2023-06-28T19:08:24.186+0000][64][debug][gc,age      ] GC(30) Desired survivor size 41943040 bytes, new threshold 15 (max threshold 15)
[2023-06-28T19:08:24.199+0000][64][info ][gc,phases   ] GC(30)   Pre Evacuate Collection Set: 1.0ms
[2023-06-28T19:08:24.200+0000][64][info ][gc,phases   ] GC(30)   Merge Heap Roots: 0.2ms
[2023-06-28T19:08:24.201+0000][64][info ][gc,phases   ] GC(30)   Evacuate Collection Set: 6.7ms
[2023-06-28T19:08:24.202+0000][64][info ][gc,phases   ] GC(30)   Post Evacuate Collection Set: 3.2ms
[2023-06-28T19:08:24.204+0000][64][info ][gc,phases   ] GC(30)   Other: 3.5ms
[2023-06-28T19:08:24.205+0000][64][trace][gc,age      ] GC(30) Age table with threshold 15 (max threshold 15)
[2023-06-28T19:08:24.206+0000][64][trace][gc,age      ] GC(30) - age   1:      19344 bytes,      19344 total
[2023-06-28T19:08:24.207+0000][64][trace][gc,age      ] GC(30) - age   2:        280 bytes,      19624 total
[2023-06-28T19:08:24.208+0000][64][trace][gc,age      ] GC(30) - age   3:      16912 bytes,      36536 total
[2023-06-28T19:08:24.208+0000][64][trace][gc,age      ] GC(30) - age   4:        368 bytes,      36904 total
[2023-06-28T19:08:24.209+0000][64][trace][gc,age      ] GC(30) - age   5:       1008 bytes,      37912 total
[2023-06-28T19:08:24.210+0000][64][trace][gc,age      ] GC(30) - age   6:       1480 bytes,      39392 total
[2023-06-28T19:08:24.211+0000][64][trace][gc,age      ] GC(30) - age   7:      16352 bytes,      55744 total
[2023-06-28T19:08:24.211+0000][64][trace][gc,age      ] GC(30) - age   8:        648 bytes,      56392 total
[2023-06-28T19:08:24.212+0000][64][trace][gc,age      ] GC(30) - age   9:        920 bytes,      57312 total
[2023-06-28T19:08:24.212+0000][64][trace][gc,age      ] GC(30) - age  10:        800 bytes,      58112 total
[2023-06-28T19:08:24.213+0000][64][trace][gc,age      ] GC(30) - age  11:      23264 bytes,      81376 total
[2023-06-28T19:08:24.214+0000][64][trace][gc,age      ] GC(30) - age  12:       3184 bytes,      84560 total
[2023-06-28T19:08:24.214+0000][64][trace][gc,age      ] GC(30) - age  13:        592 bytes,      85152 total
[2023-06-28T19:08:24.215+0000][64][trace][gc,age      ] GC(30) - age  14:        216 bytes,      85368 total
[2023-06-28T19:08:24.216+0000][64][trace][gc,age      ] GC(30) - age  15:     299048 bytes,     384416 total
[2023-06-28T19:08:24.216+0000][64][info ][gc,heap     ] GC(30) Eden regions: 152->0(152)
[2023-06-28T19:08:24.217+0000][64][info ][gc,heap     ] GC(30) Survivor regions: 1->1(20)
[2023-06-28T19:08:24.217+0000][64][info ][gc,heap     ] GC(30) Old regions: 21->21
[2023-06-28T19:08:24.218+0000][64][info ][gc,heap     ] GC(30) Archive regions: 2->2
[2023-06-28T19:08:24.218+0000][64][info ][gc,heap     ] GC(30) Humongous regions: 2->2
[2023-06-28T19:08:24.219+0000][64][info ][gc,metaspace] GC(30) Metaspace: 117841K(121088K)->117841K(121088K) NonClass: 101767K(103488K)->101767K(103488K) Class: 16073K(17600K)->16073K(17600K)
[2023-06-28T19:08:24.220+0000][64][info ][gc          ] GC(30) Pause Young (Normal) (G1 Evacuation Pause) 702M->94M(1024M) 39.579ms
[2023-06-28T19:08:24.220+0000][64][info ][gc,cpu      ] GC(30) User=0.03s Sys=0.00s Real=0.04s
[2023-06-28T19:08:24.221+0000][64][info ][safepoint   ] Safepoint "G1CollectForAllocation", Time since last: 22521012527376 ns, Reaching safepoint: 79208 ns, Cleanup: 365917 ns, At safepoint: 41027666 ns, Total: 41472791 ns
[2023-06-28T21:08:04.529+0000][64][info ][safepoint   ] Safepoint "Cleanup", Time since last: 7180276130235 ns, Reaching safepoint: 258250 ns, Cleanup: 230958 ns, At safepoint: 27042 ns, Total: 516250 ns
