[2023-06-24T05:12:06.657+0000][47][info][gc,init] CardTable entry size: 512
[2023-06-24T05:12:06.657+0000][47][info][gc     ] Using G1
[2023-06-24T05:12:06.662+0000][47][info][gc,init] Version: 20.0.1+9-29 (release)
[2023-06-24T05:12:06.663+0000][47][info][gc,init] CPUs: 5 total, 5 available
[2023-06-24T05:12:06.663+0000][47][info][gc,init] Memory: 2048M
[2023-06-24T05:12:06.664+0000][47][info][gc,init] Large Page Support: Disabled
[2023-06-24T05:12:06.664+0000][47][info][gc,init] NUMA Support: Disabled
[2023-06-24T05:12:06.664+0000][47][info][gc,init] Compressed Oops: Enabled (32-bit)
[2023-06-24T05:12:06.664+0000][47][info][gc,init] Heap Region Size: 1M
[2023-06-24T05:12:06.665+0000][47][info][gc,init] Heap Min Capacity: 1G
[2023-06-24T05:12:06.665+0000][47][info][gc,init] Heap Initial Capacity: 1G
[2023-06-24T05:12:06.665+0000][47][info][gc,init] Heap Max Capacity: 1G
[2023-06-24T05:12:06.666+0000][47][info][gc,init] Pre-touch: Disabled
[2023-06-24T05:12:06.666+0000][47][info][gc,init] Parallel Workers: 5
[2023-06-24T05:12:06.666+0000][47][info][gc,init] Concurrent Workers: 1
[2023-06-24T05:12:06.667+0000][47][info][gc,init] Concurrent Refinement Workers: 5
[2023-06-24T05:12:06.667+0000][47][info][gc,init] Periodic GC: Disabled
[2023-06-24T05:12:06.668+0000][47][info][gc,metaspace] CDS archive(s) mapped at: [0x0000000800000000-0x0000000800c80000-0x0000000800c80000), size 13107200, SharedBaseAddress: 0x0000000800000000, ArchiveRelocationMode: 0.
[2023-06-24T05:12:06.668+0000][47][info][gc,metaspace] Compressed class space mapped at: 0x0000000801000000-0x0000000841000000, reserved size: 1073741824
[2023-06-24T05:12:06.668+0000][47][info][gc,metaspace] Narrow klass base: 0x0000000800000000, Narrow klass shift: 0, Narrow klass range: 0x100000000
[2023-06-24T05:12:06.693+0000][47][info][gc,heap,exit] Heap
[2023-06-24T05:12:06.694+0000][47][info][gc,heap,exit]  garbage-first heap   total 1048576K, used 2114K [0x00000000c0000000, 0x0000000100000000)
[2023-06-24T05:12:06.694+0000][47][info][gc,heap,exit]   region size 1024K, 2 young (2048K), 0 survivors (0K)
[2023-06-24T05:12:06.694+0000][47][info][gc,heap,exit]  Metaspace       used 46K, committed 128K, reserved 1114112K
[2023-06-24T05:12:06.695+0000][47][info][gc,heap,exit]   class space    used 1K, committed 64K, reserved 1048576K
